Archive member included because of file (symbol)

/Users/frehnerp/Documents/eclipse/ws/Arduino/ArduinoCore/328P_16MHz/libArduinoCore.a(HardwareSerial.o)
                              ./arduinolib/src/File.o (Serial)
/Users/frehnerp/Documents/eclipse/ws/Arduino/ArduinoCore/328P_16MHz/libArduinoCore.a(IPAddress.o)
                              ./arduinolib/src/Dhcp.o (vtable for IPAddress)
/Users/frehnerp/Documents/eclipse/ws/Arduino/ArduinoCore/328P_16MHz/libArduinoCore.a(Print.o)
                              ./arduinolib/src/EthernetClient.o (Print::write(unsigned char const*, unsigned int))
/Users/frehnerp/Documents/eclipse/ws/Arduino/ArduinoCore/328P_16MHz/libArduinoCore.a(WMath.o)
                              ./arduinolib/src/Servo.o (map(long, long, long, long, long))
/Users/frehnerp/Documents/eclipse/ws/Arduino/ArduinoCore/328P_16MHz/libArduinoCore.a(WString.o)
                              /Users/frehnerp/Documents/eclipse/ws/Arduino/ArduinoCore/328P_16MHz/libArduinoCore.a(Print.o) (String::operator[](unsigned int) const)
/Users/frehnerp/Documents/eclipse/ws/Arduino/ArduinoCore/328P_16MHz/libArduinoCore.a(main.o)
                              /usr/local/CrossPack-AVR-20100115/lib/gcc/avr/4.3.3/../../../../avr/lib/avr5/crtm328p.o (main)
/Users/frehnerp/Documents/eclipse/ws/Arduino/ArduinoCore/328P_16MHz/libArduinoCore.a(new.o)
                              ./arduinolib/src/Dhcp.o (__cxa_pure_virtual)
/Users/frehnerp/Documents/eclipse/ws/Arduino/ArduinoCore/328P_16MHz/libArduinoCore.a(wiring.o)
                              ./arduinolib/src/Dhcp.o (millis)
/Users/frehnerp/Documents/eclipse/ws/Arduino/ArduinoCore/328P_16MHz/libArduinoCore.a(wiring_digital.o)
                              ./src/scretch.o (pinMode)
/usr/local/CrossPack-AVR-20100115/lib/gcc/avr/4.3.3/../../../../avr/lib/avr5/libm.a(addsf3.o)
                              /Users/frehnerp/Documents/eclipse/ws/Arduino/ArduinoCore/328P_16MHz/libArduinoCore.a(Print.o) (__subsf3)
/usr/local/CrossPack-AVR-20100115/lib/gcc/avr/4.3.3/../../../../avr/lib/avr5/libm.a(addsf3x.o)
                              /usr/local/CrossPack-AVR-20100115/lib/gcc/avr/4.3.3/../../../../avr/lib/avr5/libm.a(addsf3.o) (__addsf3x)
/usr/local/CrossPack-AVR-20100115/lib/gcc/avr/4.3.3/../../../../avr/lib/avr5/libm.a(cmpsf2.o)
                              /Users/frehnerp/Documents/eclipse/ws/Arduino/ArduinoCore/328P_16MHz/libArduinoCore.a(Print.o) (__ltsf2)
/usr/local/CrossPack-AVR-20100115/lib/gcc/avr/4.3.3/../../../../avr/lib/avr5/libm.a(divsf3.o)
                              /Users/frehnerp/Documents/eclipse/ws/Arduino/ArduinoCore/328P_16MHz/libArduinoCore.a(Print.o) (__divsf3)
/usr/local/CrossPack-AVR-20100115/lib/gcc/avr/4.3.3/../../../../avr/lib/avr5/libm.a(divsf3x.o)
                              /usr/local/CrossPack-AVR-20100115/lib/gcc/avr/4.3.3/../../../../avr/lib/avr5/libm.a(divsf3.o) (__divsf3x)
/usr/local/CrossPack-AVR-20100115/lib/gcc/avr/4.3.3/../../../../avr/lib/avr5/libm.a(fixsfsi.o)
                              /Users/frehnerp/Documents/eclipse/ws/Arduino/ArduinoCore/328P_16MHz/libArduinoCore.a(Print.o) (__fixsfsi)
/usr/local/CrossPack-AVR-20100115/lib/gcc/avr/4.3.3/../../../../avr/lib/avr5/libm.a(fixunssfsi.o)
                              /Users/frehnerp/Documents/eclipse/ws/Arduino/ArduinoCore/328P_16MHz/libArduinoCore.a(Print.o) (__fixunssfsi)
/usr/local/CrossPack-AVR-20100115/lib/gcc/avr/4.3.3/../../../../avr/lib/avr5/libm.a(floatsisf.o)
                              /Users/frehnerp/Documents/eclipse/ws/Arduino/ArduinoCore/328P_16MHz/libArduinoCore.a(Print.o) (__floatunsisf)
/usr/local/CrossPack-AVR-20100115/lib/gcc/avr/4.3.3/../../../../avr/lib/avr5/libm.a(fp_cmp.o)
                              /usr/local/CrossPack-AVR-20100115/lib/gcc/avr/4.3.3/../../../../avr/lib/avr5/libm.a(cmpsf2.o) (__fp_cmp)
/usr/local/CrossPack-AVR-20100115/lib/gcc/avr/4.3.3/../../../../avr/lib/avr5/libm.a(fp_inf.o)
                              /usr/local/CrossPack-AVR-20100115/lib/gcc/avr/4.3.3/../../../../avr/lib/avr5/libm.a(addsf3x.o) (__fp_inf)
/usr/local/CrossPack-AVR-20100115/lib/gcc/avr/4.3.3/../../../../avr/lib/avr5/libm.a(fp_nan.o)
                              /usr/local/CrossPack-AVR-20100115/lib/gcc/avr/4.3.3/../../../../avr/lib/avr5/libm.a(addsf3x.o) (__fp_nan)
/usr/local/CrossPack-AVR-20100115/lib/gcc/avr/4.3.3/../../../../avr/lib/avr5/libm.a(fp_pscA.o)
                              /usr/local/CrossPack-AVR-20100115/lib/gcc/avr/4.3.3/../../../../avr/lib/avr5/libm.a(addsf3x.o) (__fp_pscA)
/usr/local/CrossPack-AVR-20100115/lib/gcc/avr/4.3.3/../../../../avr/lib/avr5/libm.a(fp_pscB.o)
                              /usr/local/CrossPack-AVR-20100115/lib/gcc/avr/4.3.3/../../../../avr/lib/avr5/libm.a(addsf3x.o) (__fp_pscB)
/usr/local/CrossPack-AVR-20100115/lib/gcc/avr/4.3.3/../../../../avr/lib/avr5/libm.a(fp_round.o)
                              /usr/local/CrossPack-AVR-20100115/lib/gcc/avr/4.3.3/../../../../avr/lib/avr5/libm.a(addsf3.o) (__fp_round)
[...]
Memory Configuration

Name             Origin             Length             Attributes
text             0x00000000         0x00020000         xr
data             0x00800060         0x0000ffa0         rw !x
eeprom           0x00810000         0x00010000         rw !x
fuse             0x00820000         0x00000400         rw !x
lock             0x00830000         0x00000400         rw !x
signature        0x00840000         0x00000400         rw !x
*default*        0x00000000         0xffffffff

Linker script and memory map

Address of section .data set to 0x800100
LOAD /usr/local/CrossPack-AVR-20100115/lib/gcc/avr/4.3.3/../../../../avr/lib/avr5/crtm328p.o
LOAD ./src/scretch.o
LOAD ./arduinolib/src/Dhcp.o
LOAD ./arduinolib/src/Dns.o
LOAD ./arduinolib/src/EEPROM.o
LOAD ./arduinolib/src/Ethernet.o
LOAD ./arduinolib/src/EthernetClient.o
LOAD ./arduinolib/src/EthernetServer.o
LOAD ./arduinolib/src/EthernetUdp.o
LOAD ./arduinolib/src/File.o
LOAD ./arduinolib/src/Firmata.o
LOAD ./arduinolib/src/LiquidCrystal.o
LOAD ./arduinolib/src/SD.o
LOAD ./arduinolib/src/SPI.o
LOAD ./arduinolib/src/Sd2Card.o
LOAD ./arduinolib/src/SdFile.o
LOAD ./arduinolib/src/SdVolume.o
LOAD ./arduinolib/src/Servo.o
LOAD ./arduinolib/src/SoftwareSerial.o
LOAD ./arduinolib/src/Stepper.o
LOAD ./arduinolib/src/Wire.o
LOAD ./arduinolib/src/socket.o
LOAD ./arduinolib/src/twi.o
LOAD ./arduinolib/src/w5100.o
LOAD /Users/frehnerp/Documents/eclipse/ws/Arduino/ArduinoCore/328P_16MHz/libArduinoCore.a
LOAD /usr/local/CrossPack-AVR-20100115/lib/gcc/avr/4.3.3/../../../../avr/lib/avr5/libm.a
LOAD /usr/local/CrossPack-AVR-20100115/lib/gcc/avr/4.3.3/avr5/libgcc.a
LOAD /usr/local/CrossPack-AVR-20100115/lib/gcc/avr/4.3.3/../../../../avr/lib/avr5/libm.a
LOAD /usr/local/CrossPack-AVR-20100115/lib/gcc/avr/4.3.3/avr5/libgcc.a
LOAD /usr/local/CrossPack-AVR-20100115/lib/gcc/avr/4.3.3/../../../../avr/lib/avr5/libc.a
LOAD /usr/local/CrossPack-AVR-20100115/lib/gcc/avr/4.3.3/avr5/libgcc.a

.hash
 *(.hash)

.dynsym
 *(.dynsym)

.dynstr
 *(.dynstr)

.gnu.version
 *(.gnu.version)

.gnu.version_d
 *(.gnu.version_d)

.gnu.version_r
 *(.gnu.version_r)

.rel.init
 *(.rel.init)

.rela.init
 *(.rela.init)

.rel.text
 *(.rel.text)
 *(.rel.text.*)
 *(.rel.gnu.linkonce.t*)

.rela.text
 *(.rela.text)
 *(.rela.text.*)
 *(.rela.gnu.linkonce.t*)

.rel.fini
 *(.rel.fini)

.rela.fini
 *(.rela.fini)

.rel.rodata
 *(.rel.rodata)
 *(.rel.rodata.*)
 *(.rel.gnu.linkonce.r*)

.rela.rodata
 *(.rela.rodata)
 *(.rela.rodata.*)
 *(.rela.gnu.linkonce.r*)

.rel.data
 *(.rel.data)
 *(.rel.data.*)
 *(.rel.gnu.linkonce.d*)

.rela.data
 *(.rela.data)
 *(.rela.data.*)
 *(.rela.gnu.linkonce.d*)

.rel.ctors
 *(.rel.ctors)

.rela.ctors
 *(.rela.ctors)

.rel.dtors
 *(.rel.dtors)

.rela.dtors
 *(.rela.dtors)

.rel.got
 *(.rel.got)

.rela.got
 *(.rela.got)

.rel.bss
 *(.rel.bss)

.rela.bss
 *(.rela.bss)

.rel.plt
 *(.rel.plt)

.rela.plt
 *(.rela.plt)

.text           0x00000000     0x3940
 *(.vectors)
 .vectors       0x00000000       0x68 /usr/local/CrossPack-AVR-20100115/lib/gcc/avr/4.3.3/../../../../avr/lib/avr5/crtm328p.o
                0x00000000                __vectors
                0x00000000                __vector_default
 *(.vectors)
 *(.progmem.gcc*)
 *(.progmem*)
 .progmem.data  0x00000068       0x5a /Users/frehnerp/Documents/eclipse/ws/Arduino/ArduinoCore/328P_16MHz/libArduinoCore.a(wiring_digital.o)
                0x00000068                port_to_mode_PGM
                0x00000086                digital_pin_to_port_PGM
                0x0000009a                digital_pin_to_bit_mask_PGM
                0x00000072                port_to_output_PGM
                0x0000007c                port_to_input_PGM
                0x000000ae                digital_pin_to_timer_PGM
                0x000000c2                . = ALIGN (0x2)
                0x000000c2                __trampolines_start = .
 *(.trampolines)
 .trampolines   0x000000c2        0x0 linker stubs
 *(.trampolines*)
                0x000000c2                __trampolines_end = .
 *(.jumptables)
 *(.jumptables*)
 *(.lowtext)
 *(.lowtext*)
                0x000000c2                __ctors_start = .
 *(.ctors)
 .ctors         0x000000c2        0x2 ./arduinolib/src/Dhcp.o
 .ctors         0x000000c4        0x2 ./arduinolib/src/Dns.o
 .ctors         0x000000c6        0x2 ./arduinolib/src/Ethernet.o
 .ctors         0x000000c8        0x2 ./arduinolib/src/EthernetClient.o
 .ctors         0x000000ca        0x2 ./arduinolib/src/EthernetServer.o
 .ctors         0x000000cc        0x2 ./arduinolib/src/EthernetUdp.o
 .ctors         0x000000ce        0x2 ./arduinolib/src/Firmata.o
 .ctors         0x000000d0        0x2 ./arduinolib/src/SD.o
 .ctors         0x000000d2        0x2 ./arduinolib/src/Wire.o
 .ctors         0x000000d4        0x2 /Users/frehnerp/Documents/eclipse/ws/Arduino/ArduinoCore/328P_16MHz/libArduinoCore.a(HardwareSerial.o)
 .ctors         0x000000d6        0x2 /Users/frehnerp/Documents/eclipse/ws/Arduino/ArduinoCore/328P_16MHz/libArduinoCore.a(IPAddress.o)
                0x000000d8                __ctors_end = .
                0x000000d8                __dtors_start = .
 *(.dtors)
                0x000000d8                __dtors_end = .
 SORT(*)(.ctors)
 SORT(*)(.dtors)
 *(.init0)
 .init0         0x000000d8        0x0 /usr/local/CrossPack-AVR-20100115/lib/gcc/avr/4.3.3/../../../../avr/lib/avr5/crtm328p.o
                0x000000d8                __init
 *(.init0)
 *(.init1)
 *(.init1)
 *(.init2)
 .init2         0x000000d8        0xc /usr/local/CrossPack-AVR-20100115/lib/gcc/avr/4.3.3/../../../../avr/lib/avr5/crtm328p.o
 *(.init2)
 *(.init3)
 *(.init3)
 *(.init4)
 .init4         0x000000e4       0x16 /usr/local/CrossPack-AVR-20100115/lib/gcc/avr/4.3.3/avr5/libgcc.a(_copy_data.o)
                0x000000e4                __do_copy_data
 .init4         0x000000fa       0x10 /usr/local/CrossPack-AVR-20100115/lib/gcc/avr/4.3.3/avr5/libgcc.a(_clear_bss.o)
                0x000000fa                __do_clear_bss
 *(.init4)
 *(.init5)
 *(.init5)
 *(.init6)
 .init6         0x0000010a       0x16 /usr/local/CrossPack-AVR-20100115/lib/gcc/avr/4.3.3/avr5/libgcc.a(_ctors.o)
                0x0000010a                __do_global_ctors
 *(.init6)
 *(.init7)
 *(.init7)
 *(.init8)
 *(.init8)
 *(.init9)
 .init9         0x00000120        0x8 /usr/local/CrossPack-AVR-20100115/lib/gcc/avr/4.3.3/../../../../avr/lib/avr5/crtm328p.o
 *(.init9)
 *(.text)
 .text          0x00000128        0x4 /usr/local/CrossPack-AVR-20100115/lib/gcc/avr/4.3.3/../../../../avr/lib/avr5/crtm328p.o
                0x00000128                __vector_22
                0x00000128                __vector_1
                0x00000128                __vector_12
                0x00000128                __bad_interrupt
                0x00000128                __vector_6
                0x00000128                __vector_23
                0x00000128                __vector_25
                0x00000128                __vector_13
                0x00000128                __vector_17
                0x00000128                __vector_7
                0x00000128                __vector_9
                0x00000128                __vector_2
                0x00000128                __vector_21
                0x00000128                __vector_15
                0x00000128                __vector_8
                0x00000128                __vector_14
                0x00000128                __vector_10
                0x00000128                __vector_20
                0x0000012c                . = ALIGN (0x2)
 *(.text.*)
 .text.loop     0x0000012c       0x36 ./src/scretch.o
                0x0000012c                loop
 .text.setup    0x00000162       0x16 ./src/scretch.o
                0x00000162                setup
 .text._Z41__static_initialization_and_destruction_0ii
                0x00000178       0x4c ./arduinolib/src/Dhcp.o
 .text._GLOBAL__I__ZN9DhcpClass13beginWithDHCPEPhmm
                0x000001c4       0x1a ./arduinolib/src/Dhcp.o
 .text._Z41__static_initialization_and_destruction_0ii
                0x000001de       0x4c ./arduinolib/src/Dns.o
 .text._GLOBAL__I__ZN9DNSClient5beginERK9IPAddress
                0x0000022a       0x1a ./arduinolib/src/Dns.o
 .text._ZN13EthernetClassC1Ev
                0x00000244       0x20 ./arduinolib/src/Ethernet.o
                0x00000244                EthernetClass::EthernetClass()
 .text._Z41__static_initialization_and_destruction_0ii
                0x00000264       0x54 ./arduinolib/src/Ethernet.o
 .text._GLOBAL__I__ZN13EthernetClass6_stateE
                0x000002b8       0x1a ./arduinolib/src/Ethernet.o
 .text._ZN5Print13setWriteErrorEi
                0x000002d2       0x2e ./arduinolib/src/EthernetClient.o
                0x000002d2                Print::setWriteError(int)
 .text._ZN5PrintC2Ev
                0x00000300       0x2c ./arduinolib/src/EthernetClient.o
                0x00000300                Print::Print()
 .text._ZN6StreamC2Ev
                0x0000032c       0x40 ./arduinolib/src/EthernetClient.o
                0x0000032c                Stream::Stream()
 .text._Z41__static_initialization_and_destruction_0ii
                0x0000036c       0x4c ./arduinolib/src/EthernetClient.o
 .text._GLOBAL__I__ZN14EthernetClient8_srcportE
                0x000003b8       0x1a ./arduinolib/src/EthernetClient.o
 .text._Z41__static_initialization_and_destruction_0ii
                0x000003d2       0x4c ./arduinolib/src/EthernetServer.o
 .text._GLOBAL__I__ZN14EthernetServerC2Ej
                0x0000041e       0x1a ./arduinolib/src/EthernetServer.o
 .text._Z41__static_initialization_and_destruction_0ii
                0x00000438       0x4c ./arduinolib/src/EthernetUdp.o
 .text._GLOBAL__I__ZN11EthernetUDPC2Ev
                0x00000484       0x1a ./arduinolib/src/EthernetUdp.o
 .text._ZNK6SdFile5isDirEv
                0x0000049e       0x2e ./arduinolib/src/File.o
                0x0000049e                SdFile::isDir() const
 .text._ZNK6SdFile6isOpenEv
                0x000004cc       0x30 ./arduinolib/src/File.o
                0x000004cc                SdFile::isOpen() const
 .text._ZN12FirmataClass11systemResetEv
                0x000004fc       0x78 ./arduinolib/src/Firmata.o
                0x000004fc                FirmataClass::systemReset()
 .text._ZN12FirmataClassC1ER6Stream
                0x00000574       0x3c ./arduinolib/src/Firmata.o
                0x00000574                FirmataClass::FirmataClass(Stream&)
 .text._Z41__static_initialization_and_destruction_0ii
                0x000005b0       0x46 ./arduinolib/src/Firmata.o
 .text._GLOBAL__I__ZN12FirmataClass23sendValueAsTwo7bitBytesEi
                0x000005f6       0x1a ./arduinolib/src/Firmata.o
 .text._ZN7Sd2CardC1Ev
                0x00000610       0x30 ./arduinolib/src/SD.o
                0x00000610                Sd2Card::Sd2Card()
 .text._ZN6SdFileC1Ev
                0x00000640       0x32 ./arduinolib/src/SD.o
                0x00000640                SdFile::SdFile()
 .text._ZN8SdVolumeC1Ev
                0x00000672       0x32 ./arduinolib/src/SD.o
                0x00000672                SdVolume::SdVolume()
 .text._ZN7SDClassC1Ev
                0x000006a4       0x34 ./arduinolib/src/SD.o
                0x000006a4                SDClass::SDClass()
 .text._Z41__static_initialization_and_destruction_0ii
                0x000006d8       0x40 ./arduinolib/src/SD.o
 .text._GLOBAL__I__Z20getNextPathComponentPcPjS_
                0x00000718       0x1a ./arduinolib/src/SD.o
 .text._ZNK7Sd2Card4typeEv
                0x00000732       0x1e ./arduinolib/src/Sd2Card.o
                0x00000732                Sd2Card::type() const
 .text._ZN7Sd2Card5errorEh
                0x00000750       0x26 ./arduinolib/src/Sd2Card.o
                0x00000750                Sd2Card::error(unsigned char)
 .text._ZL7spiSendh
                0x00000776       0x34 ./arduinolib/src/Sd2Card.o
 .text._ZL6spiRecv
                0x000007aa       0x1a ./arduinolib/src/Sd2Card.o
 .text._ZN7Sd2Card11waitNotBusyEj
                0x000007c4       0x80 ./arduinolib/src/Sd2Card.o
                0x000007c4                Sd2Card::waitNotBusy(unsigned int)
 .text._ZN7Sd2Card13chipSelectLowEv
                0x00000844       0x24 ./arduinolib/src/Sd2Card.o
                0x00000844                Sd2Card::chipSelectLow()
 .text._ZN7Sd2Card14chipSelectHighEv
                0x00000868       0x24 ./arduinolib/src/Sd2Card.o
                0x00000868                Sd2Card::chipSelectHigh()
 .text._ZN7Sd2Card9writeDataEhPKh
                0x0000088c      0x10e ./arduinolib/src/Sd2Card.o
                0x0000088c                Sd2Card::writeData(unsigned char, unsigned char const*)
 .text._ZN7Sd2Card14waitStartBlockEv
                0x0000099a       0xb6 ./arduinolib/src/Sd2Card.o
                0x0000099a                Sd2Card::waitStartBlock()
 .text._ZN7Sd2Card7readEndEv
                0x00000a50       0xb4 ./arduinolib/src/Sd2Card.o
                0x00000a50                Sd2Card::readEnd()
 .text._ZN7Sd2Card11cardCommandEhm
                0x00000b04       0xe4 ./arduinolib/src/Sd2Card.o
                0x00000b04                Sd2Card::cardCommand(unsigned char, unsigned long)
 .text._ZN7Sd2Card10writeBlockEmPKh
                0x00000be8      0x156 ./arduinolib/src/Sd2Card.o
                0x00000be8                Sd2Card::writeBlock(unsigned long, unsigned char const*)
 .text._ZN7Sd2Card8readDataEmjjPh
                0x00000d3e      0x276 ./arduinolib/src/Sd2Card.o
                0x00000d3e                Sd2Card::readData(unsigned long, unsigned int, unsigned int, unsigned char*)
 .text._ZN7Sd2Card9readBlockEmPh
                0x00000fb4       0x68 ./arduinolib/src/Sd2Card.o
                0x00000fb4                Sd2Card::readBlock(unsigned long, unsigned char*)
 .text._ZNK6SdFile6isFileEv
                0x0000101c       0x2e ./arduinolib/src/SdFile.o
                0x0000101c                SdFile::isFile() const
 .text._ZNK8SdVolume14blockOfClusterEm
                0x0000104a       0x52 ./arduinolib/src/SdFile.o
                0x0000104a                SdVolume::blockOfCluster(unsigned long) const
 .text._ZNK8SdVolume17clusterStartBlockEm
                0x0000109c       0x98 ./arduinolib/src/SdFile.o
                0x0000109c                SdVolume::clusterStartBlock(unsigned long) const
 .text._ZN8SdVolume13cacheSetDirtyEv
                0x00001134       0x18 ./arduinolib/src/SdFile.o
                0x00001134                SdVolume::cacheSetDirty()
 .text._ZNK8SdVolume5isEOCEm
                0x0000114c       0x80 ./arduinolib/src/SdFile.o
                0x0000114c                SdVolume::isEOC(unsigned long) const
 .text._ZN6SdFile7seekSetEm
                0x000011cc      0x24e ./arduinolib/src/SdFile.o
                0x000011cc                SdFile::seekSet(unsigned long)
 .text._ZN6SdFile7seekEndEv
                0x0000141a       0x30 ./arduinolib/src/SdFile.o
                0x0000141a                SdFile::seekEnd()
 .text._ZN6SdFile13cacheDirEntryEh
                0x0000144a       0x7a ./arduinolib/src/SdFile.o
                0x0000144a                SdFile::cacheDirEntry(unsigned char)
 .text._ZN6SdFile4syncEv
                0x000014c4      0x11e ./arduinolib/src/SdFile.o
                0x000014c4                SdFile::sync()
 .text._ZN8SdVolume10writeBlockEmPKh
                0x000015e2       0x54 ./arduinolib/src/SdFile.o
                0x000015e2                SdVolume::writeBlock(unsigned long, unsigned char const*)
 .text._ZN8SdVolume9fatPutEOCEm
                0x00001636       0x50 ./arduinolib/src/SdFile.o
                0x00001636                SdVolume::fatPutEOC(unsigned long)
 .text._ZN6SdFile10addClusterEv
                0x00001686       0x92 ./arduinolib/src/SdFile.o
                0x00001686                SdFile::addCluster()
 .text._ZN6SdFile5writeEPKvj
                0x00001718      0x4a8 ./arduinolib/src/SdFile.o
                0x00001718                SdFile::write(void const*, unsigned int)
 .text._ZN6SdFile5writeEh
                0x00001bc0       0x32 ./arduinolib/src/SdFile.o
                0x00001bc0                SdFile::write(unsigned char)
 .text._ZN8SdVolume10cacheFlushEv
                0x00001bf2       0xc8 ./arduinolib/src/SdVolume.o
                0x00001bf2                SdVolume::cacheFlush()
 .text._ZN8SdVolume13cacheRawBlockEmh
                0x00001cba       0xc6 ./arduinolib/src/SdVolume.o
                0x00001cba                SdVolume::cacheRawBlock(unsigned long, unsigned char)
 .text._ZN8SdVolume6fatPutEmm
                0x00001d80      0x1e4 ./arduinolib/src/SdVolume.o
                0x00001d80                SdVolume::fatPut(unsigned long, unsigned long)
 .text._ZNK8SdVolume6fatGetEmPm
                0x00001f64      0x19c ./arduinolib/src/SdVolume.o
                0x00001f64                SdVolume::fatGet(unsigned long, unsigned long*) const
 .text._ZN8SdVolume15allocContiguousEmPm
                0x00002100      0x302 ./arduinolib/src/SdVolume.o
                0x00002100                SdVolume::allocContiguous(unsigned long, unsigned long*)
 .text._ZL17handle_interrupts18timer16_Sequence_tPVjS1_
                0x00002402      0x2f0 ./arduinolib/src/Servo.o
 .text.__vector_11
                0x000026f2       0x60 ./arduinolib/src/Servo.o
                0x000026f2                __vector_11
 .text._Z10DebugPulsehh
                0x00002752       0x18 ./arduinolib/src/SoftwareSerial.o
                0x00002752                DebugPulse(unsigned char, unsigned char)
 .text._ZN14SoftwareSerial10tunedDelayEj
                0x0000276a       0x34 ./arduinolib/src/SoftwareSerial.o
                0x0000276a                SoftwareSerial::tunedDelay(unsigned int)
 .text._ZN14SoftwareSerial11rx_pin_readEv
                0x0000279e       0x2c ./arduinolib/src/SoftwareSerial.o
                0x0000279e                SoftwareSerial::rx_pin_read()
 .text._ZN14SoftwareSerial4recvEv
                0x000027ca      0x164 ./arduinolib/src/SoftwareSerial.o
                0x000027ca                SoftwareSerial::recv()
 .text._ZN14SoftwareSerial16handle_interruptEv
                0x0000292e       0x26 ./arduinolib/src/SoftwareSerial.o
                0x0000292e                SoftwareSerial::handle_interrupt()
 .text.__vector_3
                0x00002954       0x54 ./arduinolib/src/SoftwareSerial.o
                0x00002954                __vector_3
 .text.__vector_4
                0x000029a8       0x54 ./arduinolib/src/SoftwareSerial.o
                0x000029a8                __vector_4
 .text.__vector_5
                0x000029fc       0x54 ./arduinolib/src/SoftwareSerial.o
                0x000029fc                __vector_5
 .text._ZN7TwoWireC1Ev
                0x00002a50       0x2c ./arduinolib/src/Wire.o
                0x00002a50                TwoWire::TwoWire()
 .text._ZN7TwoWire9availableEv
                0x00002a7c       0x30 ./arduinolib/src/Wire.o
                0x00002a7c                TwoWire::available()
 .text._ZN7TwoWire4readEv
                0x00002aac       0x58 ./arduinolib/src/Wire.o
                0x00002aac                TwoWire::read()
 .text._ZN7TwoWire4peekEv
                0x00002b04       0x4e ./arduinolib/src/Wire.o
                0x00002b04                TwoWire::peek()
 .text._ZN7TwoWire5flushEv
                0x00002b52       0x18 ./arduinolib/src/Wire.o
                0x00002b52                TwoWire::flush()
 .text._Z41__static_initialization_and_destruction_0ii
                0x00002b6a       0x40 ./arduinolib/src/Wire.o
 .text._GLOBAL__I__ZN7TwoWire8rxBufferE
                0x00002baa       0x1a ./arduinolib/src/Wire.o
 .text._ZN7TwoWire5writeEPKhj
                0x00002bc4       0x92 ./arduinolib/src/Wire.o
                0x00002bc4                TwoWire::write(unsigned char const*, unsigned int)
 .text._ZN7TwoWire5writeEh
                0x00002c56       0x82 ./arduinolib/src/Wire.o
                0x00002c56                TwoWire::write(unsigned char)
 .text.twi_transmit
                0x00002cd8       0x36 ./arduinolib/src/twi.o
                0x00002cd8                twi_transmit
 .text.__vector_24
                0x00002d0e      0x2f6 ./arduinolib/src/twi.o
                0x00002d0e                __vector_24
 .text._Z11serialEventv
                0x00003004        0x2 /Users/frehnerp/Documents/eclipse/ws/Arduino/ArduinoCore/328P_16MHz/libArduinoCore.a(HardwareSerial.o)
                0x00003004                serialEvent()
 .text.__vector_18
                0x00003006       0x68 /Users/frehnerp/Documents/eclipse/ws/Arduino/ArduinoCore/328P_16MHz/libArduinoCore.a(HardwareSerial.o)
                0x00003006                __vector_18
 .text._Z14serialEventRunv
                0x0000306e       0x26 /Users/frehnerp/Documents/eclipse/ws/Arduino/ArduinoCore/328P_16MHz/libArduinoCore.a(HardwareSerial.o)
                0x0000306e                serialEventRun()
 .text.__vector_19
                0x00003094       0x92 /Users/frehnerp/Documents/eclipse/ws/Arduino/ArduinoCore/328P_16MHz/libArduinoCore.a(HardwareSerial.o)
                0x00003094                __vector_19
 .text._ZN14HardwareSerial9availableEv
                0x00003126       0x22 /Users/frehnerp/Documents/eclipse/ws/Arduino/ArduinoCore/328P_16MHz/libArduinoCore.a(HardwareSerial.o)
                0x00003126                HardwareSerial::available()
 .text._ZN14HardwareSerial4peekEv
                0x00003148       0x40 /Users/frehnerp/Documents/eclipse/ws/Arduino/ArduinoCore/328P_16MHz/libArduinoCore.a(HardwareSerial.o)
                0x00003148                HardwareSerial::peek()
 .text._ZN14HardwareSerial4readEv
                0x00003188       0x52 /Users/frehnerp/Documents/eclipse/ws/Arduino/ArduinoCore/328P_16MHz/libArduinoCore.a(HardwareSerial.o)
                0x00003188                HardwareSerial::read()
 .text._ZN14HardwareSerial5flushEv
                0x000031da       0x24 /Users/frehnerp/Documents/eclipse/ws/Arduino/ArduinoCore/328P_16MHz/libArduinoCore.a(HardwareSerial.o)
                0x000031da                HardwareSerial::flush()
 .text._ZN14HardwareSerial5writeEh
                0x000031fe       0x78 /Users/frehnerp/Documents/eclipse/ws/Arduino/ArduinoCore/328P_16MHz/libArduinoCore.a(HardwareSerial.o)
                0x000031fe                HardwareSerial::write(unsigned char)
 .text._GLOBAL__I_rx_buffer
                0x00003276       0xa0 /Users/frehnerp/Documents/eclipse/ws/Arduino/ArduinoCore/328P_16MHz/libArduinoCore.a(HardwareSerial.o)
 .text._ZN9IPAddressC1Ehhhh
                0x00003316       0x18 /Users/frehnerp/Documents/eclipse/ws/Arduino/ArduinoCore/328P_16MHz/libArduinoCore.a(IPAddress.o)
                0x00003316                IPAddress::IPAddress(unsigned char, unsigned char, unsigned char, unsigned char)
 .text._GLOBAL__I__ZN9IPAddressC2Ev
                0x0000332e       0x1e /Users/frehnerp/Documents/eclipse/ws/Arduino/ArduinoCore/328P_16MHz/libArduinoCore.a(IPAddress.o)
 .text._ZNK9IPAddress7printToER5Print
                0x0000334c       0x84 /Users/frehnerp/Documents/eclipse/ws/Arduino/ArduinoCore/328P_16MHz/libArduinoCore.a(IPAddress.o)
                0x0000334c                IPAddress::printTo(Print&) const
 .text._ZN9IPAddressC1Ev
                0x000033d0       0x14 /Users/frehnerp/Documents/eclipse/ws/Arduino/ArduinoCore/328P_16MHz/libArduinoCore.a(IPAddress.o)
                0x000033d0                IPAddress::IPAddress()
 .text._ZN5Print5writeEPKhj
                0x000033e4       0x54 /Users/frehnerp/Documents/eclipse/ws/Arduino/ArduinoCore/328P_16MHz/libArduinoCore.a(Print.o)
                0x000033e4                Print::write(unsigned char const*, unsigned int)
 .text._ZN5Print5printEc
                0x00003438       0x10 /Users/frehnerp/Documents/eclipse/ws/Arduino/ArduinoCore/328P_16MHz/libArduinoCore.a(Print.o)
                0x00003438                Print::print(char)
 .text._ZN5Print5writeEPKc
                0x00003448       0x28 /Users/frehnerp/Documents/eclipse/ws/Arduino/ArduinoCore/328P_16MHz/libArduinoCore.a(Print.o)
                0x00003448                Print::write(char const*)
 .text._ZN5Print11printNumberEmh
                0x00003470       0xc8 /Users/frehnerp/Documents/eclipse/ws/Arduino/ArduinoCore/328P_16MHz/libArduinoCore.a(Print.o)
                0x00003470                Print::printNumber(unsigned long, unsigned char)
 .text._ZN5Print5printEmi
                0x00003538       0x1e /Users/frehnerp/Documents/eclipse/ws/Arduino/ArduinoCore/328P_16MHz/libArduinoCore.a(Print.o)
                0x00003538                Print::print(unsigned long, int)
 .text._ZN5Print5printEhi
                0x00003556       0x24 /Users/frehnerp/Documents/eclipse/ws/Arduino/ArduinoCore/328P_16MHz/libArduinoCore.a(Print.o)
                0x00003556                Print::print(unsigned char, int)
 .text.main     0x0000357a       0x1e /Users/frehnerp/Documents/eclipse/ws/Arduino/ArduinoCore/328P_16MHz/libArduinoCore.a(main.o)
                0x0000357a                main
 .text.__cxa_pure_virtual
                0x00003598        0x2 /Users/frehnerp/Documents/eclipse/ws/Arduino/ArduinoCore/328P_16MHz/libArduinoCore.a(new.o)
                0x00003598                __cxa_pure_virtual
 .text.__vector_16
                0x0000359a       0x90 /Users/frehnerp/Documents/eclipse/ws/Arduino/ArduinoCore/328P_16MHz/libArduinoCore.a(wiring.o)
                0x0000359a                __vector_16
 .text.millis   0x0000362a       0x1c /Users/frehnerp/Documents/eclipse/ws/Arduino/ArduinoCore/328P_16MHz/libArduinoCore.a(wiring.o)
                0x0000362a                millis
 .text.micros   0x00003646       0x4c /Users/frehnerp/Documents/eclipse/ws/Arduino/ArduinoCore/328P_16MHz/libArduinoCore.a(wiring.o)
                0x00003646                micros
 .text.delay    0x00003692       0x4c /Users/frehnerp/Documents/eclipse/ws/Arduino/ArduinoCore/328P_16MHz/libArduinoCore.a(wiring.o)
                0x00003692                delay
 .text.init     0x000036de       0x76 /Users/frehnerp/Documents/eclipse/ws/Arduino/ArduinoCore/328P_16MHz/libArduinoCore.a(wiring.o)
                0x000036de                init
 .text.pinMode  0x00003754       0x4c /Users/frehnerp/Documents/eclipse/ws/Arduino/ArduinoCore/328P_16MHz/libArduinoCore.a(wiring_digital.o)
                0x00003754                pinMode
 .text.turnOffPWM
                0x000037a0       0x5a /Users/frehnerp/Documents/eclipse/ws/Arduino/ArduinoCore/328P_16MHz/libArduinoCore.a(wiring_digital.o)
 .text.digitalWrite
                0x000037fa       0x66 /Users/frehnerp/Documents/eclipse/ws/Arduino/ArduinoCore/328P_16MHz/libArduinoCore.a(wiring_digital.o)
                0x000037fa                digitalWrite
 .text.libgcc   0x00003860       0x3e /usr/local/CrossPack-AVR-20100115/lib/gcc/avr/4.3.3/avr5/libgcc.a(_mulsi3.o)
                0x00003860                __mulsi3
 .text.libgcc   0x0000389e       0x26 /usr/local/CrossPack-AVR-20100115/lib/gcc/avr/4.3.3/avr5/libgcc.a(_divmodhi4.o)
                0x0000389e                __divmodhi4
                0x0000389e                _div
 .text.libgcc   0x000038c4       0x44 /usr/local/CrossPack-AVR-20100115/lib/gcc/avr/4.3.3/avr5/libgcc.a(_udivmodsi4.o)
                0x000038c4                __udivmodsi4
 .text.libgcc   0x00003908       0x28 /usr/local/CrossPack-AVR-20100115/lib/gcc/avr/4.3.3/avr5/libgcc.a(_udivmodhi4.o)
                0x00003908                __udivmodhi4
 .text.libgcc   0x00003930        0xc /usr/local/CrossPack-AVR-20100115/lib/gcc/avr/4.3.3/avr5/libgcc.a(_tablejump.o)
                0x00003934                __tablejump__
                0x00003930                __tablejump2__
                0x0000393c                . = ALIGN (0x2)
 *(.fini9)
 .fini9         0x0000393c        0x0 /usr/local/CrossPack-AVR-20100115/lib/gcc/avr/4.3.3/avr5/libgcc.a(_exit.o)
                0x0000393c                exit
                0x0000393c                _exit
 *(.fini9)
 *(.fini8)
 *(.fini8)
 *(.fini7)
 *(.fini7)
 *(.fini6)
 *(.fini6)
 *(.fini5)
 *(.fini5)
 *(.fini4)
 *(.fini4)
 *(.fini3)
 *(.fini3)
 *(.fini2)
 *(.fini2)
 *(.fini1)
 *(.fini1)
 *(.fini0)
 .fini0         0x0000393c        0x4 /usr/local/CrossPack-AVR-20100115/lib/gcc/avr/4.3.3/avr5/libgcc.a(_exit.o)
 *(.fini0)
                0x00003940                _etext = .

.data           0x00800100       0x4a load address 0x00003940
                0x00800100                PROVIDE (__data_start, .)
 *(.data)
 *(.data*)
 .data._ZN8SdVolume17cacheBlockNumber_E
                0x00800100        0x4 ./arduinolib/src/SdVolume.o
                0x00800100                SdVolume::cacheBlockNumber_
 *(.rodata)
 *(.rodata*)
 .rodata._ZTV6Stream
                0x00800104       0x10 ./arduinolib/src/EthernetClient.o
                0x00800104                vtable for Stream
 .rodata._ZTV6SdFile
                0x00800114        0x8 ./arduinolib/src/SdFile.o
                0x00800114                vtable for SdFile
 .rodata._ZTV7TwoWire
                0x0080011c       0x10 ./arduinolib/src/Wire.o
                0x0080011c                vtable for TwoWire
 .rodata._ZTV14HardwareSerial
                0x0080012c       0x10 /Users/frehnerp/Documents/eclipse/ws/Arduino/ArduinoCore/328P_16MHz/libArduinoCore.a(HardwareSerial.o)
                0x0080012c                vtable for HardwareSerial
 .rodata._ZTV9IPAddress
                0x0080013c        0x6 /Users/frehnerp/Documents/eclipse/ws/Arduino/ArduinoCore/328P_16MHz/libArduinoCore.a(IPAddress.o)
                0x0080013c                vtable for IPAddress
 .rodata._ZTV5Print
                0x00800142        0x8 /Users/frehnerp/Documents/eclipse/ws/Arduino/ArduinoCore/328P_16MHz/libArduinoCore.a(Print.o)
                0x00800142                vtable for Print
 *(.gnu.linkonce.d*)
                0x0080014a                . = ALIGN (0x2)
                0x0080014a                _edata = .
                0x0080014a                PROVIDE (__data_end, .)

.bss            0x0080014a      0x494
                0x0080014a                PROVIDE (__bss_start, .)
 *(.bss)
 *(.bss*)
 .bss._ZL11INADDR_NONE
                0x0080014a        0x6 ./arduinolib/src/Dhcp.o
 .bss._ZL11INADDR_NONE
                0x00800150        0x6 ./arduinolib/src/Dns.o
 .bss.Ethernet  0x00800156        0x6 ./arduinolib/src/Ethernet.o
                0x00800156                Ethernet
 .bss._ZL11INADDR_NONE
                0x0080015c        0x6 ./arduinolib/src/Ethernet.o
 .bss._ZL11INADDR_NONE
                0x00800162        0x6 ./arduinolib/src/EthernetClient.o
 .bss._ZL11INADDR_NONE
                0x00800168        0x6 ./arduinolib/src/EthernetServer.o
 .bss._ZL11INADDR_NONE
                0x0080016e        0x6 ./arduinolib/src/EthernetUdp.o
 .bss.Firmata   0x00800174       0x3b ./arduinolib/src/Firmata.o
                0x00800174                Firmata
 .bss.SD        0x008001af       0x49 ./arduinolib/src/SD.o
                0x008001af                SD
 .bss._ZN6SdFile9dateTime_E
                0x008001f8        0x2 ./arduinolib/src/SdFile.o
                0x008001f8                SdFile::dateTime_
 .bss._ZN8SdVolume12cacheBuffer_E
                0x008001fa      0x200 ./arduinolib/src/SdVolume.o
                0x008001fa                SdVolume::cacheBuffer_
 .bss._ZN8SdVolume7sdCard_E
                0x008003fa        0x2 ./arduinolib/src/SdVolume.o
                0x008003fa                SdVolume::sdCard_
 .bss._ZN8SdVolume11cacheDirty_E
                0x008003fc        0x1 ./arduinolib/src/SdVolume.o
                0x008003fc                SdVolume::cacheDirty_
 .bss._ZN8SdVolume17cacheMirrorBlock_E
                0x008003fd        0x4 ./arduinolib/src/SdVolume.o
                0x008003fd                SdVolume::cacheMirrorBlock_
 .bss.ServoCount
                0x00800401        0x1 ./arduinolib/src/Servo.o
                0x00800401                ServoCount
 .bss._ZL6servos
                0x00800402       0x24 ./arduinolib/src/Servo.o
 .bss._ZL7Channel
                0x00800426        0x1 ./arduinolib/src/Servo.o
 .bss._ZN14SoftwareSerial13active_objectE
                0x00800427        0x2 ./arduinolib/src/SoftwareSerial.o
                0x00800427                SoftwareSerial::active_object
 .bss._ZN14SoftwareSerial15_receive_bufferE
                0x00800429       0x40 ./arduinolib/src/SoftwareSerial.o
                0x00800429                SoftwareSerial::_receive_buffer
 .bss._ZN14SoftwareSerial20_receive_buffer_tailE
                0x00800469        0x1 ./arduinolib/src/SoftwareSerial.o
                0x00800469                SoftwareSerial::_receive_buffer_tail
 .bss._ZN14SoftwareSerial20_receive_buffer_headE
                0x0080046a        0x1 ./arduinolib/src/SoftwareSerial.o
                0x0080046a                SoftwareSerial::_receive_buffer_head
 .bss._ZN7TwoWire8rxBufferE
                0x0080046b       0x20 ./arduinolib/src/Wire.o
                0x0080046b                TwoWire::rxBuffer
 .bss._ZN7TwoWire13rxBufferIndexE
                0x0080048b        0x1 ./arduinolib/src/Wire.o
                0x0080048b                TwoWire::rxBufferIndex
 .bss._ZN7TwoWire14rxBufferLengthE
                0x0080048c        0x1 ./arduinolib/src/Wire.o
                0x0080048c                TwoWire::rxBufferLength
 .bss._ZN7TwoWire8txBufferE
                0x0080048d       0x20 ./arduinolib/src/Wire.o
                0x0080048d                TwoWire::txBuffer
 .bss._ZN7TwoWire13txBufferIndexE
                0x008004ad        0x1 ./arduinolib/src/Wire.o
                0x008004ad                TwoWire::txBufferIndex
 .bss._ZN7TwoWire14txBufferLengthE
                0x008004ae        0x1 ./arduinolib/src/Wire.o
                0x008004ae                TwoWire::txBufferLength
 .bss._ZN7TwoWire12transmittingE
                0x008004af        0x1 ./arduinolib/src/Wire.o
                0x008004af                TwoWire::transmitting
 .bss.Wire      0x008004b0        0xc ./arduinolib/src/Wire.o
                0x008004b0                Wire
 .bss.twi_state
                0x008004bc        0x1 ./arduinolib/src/twi.o
 .bss.twi_slarw
                0x008004bd        0x1 ./arduinolib/src/twi.o
 .bss.twi_onSlaveTransmit
                0x008004be        0x2 ./arduinolib/src/twi.o
 .bss.twi_onSlaveReceive
                0x008004c0        0x2 ./arduinolib/src/twi.o
 .bss.twi_masterBuffer
                0x008004c2       0x20 ./arduinolib/src/twi.o
 .bss.twi_masterBufferIndex
                0x008004e2        0x1 ./arduinolib/src/twi.o
 .bss.twi_masterBufferLength
                0x008004e3        0x1 ./arduinolib/src/twi.o
 .bss.twi_txBuffer
                0x008004e4       0x20 ./arduinolib/src/twi.o
 .bss.twi_txBufferIndex
                0x00800504        0x1 ./arduinolib/src/twi.o
 .bss.twi_txBufferLength
                0x00800505        0x1 ./arduinolib/src/twi.o
 .bss.twi_rxBuffer
                0x00800506       0x20 ./arduinolib/src/twi.o
 .bss.twi_rxBufferIndex
                0x00800526        0x1 ./arduinolib/src/twi.o
 .bss.twi_error
                0x00800527        0x1 ./arduinolib/src/twi.o
 .bss.rx_buffer
                0x00800528       0x44 /Users/frehnerp/Documents/eclipse/ws/Arduino/ArduinoCore/328P_16MHz/libArduinoCore.a(HardwareSerial.o)
                0x00800528                rx_buffer
 .bss.tx_buffer
                0x0080056c       0x44 /Users/frehnerp/Documents/eclipse/ws/Arduino/ArduinoCore/328P_16MHz/libArduinoCore.a(HardwareSerial.o)
                0x0080056c                tx_buffer
 .bss.Serial    0x008005b0       0x1f /Users/frehnerp/Documents/eclipse/ws/Arduino/ArduinoCore/328P_16MHz/libArduinoCore.a(HardwareSerial.o)
                0x008005b0                Serial
 .bss._ZL11INADDR_NONE
                0x008005cf        0x6 /Users/frehnerp/Documents/eclipse/ws/Arduino/ArduinoCore/328P_16MHz/libArduinoCore.a(IPAddress.o)
 .bss.timer0_overflow_count
                0x008005d5        0x4 /Users/frehnerp/Documents/eclipse/ws/Arduino/ArduinoCore/328P_16MHz/libArduinoCore.a(wiring.o)
                0x008005d5                timer0_overflow_count
 .bss.timer0_millis
                0x008005d9        0x4 /Users/frehnerp/Documents/eclipse/ws/Arduino/ArduinoCore/328P_16MHz/libArduinoCore.a(wiring.o)
                0x008005d9                timer0_millis
 .bss.timer0_fract
                0x008005dd        0x1 /Users/frehnerp/Documents/eclipse/ws/Arduino/ArduinoCore/328P_16MHz/libArduinoCore.a(wiring.o)
 *(COMMON)
                0x008005de                PROVIDE (__bss_end, .)
                0x00003940                __data_load_start = LOADADDR (.data)
                0x0000398a                __data_load_end = (__data_load_start + SIZEOF (.data))

.noinit         0x008005de        0x0
                0x008005de                PROVIDE (__noinit_start, .)
 *(.noinit*)
                0x008005de                PROVIDE (__noinit_end, .)
                0x008005de                _end = .
                0x008005de                PROVIDE (__heap_start, .)

.eeprom         0x00810000        0x0
 *(.eeprom*)
                0x00810000                __eeprom_end = .

.fuse
 *(.fuse)
 *(.lfuse)
 *(.hfuse)
 *(.efuse)

.lock
 *(.lock*)

.signature
 *(.signature*)

.stab
 *(.stab)

.stabstr
 *(.stabstr)

.stab.excl
 *(.stab.excl)

.stab.exclstr
 *(.stab.exclstr)

.stab.index
 *(.stab.index)

.stab.indexstr
 *(.stab.indexstr)

.comment
 *(.comment)

.debug
 *(.debug)

.line
 *(.line)

.debug_srcinfo
 *(.debug_srcinfo)

.debug_sfnames
 *(.debug_sfnames)

.debug_aranges
 *(.debug_aranges)

.debug_pubnames
 *(.debug_pubnames)

.debug_info
 *(.debug_info)
 *(.gnu.linkonce.wi.*)

.debug_abbrev
 *(.debug_abbrev)

.debug_line
 *(.debug_line)

.debug_frame
 *(.debug_frame)

.debug_str
 *(.debug_str)

.debug_loc
 *(.debug_loc)

.debug_macinfo
 *(.debug_macinfo)
OUTPUT(ArduinoBase2.elf elf32-avr)
LOAD linker stubs

.debug_ranges

Cross Reference Table

Symbol                                            File
Client::Client()                                  ./arduinolib/src/EthernetClient.o
Client::Client(Client const&)                     ./arduinolib/src/EthernetServer.o
Client::rawIPAddress(IPAddress&)                  ./arduinolib/src/EthernetClient.o
DNSClient::BuildRequest(char const*)              ./arduinolib/src/Dns.o
DNSClient::DNSClient()                            ./arduinolib/src/EthernetClient.o
DNSClient::ProcessResponse(unsigned int, IPAddress&) ./arduinolib/src/Dns.o
DNSClient::begin(IPAddress const&)                ./arduinolib/src/Dns.o
                                                  ./arduinolib/src/EthernetUdp.o
                                                  ./arduinolib/src/EthernetClient.o
DNSClient::getHostByName(char const*, IPAddress&) ./arduinolib/src/Dns.o
                                                  ./arduinolib/src/EthernetUdp.o
                                                  ./arduinolib/src/EthernetClient.o
DNSClient::inet_aton(char const*, IPAddress&)     ./arduinolib/src/Dns.o
DebugPulse(unsigned char, unsigned char)          ./arduinolib/src/SoftwareSerial.o
DhcpClass::DhcpClass()                            ./arduinolib/src/Ethernet.o
DhcpClass::beginWithDHCP(unsigned char*, unsigned long, unsigned long) ./arduinolib/src/Dhcp.o
                                                  ./arduinolib/src/Ethernet.o
DhcpClass::getDhcpServerIp()                      ./arduinolib/src/Dhcp.o
DhcpClass::getDnsServerIp()                       ./arduinolib/src/Dhcp.o
                                                  ./arduinolib/src/Ethernet.o
DhcpClass::getGatewayIp()                         ./arduinolib/src/Dhcp.o
                                                  ./arduinolib/src/Ethernet.o
DhcpClass::getLocalIp()                           ./arduinolib/src/Dhcp.o
                                                  ./arduinolib/src/Ethernet.o
DhcpClass::getSubnetMask()                        ./arduinolib/src/Dhcp.o
                                                  ./arduinolib/src/Ethernet.o
DhcpClass::parseDHCPResponse(unsigned long, unsigned long&) ./arduinolib/src/Dhcp.o
DhcpClass::presend_DHCP()                         ./arduinolib/src/Dhcp.o
DhcpClass::send_DHCP_MESSAGE(unsigned char, unsigned int) ./arduinolib/src/Dhcp.o
EEPROM                                            ./arduinolib/src/EEPROM.o
EEPROMClass::read(int)                            ./arduinolib/src/EEPROM.o
EEPROMClass::write(int, unsigned char)            ./arduinolib/src/EEPROM.o
Ethernet                                          ./arduinolib/src/Ethernet.o
                                                  ./arduinolib/src/EthernetUdp.o
                                                  ./arduinolib/src/EthernetClient.o
EthernetClass::EthernetClass()                    ./arduinolib/src/Ethernet.o
EthernetClass::_server_port                       ./arduinolib/src/Ethernet.o
                                                  ./arduinolib/src/EthernetUdp.o
                                                  ./arduinolib/src/EthernetServer.o
                                                  ./arduinolib/src/EthernetClient.o
EthernetClass::_state                             ./arduinolib/src/Ethernet.o
EthernetClass::begin(unsigned char*)              ./arduinolib/src/Ethernet.o
EthernetClass::begin(unsigned char*, IPAddress)   ./arduinolib/src/Ethernet.o
EthernetClass::begin(unsigned char*, IPAddress, IPAddress) ./arduinolib/src/Ethernet.o
EthernetClass::begin(unsigned char*, IPAddress, IPAddress, IPAddress) ./arduinolib/src/Ethernet.o
EthernetClass::begin(unsigned char*, IPAddress, IPAddress, IPAddress, IPAddress) ./arduinolib/src/Ethernet.o
EthernetClass::dnsServerIP()                      ./arduinolib/src/Ethernet.o
                                                  ./arduinolib/src/EthernetUdp.o
                                                  ./arduinolib/src/EthernetClient.o
EthernetClass::gatewayIP()                        ./arduinolib/src/Ethernet.o
EthernetClass::localIP()                          ./arduinolib/src/Ethernet.o
EthernetClass::subnetMask()                       ./arduinolib/src/Ethernet.o
EthernetClient::EthernetClient()                  ./arduinolib/src/EthernetClient.o
EthernetClient::EthernetClient()                  ./arduinolib/src/EthernetClient.o
EthernetClient::EthernetClient(EthernetClient const&) ./arduinolib/src/EthernetServer.o
EthernetClient::EthernetClient(unsigned char)     ./arduinolib/src/EthernetClient.o
EthernetClient::EthernetClient(unsigned char)     ./arduinolib/src/EthernetClient.o
                                                  ./arduinolib/src/EthernetServer.o
EthernetClient::_srcport                          ./arduinolib/src/EthernetClient.o
EthernetClient::available()                       ./arduinolib/src/EthernetClient.o
                                                  ./arduinolib/src/EthernetServer.o
EthernetClient::connect(IPAddress, unsigned int)  ./arduinolib/src/EthernetClient.o
EthernetClient::connect(char const*, unsigned int) ./arduinolib/src/EthernetClient.o
EthernetClient::connected()                       ./arduinolib/src/EthernetClient.o
EthernetClient::flush()                           ./arduinolib/src/EthernetClient.o
EthernetClient::operator bool()                   ./arduinolib/src/EthernetClient.o
EthernetClient::peek()                            ./arduinolib/src/EthernetClient.o
EthernetClient::read()                            ./arduinolib/src/EthernetClient.o
EthernetClient::read(unsigned char*, unsigned int) ./arduinolib/src/EthernetClient.o
EthernetClient::status()                          ./arduinolib/src/EthernetClient.o
                                                  ./arduinolib/src/EthernetServer.o
EthernetClient::stop()                            ./arduinolib/src/EthernetClient.o
                                                  ./arduinolib/src/EthernetServer.o
EthernetClient::write(unsigned char const*, unsigned int) ./arduinolib/src/EthernetClient.o
                                                  ./arduinolib/src/EthernetServer.o
EthernetClient::write(unsigned char)              ./arduinolib/src/EthernetClient.o
EthernetServer::EthernetServer(unsigned int)      ./arduinolib/src/EthernetServer.o
EthernetServer::EthernetServer(unsigned int)      ./arduinolib/src/EthernetServer.o
EthernetServer::accept()                          ./arduinolib/src/EthernetServer.o
EthernetServer::available()                       ./arduinolib/src/EthernetServer.o
EthernetServer::begin()                           ./arduinolib/src/EthernetServer.o
EthernetServer::write(unsigned char const*, unsigned int) ./arduinolib/src/EthernetServer.o
EthernetServer::write(unsigned char)              ./arduinolib/src/EthernetServer.o
EthernetUDP::EthernetUDP()                        ./arduinolib/src/EthernetUdp.o
                                                  ./arduinolib/src/EthernetClient.o
                                                  ./arduinolib/src/Ethernet.o
EthernetUDP::EthernetUDP()                        ./arduinolib/src/EthernetUdp.o
EthernetUDP::available()                          ./arduinolib/src/EthernetUdp.o
                                                  ./arduinolib/src/Dns.o
                                                  ./arduinolib/src/Dhcp.o
EthernetUDP::begin(unsigned int)                  ./arduinolib/src/EthernetUdp.o
                                                  ./arduinolib/src/Dns.o
                                                  ./arduinolib/src/Dhcp.o
EthernetUDP::beginPacket(IPAddress, unsigned int) ./arduinolib/src/EthernetUdp.o
                                                  ./arduinolib/src/Dns.o
                                                  ./arduinolib/src/Dhcp.o
EthernetUDP::beginPacket(char const*, unsigned int) ./arduinolib/src/EthernetUdp.o
EthernetUDP::endPacket()                          ./arduinolib/src/EthernetUdp.o
                                                  ./arduinolib/src/Dns.o
                                                  ./arduinolib/src/Dhcp.o
EthernetUDP::flush()                              ./arduinolib/src/EthernetUdp.o
                                                  ./arduinolib/src/Dns.o
                                                  ./arduinolib/src/Dhcp.o
EthernetUDP::parsePacket()                        ./arduinolib/src/EthernetUdp.o
                                                  ./arduinolib/src/Dns.o
                                                  ./arduinolib/src/Dhcp.o
EthernetUDP::peek()                               ./arduinolib/src/EthernetUdp.o
EthernetUDP::read()                               ./arduinolib/src/EthernetUdp.o
                                                  ./arduinolib/src/Dns.o
                                                  ./arduinolib/src/Dhcp.o
EthernetUDP::read(char*, unsigned int)            ./arduinolib/src/EthernetUdp.o
EthernetUDP::read(unsigned char*, unsigned int)   ./arduinolib/src/EthernetUdp.o
                                                  ./arduinolib/src/Dns.o
                                                  ./arduinolib/src/Dhcp.o
EthernetUDP::remoteIP()                           ./arduinolib/src/Dhcp.o
EthernetUDP::remotePort()                         ./arduinolib/src/Dhcp.o
EthernetUDP::stop()                               ./arduinolib/src/EthernetUdp.o
                                                  ./arduinolib/src/Dns.o
                                                  ./arduinolib/src/Dhcp.o
EthernetUDP::write(unsigned char const*, unsigned int) ./arduinolib/src/EthernetUdp.o
                                                  ./arduinolib/src/Dns.o
                                                  ./arduinolib/src/Dhcp.o
EthernetUDP::write(unsigned char)                 ./arduinolib/src/EthernetUdp.o
File::File()                                      ./arduinolib/src/File.o
File::File()                                      ./arduinolib/src/File.o
                                                  ./arduinolib/src/SD.o
File::File(SdFile, char const*)                   ./arduinolib/src/File.o
                                                  ./arduinolib/src/SD.o
File::File(SdFile, char const*)                   ./arduinolib/src/File.o
File::available()                                 ./arduinolib/src/File.o
File::close()                                     ./arduinolib/src/File.o
File::flush()                                     ./arduinolib/src/File.o
File::isDirectory()                               ./arduinolib/src/File.o
                                                  ./arduinolib/src/SD.o
File::name()                                      ./arduinolib/src/File.o
File::openNextFile(unsigned char)                 ./arduinolib/src/SD.o
File::operator bool()                             ./arduinolib/src/File.o
File::peek()                                      ./arduinolib/src/File.o
File::position()                                  ./arduinolib/src/File.o
File::read()                                      ./arduinolib/src/File.o
File::read(void*, unsigned int)                   ./arduinolib/src/File.o
File::rewindDirectory()                           ./arduinolib/src/SD.o
File::seek(unsigned long)                         ./arduinolib/src/File.o
File::size()                                      ./arduinolib/src/File.o
File::write(unsigned char const*, unsigned int)   ./arduinolib/src/File.o
File::write(unsigned char)                        ./arduinolib/src/File.o
File::~File()                                     ./arduinolib/src/File.o
File::~File()                                     ./arduinolib/src/File.o
Firmata                                           ./arduinolib/src/Firmata.o
FirmataClass::FirmataClass(Stream&)               ./arduinolib/src/Firmata.o
FirmataClass::FirmataClass(Stream&)               ./arduinolib/src/Firmata.o
FirmataClass::attach(unsigned char, void (*)())   ./arduinolib/src/Firmata.o
FirmataClass::attach(unsigned char, void (*)(char*)) ./arduinolib/src/Firmata.o
FirmataClass::attach(unsigned char, void (*)(unsigned char, int)) ./arduinolib/src/Firmata.o
FirmataClass::attach(unsigned char, void (*)(unsigned char, unsigned char, unsigned char*)) ./arduinolib/src/Firmata.o
FirmataClass::available()                         ./arduinolib/src/Firmata.o
FirmataClass::begin()                             ./arduinolib/src/Firmata.o
FirmataClass::begin(Stream&)                      ./arduinolib/src/Firmata.o
FirmataClass::begin(long)                         ./arduinolib/src/Firmata.o
FirmataClass::blinkVersion()                      ./arduinolib/src/Firmata.o
FirmataClass::detach(unsigned char)               ./arduinolib/src/Firmata.o
FirmataClass::endSysex()                          ./arduinolib/src/Firmata.o
FirmataClass::pin13strobe(int, int, int)          ./arduinolib/src/Firmata.o
FirmataClass::printFirmwareVersion()              ./arduinolib/src/Firmata.o
FirmataClass::printVersion()                      ./arduinolib/src/Firmata.o
FirmataClass::processInput()                      ./arduinolib/src/Firmata.o
FirmataClass::processSysexMessage()               ./arduinolib/src/Firmata.o
FirmataClass::sendAnalog(unsigned char, int)      ./arduinolib/src/Firmata.o
FirmataClass::sendDigital(unsigned char, int)     ./arduinolib/src/Firmata.o
FirmataClass::sendDigitalPort(unsigned char, int) ./arduinolib/src/Firmata.o
FirmataClass::sendString(char const*)             ./arduinolib/src/Firmata.o
FirmataClass::sendString(unsigned char, char const*) ./arduinolib/src/Firmata.o
FirmataClass::sendSysex(unsigned char, unsigned char, unsigned char*) ./arduinolib/src/Firmata.o
FirmataClass::sendValueAsTwo7bitBytes(int)        ./arduinolib/src/Firmata.o
FirmataClass::setFirmwareNameAndVersion(char const*, unsigned char, unsigned char) ./arduinolib/src/Firmata.o
FirmataClass::startSysex()                        ./arduinolib/src/Firmata.o
FirmataClass::systemReset()                       ./arduinolib/src/Firmata.o
HardwareSerial::HardwareSerial(ring_buffer*, ring_buffer*, unsigned char volatile*, unsigned char volatile*, unsigned char volatile*, unsigned char volatile*, unsigned char volatile*, unsigned char, unsigned char, unsigned char, unsigned char, unsigned char) /Users/frehnerp/Documents/eclipse/ws/Arduino/ArduinoCore/328P_16MHz/libArduinoCore.a(HardwareSerial.o)
HardwareSerial::HardwareSerial(ring_buffer*, ring_buffer*, unsigned char volatile*, unsigned char volatile*, unsigned char volatile*, unsigned char volatile*, unsigned char volatile*, unsigned char, unsigned char, unsigned char, unsigned char, unsigned char) /Users/frehnerp/Documents/eclipse/ws/Arduino/ArduinoCore/328P_16MHz/libArduinoCore.a(HardwareSerial.o)
HardwareSerial::available()                       /Users/frehnerp/Documents/eclipse/ws/Arduino/ArduinoCore/328P_16MHz/libArduinoCore.a(HardwareSerial.o)
HardwareSerial::begin(unsigned long)              /Users/frehnerp/Documents/eclipse/ws/Arduino/ArduinoCore/328P_16MHz/libArduinoCore.a(HardwareSerial.o)
                                                  ./arduinolib/src/Firmata.o
HardwareSerial::end()                             /Users/frehnerp/Documents/eclipse/ws/Arduino/ArduinoCore/328P_16MHz/libArduinoCore.a(HardwareSerial.o)
HardwareSerial::flush()                           /Users/frehnerp/Documents/eclipse/ws/Arduino/ArduinoCore/328P_16MHz/libArduinoCore.a(HardwareSerial.o)
HardwareSerial::peek()                            /Users/frehnerp/Documents/eclipse/ws/Arduino/ArduinoCore/328P_16MHz/libArduinoCore.a(HardwareSerial.o)
HardwareSerial::read()                            /Users/frehnerp/Documents/eclipse/ws/Arduino/ArduinoCore/328P_16MHz/libArduinoCore.a(HardwareSerial.o)
HardwareSerial::write(unsigned char)              /Users/frehnerp/Documents/eclipse/ws/Arduino/ArduinoCore/328P_16MHz/libArduinoCore.a(HardwareSerial.o)
                                                  ./arduinolib/src/SdFile.o
IPAddress::IPAddress()                            /Users/frehnerp/Documents/eclipse/ws/Arduino/ArduinoCore/328P_16MHz/libArduinoCore.a(IPAddress.o)
IPAddress::IPAddress()                            /Users/frehnerp/Documents/eclipse/ws/Arduino/ArduinoCore/328P_16MHz/libArduinoCore.a(IPAddress.o)
                                                  ./arduinolib/src/EthernetUdp.o
                                                  ./arduinolib/src/EthernetClient.o
                                                  ./arduinolib/src/Ethernet.o
IPAddress::IPAddress(IPAddress const&)            ./arduinolib/src/Dhcp.o
IPAddress::IPAddress(unsigned char const*)        /Users/frehnerp/Documents/eclipse/ws/Arduino/ArduinoCore/328P_16MHz/libArduinoCore.a(IPAddress.o)
                                                  ./arduinolib/src/Dhcp.o
IPAddress::IPAddress(unsigned char const*)        /Users/frehnerp/Documents/eclipse/ws/Arduino/ArduinoCore/328P_16MHz/libArduinoCore.a(IPAddress.o)
IPAddress::IPAddress(unsigned char, unsigned char, unsigned char, unsigned char) /Users/frehnerp/Documents/eclipse/ws/Arduino/ArduinoCore/328P_16MHz/libArduinoCore.a(IPAddress.o)
                                                  ./arduinolib/src/EthernetUdp.o
                                                  ./arduinolib/src/EthernetServer.o
                                                  ./arduinolib/src/EthernetClient.o
                                                  ./arduinolib/src/Ethernet.o
                                                  ./arduinolib/src/Dns.o
                                                  ./arduinolib/src/Dhcp.o
IPAddress::IPAddress(unsigned char, unsigned char, unsigned char, unsigned char) /Users/frehnerp/Documents/eclipse/ws/Arduino/ArduinoCore/328P_16MHz/libArduinoCore.a(IPAddress.o)
IPAddress::IPAddress(unsigned long)               /Users/frehnerp/Documents/eclipse/ws/Arduino/ArduinoCore/328P_16MHz/libArduinoCore.a(IPAddress.o)
IPAddress::IPAddress(unsigned long)               /Users/frehnerp/Documents/eclipse/ws/Arduino/ArduinoCore/328P_16MHz/libArduinoCore.a(IPAddress.o)
IPAddress::operator unsigned long()               ./arduinolib/src/Dns.o
IPAddress::operator=(IPAddress const&)            ./arduinolib/src/Dns.o
IPAddress::operator=(unsigned char const*)        /Users/frehnerp/Documents/eclipse/ws/Arduino/ArduinoCore/328P_16MHz/libArduinoCore.a(IPAddress.o)
                                                  ./arduinolib/src/EthernetUdp.o
IPAddress::operator=(unsigned long)               /Users/frehnerp/Documents/eclipse/ws/Arduino/ArduinoCore/328P_16MHz/libArduinoCore.a(IPAddress.o)
IPAddress::operator==(IPAddress const&)           ./arduinolib/src/Dhcp.o
IPAddress::operator==(unsigned char const*)       /Users/frehnerp/Documents/eclipse/ws/Arduino/ArduinoCore/328P_16MHz/libArduinoCore.a(IPAddress.o)
IPAddress::operator[](int)                        ./arduinolib/src/Dns.o
IPAddress::printTo(Print&) const                  /Users/frehnerp/Documents/eclipse/ws/Arduino/ArduinoCore/328P_16MHz/libArduinoCore.a(IPAddress.o)
IPAddress::raw_address()                          ./arduinolib/src/Dns.o
LiquidCrystal::LiquidCrystal(unsigned char, unsigned char, unsigned char, unsigned char, unsigned char, unsigned char) ./arduinolib/src/LiquidCrystal.o
LiquidCrystal::LiquidCrystal(unsigned char, unsigned char, unsigned char, unsigned char, unsigned char, unsigned char) ./arduinolib/src/LiquidCrystal.o
LiquidCrystal::LiquidCrystal(unsigned char, unsigned char, unsigned char, unsigned char, unsigned char, unsigned char, unsigned char) ./arduinolib/src/LiquidCrystal.o
LiquidCrystal::LiquidCrystal(unsigned char, unsigned char, unsigned char, unsigned char, unsigned char, unsigned char, unsigned char) ./arduinolib/src/LiquidCrystal.o
LiquidCrystal::LiquidCrystal(unsigned char, unsigned char, unsigned char, unsigned char, unsigned char, unsigned char, unsigned char, unsigned char, unsigned char, unsigned char) ./arduinolib/src/LiquidCrystal.o
LiquidCrystal::LiquidCrystal(unsigned char, unsigned char, unsigned char, unsigned char, unsigned char, unsigned char, unsigned char, unsigned char, unsigned char, unsigned char) ./arduinolib/src/LiquidCrystal.o
LiquidCrystal::LiquidCrystal(unsigned char, unsigned char, unsigned char, unsigned char, unsigned char, unsigned char, unsigned char, unsigned char, unsigned char, unsigned char, unsigned char) ./arduinolib/src/LiquidCrystal.o
LiquidCrystal::LiquidCrystal(unsigned char, unsigned char, unsigned char, unsigned char, unsigned char, unsigned char, unsigned char, unsigned char, unsigned char, unsigned char, unsigned char) ./arduinolib/src/LiquidCrystal.o
LiquidCrystal::autoscroll()                       ./arduinolib/src/LiquidCrystal.o
LiquidCrystal::begin(unsigned char, unsigned char, unsigned char) ./arduinolib/src/LiquidCrystal.o
LiquidCrystal::blink()                            ./arduinolib/src/LiquidCrystal.o
LiquidCrystal::clear()                            ./arduinolib/src/LiquidCrystal.o
LiquidCrystal::command(unsigned char)             ./arduinolib/src/LiquidCrystal.o
LiquidCrystal::createChar(unsigned char, unsigned char*) ./arduinolib/src/LiquidCrystal.o
LiquidCrystal::cursor()                           ./arduinolib/src/LiquidCrystal.o
LiquidCrystal::display()                          ./arduinolib/src/LiquidCrystal.o
LiquidCrystal::home()                             ./arduinolib/src/LiquidCrystal.o
LiquidCrystal::init(unsigned char, unsigned char, unsigned char, unsigned char, unsigned char, unsigned char, unsigned char, unsigned char, unsigned char, unsigned char, unsigned char, unsigned char) ./arduinolib/src/LiquidCrystal.o
LiquidCrystal::leftToRight()                      ./arduinolib/src/LiquidCrystal.o
LiquidCrystal::noAutoscroll()                     ./arduinolib/src/LiquidCrystal.o
LiquidCrystal::noBlink()                          ./arduinolib/src/LiquidCrystal.o
LiquidCrystal::noCursor()                         ./arduinolib/src/LiquidCrystal.o
LiquidCrystal::noDisplay()                        ./arduinolib/src/LiquidCrystal.o
LiquidCrystal::pulseEnable()                      ./arduinolib/src/LiquidCrystal.o
LiquidCrystal::rightToLeft()                      ./arduinolib/src/LiquidCrystal.o
LiquidCrystal::scrollDisplayLeft()                ./arduinolib/src/LiquidCrystal.o
LiquidCrystal::scrollDisplayRight()               ./arduinolib/src/LiquidCrystal.o
LiquidCrystal::send(unsigned char, unsigned char) ./arduinolib/src/LiquidCrystal.o
LiquidCrystal::setCursor(unsigned char, unsigned char) ./arduinolib/src/LiquidCrystal.o
LiquidCrystal::write(unsigned char)               ./arduinolib/src/LiquidCrystal.o
LiquidCrystal::write4bits(unsigned char)          ./arduinolib/src/LiquidCrystal.o
LiquidCrystal::write8bits(unsigned char)          ./arduinolib/src/LiquidCrystal.o
Print::Print()                                    ./arduinolib/src/EthernetClient.o
Print::Print(Print const&)                        ./arduinolib/src/EthernetServer.o
Print::clearWriteError()                          ./arduinolib/src/File.o
Print::getWriteError()                            ./arduinolib/src/File.o
Print::operator=(Print const&)                    ./arduinolib/src/Firmata.o
Print::print(Printable const&)                    /Users/frehnerp/Documents/eclipse/ws/Arduino/ArduinoCore/328P_16MHz/libArduinoCore.a(Print.o)
Print::print(String const&)                       /Users/frehnerp/Documents/eclipse/ws/Arduino/ArduinoCore/328P_16MHz/libArduinoCore.a(Print.o)
Print::print(__FlashStringHelper const*)          /Users/frehnerp/Documents/eclipse/ws/Arduino/ArduinoCore/328P_16MHz/libArduinoCore.a(Print.o)
Print::print(char const*)                         /Users/frehnerp/Documents/eclipse/ws/Arduino/ArduinoCore/328P_16MHz/libArduinoCore.a(Print.o)
                                                  ./arduinolib/src/SdFile.o
Print::print(char)                                /Users/frehnerp/Documents/eclipse/ws/Arduino/ArduinoCore/328P_16MHz/libArduinoCore.a(Print.o)
                                                  /Users/frehnerp/Documents/eclipse/ws/Arduino/ArduinoCore/328P_16MHz/libArduinoCore.a(IPAddress.o)
                                                  ./arduinolib/src/SdFile.o
Print::print(double, int)                         /Users/frehnerp/Documents/eclipse/ws/Arduino/ArduinoCore/328P_16MHz/libArduinoCore.a(Print.o)
Print::print(int, int)                            /Users/frehnerp/Documents/eclipse/ws/Arduino/ArduinoCore/328P_16MHz/libArduinoCore.a(Print.o)
Print::print(long, int)                           /Users/frehnerp/Documents/eclipse/ws/Arduino/ArduinoCore/328P_16MHz/libArduinoCore.a(Print.o)
Print::print(unsigned char, int)                  /Users/frehnerp/Documents/eclipse/ws/Arduino/ArduinoCore/328P_16MHz/libArduinoCore.a(Print.o)
                                                  /Users/frehnerp/Documents/eclipse/ws/Arduino/ArduinoCore/328P_16MHz/libArduinoCore.a(IPAddress.o)
                                                  ./arduinolib/src/SD.o
                                                  ./arduinolib/src/File.o
Print::print(unsigned int, int)                   /Users/frehnerp/Documents/eclipse/ws/Arduino/ArduinoCore/328P_16MHz/libArduinoCore.a(Print.o)
                                                  ./arduinolib/src/SdFile.o
Print::print(unsigned long, int)                  /Users/frehnerp/Documents/eclipse/ws/Arduino/ArduinoCore/328P_16MHz/libArduinoCore.a(Print.o)
                                                  ./arduinolib/src/SdFile.o
Print::printFloat(double, unsigned char)          /Users/frehnerp/Documents/eclipse/ws/Arduino/ArduinoCore/328P_16MHz/libArduinoCore.a(Print.o)
Print::printNumber(unsigned long, unsigned char)  /Users/frehnerp/Documents/eclipse/ws/Arduino/ArduinoCore/328P_16MHz/libArduinoCore.a(Print.o)
Print::println()                                  /Users/frehnerp/Documents/eclipse/ws/Arduino/ArduinoCore/328P_16MHz/libArduinoCore.a(Print.o)
                                                  ./arduinolib/src/SdFile.o
                                                  ./arduinolib/src/SD.o
                                                  ./arduinolib/src/File.o
Print::println(Printable const&)                  /Users/frehnerp/Documents/eclipse/ws/Arduino/ArduinoCore/328P_16MHz/libArduinoCore.a(Print.o)
Print::println(String const&)                     /Users/frehnerp/Documents/eclipse/ws/Arduino/ArduinoCore/328P_16MHz/libArduinoCore.a(Print.o)
Print::println(__FlashStringHelper const*)        /Users/frehnerp/Documents/eclipse/ws/Arduino/ArduinoCore/328P_16MHz/libArduinoCore.a(Print.o)
Print::println(char const*)                       /Users/frehnerp/Documents/eclipse/ws/Arduino/ArduinoCore/328P_16MHz/libArduinoCore.a(Print.o)
Print::println(char)                              /Users/frehnerp/Documents/eclipse/ws/Arduino/ArduinoCore/328P_16MHz/libArduinoCore.a(Print.o)
Print::println(double, int)                       /Users/frehnerp/Documents/eclipse/ws/Arduino/ArduinoCore/328P_16MHz/libArduinoCore.a(Print.o)
Print::println(int, int)                          /Users/frehnerp/Documents/eclipse/ws/Arduino/ArduinoCore/328P_16MHz/libArduinoCore.a(Print.o)
Print::println(long, int)                         /Users/frehnerp/Documents/eclipse/ws/Arduino/ArduinoCore/328P_16MHz/libArduinoCore.a(Print.o)
Print::println(unsigned char, int)                /Users/frehnerp/Documents/eclipse/ws/Arduino/ArduinoCore/328P_16MHz/libArduinoCore.a(Print.o)
Print::println(unsigned int, int)                 /Users/frehnerp/Documents/eclipse/ws/Arduino/ArduinoCore/328P_16MHz/libArduinoCore.a(Print.o)
Print::println(unsigned long, int)                /Users/frehnerp/Documents/eclipse/ws/Arduino/ArduinoCore/328P_16MHz/libArduinoCore.a(Print.o)
Print::setWriteError(int)                         ./arduinolib/src/EthernetClient.o
Print::write(char const*)                         /Users/frehnerp/Documents/eclipse/ws/Arduino/ArduinoCore/328P_16MHz/libArduinoCore.a(Print.o)
Print::write(unsigned char const*, unsigned int)  /Users/frehnerp/Documents/eclipse/ws/Arduino/ArduinoCore/328P_16MHz/libArduinoCore.a(Print.o)
                                                  /Users/frehnerp/Documents/eclipse/ws/Arduino/ArduinoCore/328P_16MHz/libArduinoCore.a(HardwareSerial.o)
                                                  ./arduinolib/src/Wire.o
                                                  ./arduinolib/src/SoftwareSerial.o
                                                  ./arduinolib/src/SdFile.o
                                                  ./arduinolib/src/LiquidCrystal.o
                                                  ./arduinolib/src/File.o
                                                  ./arduinolib/src/EthernetUdp.o
                                                  ./arduinolib/src/EthernetServer.o
                                                  ./arduinolib/src/EthernetClient.o
Printable::Printable(Printable const&)            ./arduinolib/src/Dhcp.o
Printable::operator=(Printable const&)            ./arduinolib/src/Dns.o
SD                                                ./arduinolib/src/SD.o
SDClass::SDClass()                                ./arduinolib/src/SD.o
SDClass::begin(unsigned char)                     ./arduinolib/src/SD.o
SDClass::exists(char*)                            ./arduinolib/src/SD.o
SDClass::getParentDir(char const*, int*)          ./arduinolib/src/SD.o
SDClass::mkdir(char*)                             ./arduinolib/src/SD.o
SDClass::open(char const*, unsigned char)         ./arduinolib/src/SD.o
SDClass::remove(char*)                            ./arduinolib/src/SD.o
SDClass::rmdir(char*)                             ./arduinolib/src/SD.o
SPI                                               ./arduinolib/src/SPI.o
SPIClass::begin()                                 ./arduinolib/src/SPI.o
                                                  ./arduinolib/src/w5100.o
SPIClass::end()                                   ./arduinolib/src/SPI.o
SPIClass::setBitOrder(unsigned char)              ./arduinolib/src/SPI.o
SPIClass::setClockDivider(unsigned char)          ./arduinolib/src/SPI.o
SPIClass::setDataMode(unsigned char)              ./arduinolib/src/SPI.o
SPIClass::transfer(unsigned char)                 ./arduinolib/src/w5100.o
Sd2Card::Sd2Card()                                ./arduinolib/src/SD.o
Sd2Card::cardAcmd(unsigned char, unsigned long)   ./arduinolib/src/Sd2Card.o
Sd2Card::cardCommand(unsigned char, unsigned long) ./arduinolib/src/Sd2Card.o
Sd2Card::cardSize()                               ./arduinolib/src/Sd2Card.o
Sd2Card::chipSelectHigh()                         ./arduinolib/src/Sd2Card.o
Sd2Card::chipSelectLow()                          ./arduinolib/src/Sd2Card.o
Sd2Card::erase(unsigned long, unsigned long)      ./arduinolib/src/Sd2Card.o
Sd2Card::eraseSingleBlockEnable()                 ./arduinolib/src/Sd2Card.o
Sd2Card::error(unsigned char)                     ./arduinolib/src/Sd2Card.o
Sd2Card::init(unsigned char, unsigned char)       ./arduinolib/src/Sd2Card.o
                                                  ./arduinolib/src/SD.o
Sd2Card::partialBlockRead(unsigned char)          ./arduinolib/src/Sd2Card.o
Sd2Card::readBlock(unsigned long, unsigned char*) ./arduinolib/src/Sd2Card.o
                                                  ./arduinolib/src/SdVolume.o
Sd2Card::readCSD(csd_t*)                          ./arduinolib/src/Sd2Card.o
Sd2Card::readData(unsigned long, unsigned int, unsigned int, unsigned char*) ./arduinolib/src/Sd2Card.o
                                                  ./arduinolib/src/SdFile.o
Sd2Card::readEnd()                                ./arduinolib/src/Sd2Card.o
Sd2Card::readRegister(unsigned char, void*)       ./arduinolib/src/Sd2Card.o
Sd2Card::setSckRate(unsigned char)                ./arduinolib/src/Sd2Card.o
Sd2Card::type() const                             ./arduinolib/src/Sd2Card.o
Sd2Card::type(unsigned char)                      ./arduinolib/src/Sd2Card.o
Sd2Card::waitNotBusy(unsigned int)                ./arduinolib/src/Sd2Card.o
Sd2Card::waitStartBlock()                         ./arduinolib/src/Sd2Card.o
Sd2Card::writeBlock(unsigned long, unsigned char const*) ./arduinolib/src/Sd2Card.o
                                                  ./arduinolib/src/SdVolume.o
                                                  ./arduinolib/src/SdFile.o
Sd2Card::writeData(unsigned char const*)          ./arduinolib/src/Sd2Card.o
Sd2Card::writeData(unsigned char, unsigned char const*) ./arduinolib/src/Sd2Card.o
Sd2Card::writeStart(unsigned long, unsigned long) ./arduinolib/src/Sd2Card.o
Sd2Card::writeStop()                              ./arduinolib/src/Sd2Card.o
SdFile::SdFile()                                  ./arduinolib/src/SD.o
SdFile::SdFile(SdFile const&)                     ./arduinolib/src/SD.o
SdFile::addCluster()                              ./arduinolib/src/SdFile.o
SdFile::addDirCluster()                           ./arduinolib/src/SdFile.o
SdFile::cacheDirEntry(unsigned char)              ./arduinolib/src/SdFile.o
SdFile::close()                                   ./arduinolib/src/SdFile.o
                                                  ./arduinolib/src/SD.o
                                                  ./arduinolib/src/File.o
SdFile::contiguousRange(unsigned long*, unsigned long*) ./arduinolib/src/SdFile.o
SdFile::createContiguous(SdFile*, char const*, unsigned long) ./arduinolib/src/SdFile.o
SdFile::curPosition() const                       ./arduinolib/src/File.o
SdFile::dateTime_                                 ./arduinolib/src/SdFile.o
SdFile::dirEntry(directoryEntry*)                 ./arduinolib/src/SdFile.o
SdFile::dirName(directoryEntry const&, char*)     ./arduinolib/src/SdFile.o
                                                  ./arduinolib/src/SD.o
SdFile::fileSize() const                          ./arduinolib/src/File.o
SdFile::isDir() const                             ./arduinolib/src/File.o
SdFile::isFile() const                            ./arduinolib/src/SdFile.o
SdFile::isOpen() const                            ./arduinolib/src/File.o
SdFile::isRoot() const                            ./arduinolib/src/SD.o
SdFile::isSubDir() const                          ./arduinolib/src/SdFile.o
SdFile::ls(unsigned char, unsigned char)          ./arduinolib/src/SdFile.o
SdFile::make83Name(char const*, unsigned char*)   ./arduinolib/src/SdFile.o
SdFile::makeDir(SdFile&, char const*)             ./arduinolib/src/SD.o
SdFile::makeDir(SdFile*, char const*)             ./arduinolib/src/SdFile.o
                                                  ./arduinolib/src/SD.o
SdFile::oldDateTime_                              ./arduinolib/src/SdFile.o
SdFile::open(SdFile&, char const*, unsigned char) ./arduinolib/src/SD.o
SdFile::open(SdFile*, char const*, unsigned char) ./arduinolib/src/SdFile.o
                                                  ./arduinolib/src/SD.o
SdFile::open(SdFile*, unsigned int, unsigned char) ./arduinolib/src/SdFile.o
SdFile::openCachedEntry(unsigned char, unsigned char) ./arduinolib/src/SdFile.o
SdFile::openRoot(SdVolume&)                       ./arduinolib/src/SD.o
SdFile::openRoot(SdVolume*)                       ./arduinolib/src/SdFile.o
                                                  ./arduinolib/src/SD.o
SdFile::printDirName(directoryEntry const&, unsigned char) ./arduinolib/src/SdFile.o
SdFile::printFatDate(unsigned int)                ./arduinolib/src/SdFile.o
SdFile::printFatTime(unsigned int)                ./arduinolib/src/SdFile.o
SdFile::printTwoDigits(unsigned char)             ./arduinolib/src/SdFile.o
SdFile::read()                                    ./arduinolib/src/File.o
SdFile::read(void*, unsigned int)                 ./arduinolib/src/SdFile.o
                                                  ./arduinolib/src/File.o
SdFile::readDir(directoryEntry*)                  ./arduinolib/src/SdFile.o
                                                  ./arduinolib/src/SD.o
SdFile::readDirCache()                            ./arduinolib/src/SdFile.o
SdFile::remove()                                  ./arduinolib/src/SdFile.o
SdFile::remove(SdFile&, char const*)              ./arduinolib/src/SD.o
SdFile::remove(SdFile*, char const*)              ./arduinolib/src/SdFile.o
                                                  ./arduinolib/src/SD.o
SdFile::rewind()                                  ./arduinolib/src/SD.o
SdFile::rmDir()                                   ./arduinolib/src/SdFile.o
                                                  ./arduinolib/src/SD.o
SdFile::rmRfStar()                                ./arduinolib/src/SdFile.o
SdFile::seekCur(unsigned long)                    ./arduinolib/src/File.o
SdFile::seekEnd()                                 ./arduinolib/src/SdFile.o
SdFile::seekSet(unsigned long)                    ./arduinolib/src/SdFile.o
                                                  ./arduinolib/src/SD.o
                                                  ./arduinolib/src/File.o
SdFile::sync()                                    ./arduinolib/src/SdFile.o
                                                  ./arduinolib/src/File.o
SdFile::timestamp(unsigned char, unsigned int, unsigned char, unsigned char, unsigned char, unsigned char, unsigned char) ./arduinolib/src/SdFile.o
SdFile::truncate(unsigned long)                   ./arduinolib/src/SdFile.o
SdFile::unbufferedRead() const                    ./arduinolib/src/SdFile.o
SdFile::write(char const*)                        ./arduinolib/src/SdFile.o
SdFile::write(unsigned char)                      ./arduinolib/src/SdFile.o
SdFile::write(void const*, unsigned int)          ./arduinolib/src/SdFile.o
                                                  ./arduinolib/src/File.o
SdFile::write_P(char const*)                      ./arduinolib/src/SdFile.o
SdFile::writeln_P(char const*)                    ./arduinolib/src/SdFile.o
SdVolume::SdVolume()                              ./arduinolib/src/SD.o
SdVolume::allocContiguous(unsigned long, unsigned long*) ./arduinolib/src/SdVolume.o
                                                  ./arduinolib/src/SdFile.o
SdVolume::blockOfCluster(unsigned long) const     ./arduinolib/src/SdFile.o
SdVolume::cacheBlockNumber_                       ./arduinolib/src/SdVolume.o
                                                  ./arduinolib/src/SdFile.o
SdVolume::cacheBuffer_                            ./arduinolib/src/SdVolume.o
                                                  ./arduinolib/src/SdFile.o
SdVolume::cacheDirty_                             ./arduinolib/src/SdVolume.o
                                                  ./arduinolib/src/SdFile.o
SdVolume::cacheFlush()                            ./arduinolib/src/SdVolume.o
                                                  ./arduinolib/src/SdFile.o
SdVolume::cacheMirrorBlock_                       ./arduinolib/src/SdVolume.o
SdVolume::cacheRawBlock(unsigned long, unsigned char) ./arduinolib/src/SdVolume.o
                                                  ./arduinolib/src/SdFile.o
SdVolume::cacheSetDirty()                         ./arduinolib/src/SdFile.o
SdVolume::cacheZeroBlock(unsigned long)           ./arduinolib/src/SdVolume.o
                                                  ./arduinolib/src/SdFile.o
SdVolume::chainSize(unsigned long, unsigned long*) const ./arduinolib/src/SdVolume.o
                                                  ./arduinolib/src/SdFile.o
SdVolume::clusterStartBlock(unsigned long) const  ./arduinolib/src/SdFile.o
SdVolume::fatGet(unsigned long, unsigned long*) const ./arduinolib/src/SdVolume.o
                                                  ./arduinolib/src/SdFile.o
SdVolume::fatPut(unsigned long, unsigned long)    ./arduinolib/src/SdVolume.o
                                                  ./arduinolib/src/SdFile.o
SdVolume::fatPutEOC(unsigned long)                ./arduinolib/src/SdFile.o
SdVolume::fatType() const                         ./arduinolib/src/SdFile.o
SdVolume::freeChain(unsigned long)                ./arduinolib/src/SdVolume.o
                                                  ./arduinolib/src/SdFile.o
SdVolume::init(Sd2Card&)                          ./arduinolib/src/SD.o
SdVolume::init(Sd2Card*)                          ./arduinolib/src/SD.o
SdVolume::init(Sd2Card*, unsigned char)           ./arduinolib/src/SdVolume.o
                                                  ./arduinolib/src/SD.o
SdVolume::isEOC(unsigned long) const              ./arduinolib/src/SdFile.o
SdVolume::readData(unsigned long, unsigned int, unsigned int, unsigned char*) ./arduinolib/src/SdFile.o
SdVolume::rootDirEntryCount() const               ./arduinolib/src/SdFile.o
SdVolume::rootDirStart() const                    ./arduinolib/src/SdFile.o
SdVolume::sdCard_                                 ./arduinolib/src/SdVolume.o
                                                  ./arduinolib/src/SdFile.o
SdVolume::writeBlock(unsigned long, unsigned char const*) ./arduinolib/src/SdFile.o
Serial                                            /Users/frehnerp/Documents/eclipse/ws/Arduino/ArduinoCore/328P_16MHz/libArduinoCore.a(HardwareSerial.o)
                                                  ./arduinolib/src/SdFile.o
                                                  ./arduinolib/src/SD.o
                                                  ./arduinolib/src/Firmata.o
                                                  ./arduinolib/src/File.o
Server::Server()                                  ./arduinolib/src/EthernetServer.o
Servo::Servo()                                    ./arduinolib/src/Servo.o
Servo::Servo()                                    ./arduinolib/src/Servo.o
Servo::attach(int)                                ./arduinolib/src/Servo.o
Servo::attach(int, int, int)                      ./arduinolib/src/Servo.o
Servo::attached()                                 ./arduinolib/src/Servo.o
Servo::detach()                                   ./arduinolib/src/Servo.o
Servo::read()                                     ./arduinolib/src/Servo.o
Servo::readMicroseconds()                         ./arduinolib/src/Servo.o
Servo::write(int)                                 ./arduinolib/src/Servo.o
Servo::writeMicroseconds(int)                     ./arduinolib/src/Servo.o
ServoCount                                        ./arduinolib/src/Servo.o
SoftwareSerial::SoftwareSerial(unsigned char, unsigned char, bool) ./arduinolib/src/SoftwareSerial.o
SoftwareSerial::SoftwareSerial(unsigned char, unsigned char, bool) ./arduinolib/src/SoftwareSerial.o
SoftwareSerial::_receive_buffer                   ./arduinolib/src/SoftwareSerial.o
SoftwareSerial::_receive_buffer_head              ./arduinolib/src/SoftwareSerial.o
SoftwareSerial::_receive_buffer_tail              ./arduinolib/src/SoftwareSerial.o
SoftwareSerial::active_object                     ./arduinolib/src/SoftwareSerial.o
SoftwareSerial::available()                       ./arduinolib/src/SoftwareSerial.o
SoftwareSerial::begin(long)                       ./arduinolib/src/SoftwareSerial.o
SoftwareSerial::end()                             ./arduinolib/src/SoftwareSerial.o
SoftwareSerial::flush()                           ./arduinolib/src/SoftwareSerial.o
SoftwareSerial::handle_interrupt()                ./arduinolib/src/SoftwareSerial.o
SoftwareSerial::isListening()                     ./arduinolib/src/SoftwareSerial.o
SoftwareSerial::listen()                          ./arduinolib/src/SoftwareSerial.o
SoftwareSerial::peek()                            ./arduinolib/src/SoftwareSerial.o
SoftwareSerial::read()                            ./arduinolib/src/SoftwareSerial.o
SoftwareSerial::recv()                            ./arduinolib/src/SoftwareSerial.o
SoftwareSerial::rx_pin_read()                     ./arduinolib/src/SoftwareSerial.o
SoftwareSerial::setRX(unsigned char)              ./arduinolib/src/SoftwareSerial.o
SoftwareSerial::setTX(unsigned char)              ./arduinolib/src/SoftwareSerial.o
SoftwareSerial::tunedDelay(unsigned int)          ./arduinolib/src/SoftwareSerial.o
SoftwareSerial::tx_pin_write(unsigned char)       ./arduinolib/src/SoftwareSerial.o
SoftwareSerial::write(unsigned char)              ./arduinolib/src/SoftwareSerial.o
SoftwareSerial::~SoftwareSerial()                 ./arduinolib/src/SoftwareSerial.o
SoftwareSerial::~SoftwareSerial()                 ./arduinolib/src/SoftwareSerial.o
Stepper::Stepper(int, int, int)                   ./arduinolib/src/Stepper.o
Stepper::Stepper(int, int, int)                   ./arduinolib/src/Stepper.o
Stepper::Stepper(int, int, int, int, int)         ./arduinolib/src/Stepper.o
Stepper::Stepper(int, int, int, int, int)         ./arduinolib/src/Stepper.o
Stepper::setSpeed(long)                           ./arduinolib/src/Stepper.o
Stepper::step(int)                                ./arduinolib/src/Stepper.o
Stepper::stepMotor(int)                           ./arduinolib/src/Stepper.o
Stepper::version()                                ./arduinolib/src/Stepper.o
Stream::Stream()                                  ./arduinolib/src/EthernetClient.o
Stream::Stream(Stream const&)                     ./arduinolib/src/EthernetServer.o
Stream::operator=(Stream const&)                  ./arduinolib/src/Firmata.o
String::String(String const&)                     /Users/frehnerp/Documents/eclipse/ws/Arduino/ArduinoCore/328P_16MHz/libArduinoCore.a(WString.o)
String::String(String const&)                     /Users/frehnerp/Documents/eclipse/ws/Arduino/ArduinoCore/328P_16MHz/libArduinoCore.a(WString.o)
String::String(char const*)                       /Users/frehnerp/Documents/eclipse/ws/Arduino/ArduinoCore/328P_16MHz/libArduinoCore.a(WString.o)
String::String(char const*)                       /Users/frehnerp/Documents/eclipse/ws/Arduino/ArduinoCore/328P_16MHz/libArduinoCore.a(WString.o)
String::String(char)                              /Users/frehnerp/Documents/eclipse/ws/Arduino/ArduinoCore/328P_16MHz/libArduinoCore.a(WString.o)
String::String(char)                              /Users/frehnerp/Documents/eclipse/ws/Arduino/ArduinoCore/328P_16MHz/libArduinoCore.a(WString.o)
String::String(int, unsigned char)                /Users/frehnerp/Documents/eclipse/ws/Arduino/ArduinoCore/328P_16MHz/libArduinoCore.a(WString.o)
String::String(int, unsigned char)                /Users/frehnerp/Documents/eclipse/ws/Arduino/ArduinoCore/328P_16MHz/libArduinoCore.a(WString.o)
String::String(long, unsigned char)               /Users/frehnerp/Documents/eclipse/ws/Arduino/ArduinoCore/328P_16MHz/libArduinoCore.a(WString.o)
String::String(long, unsigned char)               /Users/frehnerp/Documents/eclipse/ws/Arduino/ArduinoCore/328P_16MHz/libArduinoCore.a(WString.o)
String::String(unsigned char, unsigned char)      /Users/frehnerp/Documents/eclipse/ws/Arduino/ArduinoCore/328P_16MHz/libArduinoCore.a(WString.o)
String::String(unsigned char, unsigned char)      /Users/frehnerp/Documents/eclipse/ws/Arduino/ArduinoCore/328P_16MHz/libArduinoCore.a(WString.o)
String::String(unsigned int, unsigned char)       /Users/frehnerp/Documents/eclipse/ws/Arduino/ArduinoCore/328P_16MHz/libArduinoCore.a(WString.o)
String::String(unsigned int, unsigned char)       /Users/frehnerp/Documents/eclipse/ws/Arduino/ArduinoCore/328P_16MHz/libArduinoCore.a(WString.o)
String::String(unsigned long, unsigned char)      /Users/frehnerp/Documents/eclipse/ws/Arduino/ArduinoCore/328P_16MHz/libArduinoCore.a(WString.o)
String::String(unsigned long, unsigned char)      /Users/frehnerp/Documents/eclipse/ws/Arduino/ArduinoCore/328P_16MHz/libArduinoCore.a(WString.o)
String::changeBuffer(unsigned int)                /Users/frehnerp/Documents/eclipse/ws/Arduino/ArduinoCore/328P_16MHz/libArduinoCore.a(WString.o)
String::charAt(unsigned int) const                /Users/frehnerp/Documents/eclipse/ws/Arduino/ArduinoCore/328P_16MHz/libArduinoCore.a(WString.o)
String::compareTo(String const&) const            /Users/frehnerp/Documents/eclipse/ws/Arduino/ArduinoCore/328P_16MHz/libArduinoCore.a(WString.o)
String::concat(String const&)                     /Users/frehnerp/Documents/eclipse/ws/Arduino/ArduinoCore/328P_16MHz/libArduinoCore.a(WString.o)
String::concat(char const*)                       /Users/frehnerp/Documents/eclipse/ws/Arduino/ArduinoCore/328P_16MHz/libArduinoCore.a(WString.o)
String::concat(char const*, unsigned int)         /Users/frehnerp/Documents/eclipse/ws/Arduino/ArduinoCore/328P_16MHz/libArduinoCore.a(WString.o)
String::concat(char)                              /Users/frehnerp/Documents/eclipse/ws/Arduino/ArduinoCore/328P_16MHz/libArduinoCore.a(WString.o)
String::concat(int)                               /Users/frehnerp/Documents/eclipse/ws/Arduino/ArduinoCore/328P_16MHz/libArduinoCore.a(WString.o)
String::concat(long)                              /Users/frehnerp/Documents/eclipse/ws/Arduino/ArduinoCore/328P_16MHz/libArduinoCore.a(WString.o)
String::concat(unsigned char)                     /Users/frehnerp/Documents/eclipse/ws/Arduino/ArduinoCore/328P_16MHz/libArduinoCore.a(WString.o)
String::concat(unsigned int)                      /Users/frehnerp/Documents/eclipse/ws/Arduino/ArduinoCore/328P_16MHz/libArduinoCore.a(WString.o)
String::concat(unsigned long)                     /Users/frehnerp/Documents/eclipse/ws/Arduino/ArduinoCore/328P_16MHz/libArduinoCore.a(WString.o)
String::copy(char const*, unsigned int)           /Users/frehnerp/Documents/eclipse/ws/Arduino/ArduinoCore/328P_16MHz/libArduinoCore.a(WString.o)
String::endsWith(String const&) const             /Users/frehnerp/Documents/eclipse/ws/Arduino/ArduinoCore/328P_16MHz/libArduinoCore.a(WString.o)
String::equals(String const&) const               /Users/frehnerp/Documents/eclipse/ws/Arduino/ArduinoCore/328P_16MHz/libArduinoCore.a(WString.o)
String::equals(char const*) const                 /Users/frehnerp/Documents/eclipse/ws/Arduino/ArduinoCore/328P_16MHz/libArduinoCore.a(WString.o)
String::equalsIgnoreCase(String const&) const     /Users/frehnerp/Documents/eclipse/ws/Arduino/ArduinoCore/328P_16MHz/libArduinoCore.a(WString.o)
String::getBytes(unsigned char*, unsigned int, unsigned int) const /Users/frehnerp/Documents/eclipse/ws/Arduino/ArduinoCore/328P_16MHz/libArduinoCore.a(WString.o)
String::indexOf(String const&) const              /Users/frehnerp/Documents/eclipse/ws/Arduino/ArduinoCore/328P_16MHz/libArduinoCore.a(WString.o)
String::indexOf(String const&, unsigned int) const /Users/frehnerp/Documents/eclipse/ws/Arduino/ArduinoCore/328P_16MHz/libArduinoCore.a(WString.o)
String::indexOf(char) const                       /Users/frehnerp/Documents/eclipse/ws/Arduino/ArduinoCore/328P_16MHz/libArduinoCore.a(WString.o)
String::indexOf(char, unsigned int) const         /Users/frehnerp/Documents/eclipse/ws/Arduino/ArduinoCore/328P_16MHz/libArduinoCore.a(WString.o)
String::invalidate()                              /Users/frehnerp/Documents/eclipse/ws/Arduino/ArduinoCore/328P_16MHz/libArduinoCore.a(WString.o)
String::lastIndexOf(String const&) const          /Users/frehnerp/Documents/eclipse/ws/Arduino/ArduinoCore/328P_16MHz/libArduinoCore.a(WString.o)
String::lastIndexOf(String const&, unsigned int) const /Users/frehnerp/Documents/eclipse/ws/Arduino/ArduinoCore/328P_16MHz/libArduinoCore.a(WString.o)
String::lastIndexOf(char) const                   /Users/frehnerp/Documents/eclipse/ws/Arduino/ArduinoCore/328P_16MHz/libArduinoCore.a(WString.o)
String::lastIndexOf(char, unsigned int) const     /Users/frehnerp/Documents/eclipse/ws/Arduino/ArduinoCore/328P_16MHz/libArduinoCore.a(WString.o)
String::operator<(String const&) const            /Users/frehnerp/Documents/eclipse/ws/Arduino/ArduinoCore/328P_16MHz/libArduinoCore.a(WString.o)
String::operator<=(String const&) const           /Users/frehnerp/Documents/eclipse/ws/Arduino/ArduinoCore/328P_16MHz/libArduinoCore.a(WString.o)
String::operator=(String const&)                  /Users/frehnerp/Documents/eclipse/ws/Arduino/ArduinoCore/328P_16MHz/libArduinoCore.a(WString.o)
String::operator=(char const*)                    /Users/frehnerp/Documents/eclipse/ws/Arduino/ArduinoCore/328P_16MHz/libArduinoCore.a(WString.o)
String::operator>(String const&) const            /Users/frehnerp/Documents/eclipse/ws/Arduino/ArduinoCore/328P_16MHz/libArduinoCore.a(WString.o)
String::operator>=(String const&) const           /Users/frehnerp/Documents/eclipse/ws/Arduino/ArduinoCore/328P_16MHz/libArduinoCore.a(WString.o)
String::operator[](unsigned int)                  /Users/frehnerp/Documents/eclipse/ws/Arduino/ArduinoCore/328P_16MHz/libArduinoCore.a(WString.o)
String::operator[](unsigned int) const            /Users/frehnerp/Documents/eclipse/ws/Arduino/ArduinoCore/328P_16MHz/libArduinoCore.a(WString.o)
                                                  /Users/frehnerp/Documents/eclipse/ws/Arduino/ArduinoCore/328P_16MHz/libArduinoCore.a(Print.o)
String::replace(String const&, String const&)     /Users/frehnerp/Documents/eclipse/ws/Arduino/ArduinoCore/328P_16MHz/libArduinoCore.a(WString.o)
String::replace(char, char)                       /Users/frehnerp/Documents/eclipse/ws/Arduino/ArduinoCore/328P_16MHz/libArduinoCore.a(WString.o)
String::reserve(unsigned int)                     /Users/frehnerp/Documents/eclipse/ws/Arduino/ArduinoCore/328P_16MHz/libArduinoCore.a(WString.o)
String::setCharAt(unsigned int, char)             /Users/frehnerp/Documents/eclipse/ws/Arduino/ArduinoCore/328P_16MHz/libArduinoCore.a(WString.o)
String::startsWith(String const&) const           /Users/frehnerp/Documents/eclipse/ws/Arduino/ArduinoCore/328P_16MHz/libArduinoCore.a(WString.o)
String::startsWith(String const&, unsigned int) const /Users/frehnerp/Documents/eclipse/ws/Arduino/ArduinoCore/328P_16MHz/libArduinoCore.a(WString.o)
String::substring(unsigned int) const             /Users/frehnerp/Documents/eclipse/ws/Arduino/ArduinoCore/328P_16MHz/libArduinoCore.a(WString.o)
String::substring(unsigned int, unsigned int) const /Users/frehnerp/Documents/eclipse/ws/Arduino/ArduinoCore/328P_16MHz/libArduinoCore.a(WString.o)
String::toInt() const                             /Users/frehnerp/Documents/eclipse/ws/Arduino/ArduinoCore/328P_16MHz/libArduinoCore.a(WString.o)
String::toLowerCase()                             /Users/frehnerp/Documents/eclipse/ws/Arduino/ArduinoCore/328P_16MHz/libArduinoCore.a(WString.o)
String::toUpperCase()                             /Users/frehnerp/Documents/eclipse/ws/Arduino/ArduinoCore/328P_16MHz/libArduinoCore.a(WString.o)
String::trim()                                    /Users/frehnerp/Documents/eclipse/ws/Arduino/ArduinoCore/328P_16MHz/libArduinoCore.a(WString.o)
String::~String()                                 /Users/frehnerp/Documents/eclipse/ws/Arduino/ArduinoCore/328P_16MHz/libArduinoCore.a(WString.o)
String::~String()                                 /Users/frehnerp/Documents/eclipse/ws/Arduino/ArduinoCore/328P_16MHz/libArduinoCore.a(WString.o)
TwoWire::TwoWire()                                ./arduinolib/src/Wire.o
TwoWire::TwoWire()                                ./arduinolib/src/Wire.o
TwoWire::available()                              ./arduinolib/src/Wire.o
TwoWire::begin()                                  ./arduinolib/src/Wire.o
TwoWire::begin(int)                               ./arduinolib/src/Wire.o
TwoWire::begin(unsigned char)                     ./arduinolib/src/Wire.o
TwoWire::beginTransmission(int)                   ./arduinolib/src/Wire.o
TwoWire::beginTransmission(unsigned char)         ./arduinolib/src/Wire.o
TwoWire::endTransmission()                        ./arduinolib/src/Wire.o
TwoWire::flush()                                  ./arduinolib/src/Wire.o
TwoWire::onReceive(void (*)(int))                 ./arduinolib/src/Wire.o
TwoWire::onReceiveService(unsigned char*, int)    ./arduinolib/src/Wire.o
TwoWire::onRequest(void (*)())                    ./arduinolib/src/Wire.o
TwoWire::onRequestService()                       ./arduinolib/src/Wire.o
TwoWire::peek()                                   ./arduinolib/src/Wire.o
TwoWire::read()                                   ./arduinolib/src/Wire.o
TwoWire::requestFrom(int, int)                    ./arduinolib/src/Wire.o
TwoWire::requestFrom(unsigned char, unsigned char) ./arduinolib/src/Wire.o
TwoWire::rxBuffer                                 ./arduinolib/src/Wire.o
TwoWire::rxBufferIndex                            ./arduinolib/src/Wire.o
TwoWire::rxBufferLength                           ./arduinolib/src/Wire.o
TwoWire::transmitting                             ./arduinolib/src/Wire.o