Archive member included because of file (symbol)

/Users/frehnerp/Documents/eclipse/ws/Arduino/ArduinoCore/328P_16MHz/libArduinoCore.a(HardwareSerial.o)
                              ./redfly/src/RedFly.o (Serial)
/Users/frehnerp/Documents/eclipse/ws/Arduino/ArduinoCore/328P_16MHz/libArduinoCore.a(IPAddress.o)
                              ./arduinolib/src/Dhcp.o (vtable for IPAddress)
/Users/frehnerp/Documents/eclipse/ws/Arduino/ArduinoCore/328P_16MHz/libArduinoCore.a(Print.o)
                              ./redfly/src/RedFlyClient.o (Print::write(unsigned char const*, unsigned int))
/Users/frehnerp/Documents/eclipse/ws/Arduino/ArduinoCore/328P_16MHz/libArduinoCore.a(WMath.o)
                              ./arduinolib/src/Servo.o (map(long, long, long, long, long))
/Users/frehnerp/Documents/eclipse/ws/Arduino/ArduinoCore/328P_16MHz/libArduinoCore.a(WString.o)
                              /Users/frehnerp/Documents/eclipse/ws/Arduino/ArduinoCore/328P_16MHz/libArduinoCore.a(Print.o) (String::operator[](unsigned int) const)
/Users/frehnerp/Documents/eclipse/ws/Arduino/ArduinoCore/328P_16MHz/libArduinoCore.a(main.o)
                              /usr/local/CrossPack-AVR-20100115/lib/gcc/avr/4.3.3/../../../../avr/lib/avr5/crtm328p.o (main)
/Users/frehnerp/Documents/eclipse/ws/Arduino/ArduinoCore/328P_16MHz/libArduinoCore.a(new.o)
                              ./redfly/src/RedFlyClient.o (__cxa_pure_virtual)
/Users/frehnerp/Documents/eclipse/ws/Arduino/ArduinoCore/328P_16MHz/libArduinoCore.a(wiring.o)
                              ./arduinolib/src/Dhcp.o (millis)
/Users/frehnerp/Documents/eclipse/ws/Arduino/ArduinoCore/328P_16MHz/libArduinoCore.a(wiring_analog.o)
                              ./main/src/WebServer.o (analogRead)
/Users/frehnerp/Documents/eclipse/ws/Arduino/ArduinoCore/328P_16MHz/libArduinoCore.a(wiring_digital.o)
                              ./redfly/src/RedFly.o (pinMode)
/usr/local/CrossPack-AVR-20100115/lib/gcc/avr/4.3.3/../../../../avr/lib/avr5/libm.a(addsf3.o)
                              /Users/frehnerp/Documents/eclipse/ws/Arduino/ArduinoCore/328P_16MHz/libArduinoCore.a(Print.o) (__subsf3)
/usr/local/CrossPack-AVR-20100115/lib/gcc/avr/4.3.3/../../../../avr/lib/avr5/libm.a(addsf3x.o)
                              /usr/local/CrossPack-AVR-20100115/lib/gcc/avr/4.3.3/../../../../avr/lib/avr5/libm.a(addsf3.o) (__addsf3x)
/usr/local/CrossPack-AVR-20100115/lib/gcc/avr/4.3.3/../../../../avr/lib/avr5/libm.a(cmpsf2.o)
                              /Users/frehnerp/Documents/eclipse/ws/Arduino/ArduinoCore/328P_16MHz/libArduinoCore.a(Print.o) (__ltsf2)
/usr/local/CrossPack-AVR-20100115/lib/gcc/avr/4.3.3/../../../../avr/lib/avr5/libm.a(divsf3.o)
                              /Users/frehnerp/Documents/eclipse/ws/Arduino/ArduinoCore/328P_16MHz/libArduinoCore.a(Print.o) (__divsf3)
/usr/local/CrossPack-AVR-20100115/lib/gcc/avr/4.3.3/../../../../avr/lib/avr5/libm.a(divsf3x.o)
                              /usr/local/CrossPack-AVR-20100115/lib/gcc/avr/4.3.3/../../../../avr/lib/avr5/libm.a(divsf3.o) (__divsf3x)
/usr/local/CrossPack-AVR-20100115/lib/gcc/avr/4.3.3/../../../../avr/lib/avr5/libm.a(fixsfsi.o)
                              /Users/frehnerp/Documents/eclipse/ws/Arduino/ArduinoCore/328P_16MHz/libArduinoCore.a(Print.o) (__fixsfsi)
/usr/local/CrossPack-AVR-20100115/lib/gcc/avr/4.3.3/../../../../avr/lib/avr5/libm.a(fixunssfsi.o)
                              /Users/frehnerp/Documents/eclipse/ws/Arduino/ArduinoCore/328P_16MHz/libArduinoCore.a(Print.o) (__fixunssfsi)
/usr/local/CrossPack-AVR-20100115/lib/gcc/avr/4.3.3/../../../../avr/lib/avr5/libm.a(floatsisf.o)
                              /Users/frehnerp/Documents/eclipse/ws/Arduino/ArduinoCore/328P_16MHz/libArduinoCore.a(Print.o) (__floatunsisf)
/usr/local/CrossPack-AVR-20100115/lib/gcc/avr/4.3.3/../../../../avr/lib/avr5/libm.a(fp_cmp.o)
                              /usr/local/CrossPack-AVR-20100115/lib/gcc/avr/4.3.3/../../../../avr/lib/avr5/libm.a(cmpsf2.o) (__fp_cmp)
/usr/local/CrossPack-AVR-20100115/lib/gcc/avr/4.3.3/../../../../avr/lib/avr5/libm.a(fp_inf.o)
                              /usr/local/CrossPack-AVR-20100115/lib/gcc/avr/4.3.3/../../../../avr/lib/avr5/libm.a(addsf3x.o) (__fp_inf)
/usr/local/CrossPack-AVR-20100115/lib/gcc/avr/4.3.3/../../../../avr/lib/avr5/libm.a(fp_nan.o)
                              /usr/local/CrossPack-AVR-20100115/lib/gcc/avr/4.3.3/../../../../avr/lib/avr5/libm.a(addsf3x.o) (__fp_nan)
/usr/local/CrossPack-AVR-20100115/lib/gcc/avr/4.3.3/../../../../avr/lib/avr5/libm.a(fp_pscA.o)
                              /usr/local/CrossPack-AVR-20100115/lib/gcc/avr/4.3.3/../../../../avr/lib/avr5/libm.a(addsf3x.o) (__fp_pscA)
/usr/local/CrossPack-AVR-20100115/lib/gcc/avr/4.3.3/../../../../avr/lib/avr5/libm.a(fp_pscB.o)
                              /usr/local/CrossPack-AVR-20100115/lib/gcc/avr/4.3.3/../../../../avr/lib/avr5/libm.a(addsf3x.o) (__fp_pscB)
[...]
Memory Configuration

Name             Origin             Length             Attributes
text             0x00000000         0x00020000         xr
data             0x00800060         0x0000ffa0         rw !x
eeprom           0x00810000         0x00010000         rw !x
fuse             0x00820000         0x00000400         rw !x
lock             0x00830000         0x00000400         rw !x
signature        0x00840000         0x00000400         rw !x
*default*        0x00000000         0xffffffff

Linker script and memory map

Address of section .data set to 0x800100
LOAD /usr/local/CrossPack-AVR-20100115/lib/gcc/avr/4.3.3/../../../../avr/lib/avr5/crtm328p.o
LOAD ./redfly/src/RedFly.o
LOAD ./redfly/src/RedFlyClient.o
LOAD ./redfly/src/RedFlyServer.o
LOAD ./main/src/WebServer.o
LOAD ./arduinolib/src/Dhcp.o
LOAD ./arduinolib/src/Dns.o
LOAD ./arduinolib/src/EEPROM.o
LOAD ./arduinolib/src/Ethernet.o
LOAD ./arduinolib/src/EthernetClient.o
LOAD ./arduinolib/src/EthernetServer.o
LOAD ./arduinolib/src/EthernetUdp.o
LOAD ./arduinolib/src/File.o
LOAD ./arduinolib/src/Firmata.o
LOAD ./arduinolib/src/LiquidCrystal.o
LOAD ./arduinolib/src/SD.o
LOAD ./arduinolib/src/SPI.o
LOAD ./arduinolib/src/Sd2Card.o
LOAD ./arduinolib/src/SdFile.o
LOAD ./arduinolib/src/SdVolume.o
LOAD ./arduinolib/src/Servo.o
LOAD ./arduinolib/src/SoftwareSerial.o
LOAD ./arduinolib/src/Stepper.o
LOAD ./arduinolib/src/Wire.o
LOAD ./arduinolib/src/socket.o
LOAD ./arduinolib/src/twi.o
LOAD ./arduinolib/src/w5100.o
LOAD /Users/frehnerp/Documents/eclipse/ws/Arduino/ArduinoCore/328P_16MHz/libArduinoCore.a
LOAD /usr/local/CrossPack-AVR-20100115/lib/gcc/avr/4.3.3/../../../../avr/lib/avr5/libm.a
LOAD /usr/local/CrossPack-AVR-20100115/lib/gcc/avr/4.3.3/avr5/libgcc.a
LOAD /usr/local/CrossPack-AVR-20100115/lib/gcc/avr/4.3.3/../../../../avr/lib/avr5/libm.a
LOAD /usr/local/CrossPack-AVR-20100115/lib/gcc/avr/4.3.3/avr5/libgcc.a
LOAD /usr/local/CrossPack-AVR-20100115/lib/gcc/avr/4.3.3/../../../../avr/lib/avr5/libc.a
LOAD /usr/local/CrossPack-AVR-20100115/lib/gcc/avr/4.3.3/avr5/libgcc.a

.hash
 *(.hash)

.dynsym
 *(.dynsym)

.dynstr
 *(.dynstr)

.gnu.version
 *(.gnu.version)

.gnu.version_d
 *(.gnu.version_d)

.gnu.version_r
 *(.gnu.version_r)

.rel.init
 *(.rel.init)

.rela.init
 *(.rela.init)

.rel.text
 *(.rel.text)
 *(.rel.text.*)
 *(.rel.gnu.linkonce.t*)

.rela.text
 *(.rela.text)
 *(.rela.text.*)
 *(.rela.gnu.linkonce.t*)

.rel.fini
 *(.rel.fini)

.rela.fini
 *(.rela.fini)

.rel.rodata
 *(.rel.rodata)
 *(.rel.rodata.*)
 *(.rel.gnu.linkonce.r*)

.rela.rodata
 *(.rela.rodata)
 *(.rela.rodata.*)
 *(.rela.gnu.linkonce.r*)

.rel.data
 *(.rel.data)
 *(.rel.data.*)
 *(.rel.gnu.linkonce.d*)

.rela.data
 *(.rela.data)
 *(.rela.data.*)
 *(.rela.gnu.linkonce.d*)

.rel.ctors
 *(.rel.ctors)

.rela.ctors
 *(.rela.ctors)

.rel.dtors
 *(.rel.dtors)

.rela.dtors
 *(.rela.dtors)

.rel.got
 *(.rel.got)

.rela.got
 *(.rela.got)

.rel.bss
 *(.rel.bss)

.rela.bss
 *(.rela.bss)

.rel.plt
 *(.rel.plt)

.rela.plt
 *(.rela.plt)

.text           0x00000000     0x4858
 *(.vectors)
 .vectors       0x00000000       0x68 /usr/local/CrossPack-AVR-20100115/lib/gcc/avr/4.3.3/../../../../avr/lib/avr5/crtm328p.o
                0x00000000                __vectors
                0x00000000                __vector_default
 *(.vectors)
 *(.progmem.gcc*)
 *(.progmem*)
 .progmem.data  0x00000068      0x316 ./redfly/src/RedFly.o
 .progmem.data  0x0000037e        0x3 ./redfly/src/RedFlyServer.o
 .progmem.data  0x00000381       0x80 ./main/src/WebServer.o
 .progmem.data  0x00000401       0x5a /Users/frehnerp/Documents/eclipse/ws/Arduino/ArduinoCore/328P_16MHz/libArduinoCore.a(wiring_digital.o)
                0x00000401                port_to_mode_PGM
                0x0000041f                digital_pin_to_port_PGM
                0x00000433                digital_pin_to_bit_mask_PGM
                0x0000040b                port_to_output_PGM
                0x00000415                port_to_input_PGM
                0x00000447                digital_pin_to_timer_PGM
                0x0000045c                . = ALIGN (0x2)
 *fill*         0x0000045b        0x1 00
                0x0000045c                __trampolines_start = .
 *(.trampolines)
 .trampolines   0x0000045c        0x0 linker stubs
 *(.trampolines*)
                0x0000045c                __trampolines_end = .
 *(.jumptables)
 *(.jumptables*)
 *(.lowtext)
 *(.lowtext*)
                0x0000045c                __ctors_start = .
 *(.ctors)
 .ctors         0x0000045c        0x2 ./redfly/src/RedFly.o
 .ctors         0x0000045e        0x2 ./main/src/WebServer.o
 .ctors         0x00000460        0x2 ./arduinolib/src/Dhcp.o
 .ctors         0x00000462        0x2 ./arduinolib/src/Dns.o
 .ctors         0x00000464        0x2 ./arduinolib/src/Ethernet.o
 .ctors         0x00000466        0x2 ./arduinolib/src/EthernetClient.o
 .ctors         0x00000468        0x2 ./arduinolib/src/EthernetServer.o
 .ctors         0x0000046a        0x2 ./arduinolib/src/EthernetUdp.o
 .ctors         0x0000046c        0x2 ./arduinolib/src/Firmata.o
 .ctors         0x0000046e        0x2 ./arduinolib/src/SD.o
 .ctors         0x00000470        0x2 ./arduinolib/src/Wire.o
 .ctors         0x00000472        0x2 /Users/frehnerp/Documents/eclipse/ws/Arduino/ArduinoCore/328P_16MHz/libArduinoCore.a(HardwareSerial.o)
 .ctors         0x00000474        0x2 /Users/frehnerp/Documents/eclipse/ws/Arduino/ArduinoCore/328P_16MHz/libArduinoCore.a(IPAddress.o)
                0x00000476                __ctors_end = .
                0x00000476                __dtors_start = .
 *(.dtors)
                0x00000476                __dtors_end = .
 SORT(*)(.ctors)
 SORT(*)(.dtors)
 *(.init0)
 .init0         0x00000476        0x0 /usr/local/CrossPack-AVR-20100115/lib/gcc/avr/4.3.3/../../../../avr/lib/avr5/crtm328p.o
                0x00000476                __init
 *(.init0)
 *(.init1)
 *(.init1)
 *(.init2)
 .init2         0x00000476        0xc /usr/local/CrossPack-AVR-20100115/lib/gcc/avr/4.3.3/../../../../avr/lib/avr5/crtm328p.o
 *(.init2)
 *(.init3)
 *(.init3)
 *(.init4)
 .init4         0x00000482       0x16 /usr/local/CrossPack-AVR-20100115/lib/gcc/avr/4.3.3/avr5/libgcc.a(_copy_data.o)
                0x00000482                __do_copy_data
 .init4         0x00000498       0x10 /usr/local/CrossPack-AVR-20100115/lib/gcc/avr/4.3.3/avr5/libgcc.a(_clear_bss.o)
                0x00000498                __do_clear_bss
 *(.init4)
 *(.init5)
 *(.init5)
 *(.init6)
 .init6         0x000004a8       0x16 /usr/local/CrossPack-AVR-20100115/lib/gcc/avr/4.3.3/avr5/libgcc.a(_ctors.o)
                0x000004a8                __do_global_ctors
 *(.init6)
 *(.init7)
 *(.init7)
 *(.init8)
 *(.init8)
 *(.init9)
 .init9         0x000004be        0x8 /usr/local/CrossPack-AVR-20100115/lib/gcc/avr/4.3.3/../../../../avr/lib/avr5/crtm328p.o
 *(.init9)
 *(.text)
 .text          0x000004c6        0x4 /usr/local/CrossPack-AVR-20100115/lib/gcc/avr/4.3.3/../../../../avr/lib/avr5/crtm328p.o
                0x000004c6                __vector_22
                0x000004c6                __vector_1
                0x000004c6                __vector_12
                0x000004c6                __bad_interrupt
                0x000004c6                __vector_6
                0x000004c6                __vector_23
                0x000004c6                __vector_25
                0x000004c6                __vector_13
                0x000004c6                __vector_17
                0x000004c6                __vector_7
                0x000004c6                __vector_9
                0x000004c6                __vector_2
                0x000004c6                __vector_21
                0x000004c6                __vector_15
                0x000004c6                __vector_8
                0x000004c6                __vector_14
                0x000004c6                __vector_10
                0x000004c6                __vector_20
                0x000004ca                . = ALIGN (0x2)
 *(.text.*)
 .text._GLOBAL__I_RedFly
                0x000004ca        0x2 ./redfly/src/RedFly.o
 .text._ZN6REDFLY5iptoaEPhPc
                0x000004cc       0x78 ./redfly/src/RedFly.o
                0x000004cc                REDFLY::iptoa(unsigned char*, char*)
 .text._ZN6REDFLY11setbaudrateEm
                0x00000544       0x46 ./redfly/src/RedFly.o
                0x00000544                REDFLY::setbaudrate(unsigned long)
 .text._ZN6REDFLY8readwaitEv
                0x0000058a       0x16 ./redfly/src/RedFly.o
                0x0000058a                REDFLY::readwait()
 .text._ZN6REDFLY10socketReadEPhPjS0_S1_S0_j
                0x000005a0      0x44a ./redfly/src/RedFly.o
                0x000005a0                REDFLY::socketRead(unsigned char*, unsigned int*, unsigned char*, unsigned int*, unsigned char*, unsigned int)
 .text._ZN6REDFLY10socketReadEPhPjS0_j
                0x000009ea       0x2a ./redfly/src/RedFly.o
                0x000009ea                REDFLY::socketRead(unsigned char*, unsigned int*, unsigned char*, unsigned int)
 .text._ZN6REDFLY3cmdEPhhPKcPcS2_S0_j
                0x00000a14      0x2f8 ./redfly/src/RedFly.o
                0x00000a14                REDFLY::cmd(unsigned char*, unsigned char, char const*, char*, char const*, unsigned char*, unsigned int)
 .text._ZN6REDFLY3cmdEPKc
                0x00000d0c       0x3e ./redfly/src/RedFly.o
                0x00000d0c                REDFLY::cmd(char const*)
 .text._ZN6REDFLY4scanEv
                0x00000d4a       0x1e ./redfly/src/RedFly.o
                0x00000d4a                REDFLY::scan()
 .text._ZN6REDFLY3cmdEPKcPc
                0x00000d68       0x3c ./redfly/src/RedFly.o
                0x00000d68                REDFLY::cmd(char const*, char*)
 .text._ZN6REDFLY3cmdEPKcPcPhj
                0x00000da4       0x3c ./redfly/src/RedFly.o
                0x00000da4                REDFLY::cmd(char const*, char*, unsigned char*, unsigned int)
 .text._ZN6REDFLY3cmdEPKcPcS1_
                0x00000de0       0x3c ./redfly/src/RedFly.o
                0x00000de0                REDFLY::cmd(char const*, char*, char const*)
 .text._ZN6REDFLY3cmdEPhhPKc
                0x00000e1c       0x36 ./redfly/src/RedFly.o
                0x00000e1c                REDFLY::cmd(unsigned char*, unsigned char, char const*)
 .text._ZN6REDFLY12socketClosedEh
                0x00000e52       0x90 ./redfly/src/RedFly.o
                0x00000e52                REDFLY::socketClosed(unsigned char)
 .text._ZN6REDFLY5flushEv
                0x00000ee2       0x46 ./redfly/src/RedFly.o
                0x00000ee2                REDFLY::flush()
 .text._ZN6REDFLY11socketResetEv
                0x00000f28       0x24 ./redfly/src/RedFly.o
                0x00000f28                REDFLY::socketReset()
 .text._ZN6REDFLY10disconnectEv
                0x00000f4c       0x1a ./redfly/src/RedFly.o
                0x00000f4c                REDFLY::disconnect()
 .text._ZN6REDFLY7disableEv
                0x00000f66       0x16 ./redfly/src/RedFly.o
                0x00000f66                REDFLY::disable()
 .text._ZN6REDFLY6enableEv
                0x00000f7c       0x26 ./redfly/src/RedFly.o
                0x00000f7c                REDFLY::enable()
 .text._ZN6REDFLY3cmdEPhhPKci
                0x00000fa2       0x7c ./redfly/src/RedFly.o
                0x00000fa2                REDFLY::cmd(unsigned char*, unsigned char, char const*, int)
 .text._ZN6REDFLY3cmdEPKci
                0x0000101e       0x18 ./redfly/src/RedFly.o
                0x0000101e                REDFLY::cmd(char const*, int)
 .text._ZN6REDFLY11socketCloseEh
                0x00001036       0xbc ./redfly/src/RedFly.o
                0x00001036                REDFLY::socketClose(unsigned char)
 .text._ZN6REDFLY4joinEPcS0_hhh
                0x000010f2       0xda ./redfly/src/RedFly.o
                0x000010f2                REDFLY::join(char*, char*, unsigned char, unsigned char, unsigned char)
 .text._ZN6REDFLY4joinEPchh
                0x000011cc       0x1c ./redfly/src/RedFly.o
                0x000011cc                REDFLY::join(char*, unsigned char, unsigned char)
 .text._ZN6REDFLY12socketListenEhj
                0x000011e8       0x8a ./redfly/src/RedFly.o
                0x000011e8                REDFLY::socketListen(unsigned char, unsigned int)
 .text._ZN6REDFLY13socketSendPGMEhPKc
                0x00001272       0xec ./redfly/src/RedFly.o
                0x00001272                REDFLY::socketSendPGM(unsigned char, char const*)
 .text._ZN6REDFLY10socketSendEhPhjS0_j
                0x0000135e      0x1be ./redfly/src/RedFly.o
                0x0000135e                REDFLY::socketSend(unsigned char, unsigned char*, unsigned int, unsigned char*, unsigned int)
 .text._ZN6REDFLY10socketSendEhPc
                0x0000151c       0x2e ./redfly/src/RedFly.o
                0x0000151c                REDFLY::socketSend(unsigned char, char*)
 .text._ZN6REDFLY10socketSendEhPhj
                0x0000154a       0x1e ./redfly/src/RedFly.o
                0x0000154a                REDFLY::socketSend(unsigned char, unsigned char*, unsigned int)
 .text._ZN6REDFLY5beginEhPhS0_S0_S0_
                0x00001568      0x18a ./redfly/src/RedFly.o
                0x00001568                REDFLY::begin(unsigned char, unsigned char*, unsigned char*, unsigned char*, unsigned char*)
 .text._ZN6REDFLY5beginEPhS0_S0_S0_
                0x000016f2       0x2e ./redfly/src/RedFly.o
                0x000016f2                REDFLY::begin(unsigned char*, unsigned char*, unsigned char*, unsigned char*)
 .text._ZN6REDFLY10getlocalipEPh
                0x00001720       0x2a ./redfly/src/RedFly.o
                0x00001720                REDFLY::getlocalip(unsigned char*)
 .text._ZN6REDFLY4initEmh
                0x0000174a      0x1a6 ./redfly/src/RedFly.o
                0x0000174a                REDFLY::init(unsigned long, unsigned char)
 .text._ZN6REDFLY4initEv
                0x000018f0       0x10 ./redfly/src/RedFly.o
                0x000018f0                REDFLY::init()
 .text._ZN12RedFlyServerC1Ej
                0x00001900       0x18 ./redfly/src/RedFlyServer.o
                0x00001900                RedFlyServer::RedFlyServer(unsigned int)
 .text._ZN12RedFlyServer5beginEv
                0x00001918       0x14 ./redfly/src/RedFlyServer.o
                0x00001918                RedFlyServer::begin()
 .text._ZN12RedFlyServer5flushEv
                0x0000192c       0x3c ./redfly/src/RedFlyServer.o
                0x0000192c                RedFlyServer::flush()
 .text._ZN12RedFlyServercvbEv
                0x00001968       0x10 ./redfly/src/RedFlyServer.o
                0x00001968                RedFlyServer::operator bool()
 .text._ZN12RedFlyServer4stopEv
                0x00001978       0x30 ./redfly/src/RedFlyServer.o
                0x00001978                RedFlyServer::stop()
 .text._ZN12RedFlyServer9println_PEPKc
                0x000019a8       0x68 ./redfly/src/RedFlyServer.o
                0x000019a8                RedFlyServer::println_P(char const*)
 .text._ZN12RedFlyServer7print_PEPKc
                0x00001a10       0x56 ./redfly/src/RedFlyServer.o
                0x00001a10                RedFlyServer::print_P(char const*)
 .text._ZN12RedFlyServer5writeEPKhj
                0x00001a66       0x5a ./redfly/src/RedFlyServer.o
                0x00001a66                RedFlyServer::write(unsigned char const*, unsigned int)
 .text._ZN12RedFlyServer5writeEh
                0x00001ac0       0x6a ./redfly/src/RedFlyServer.o
                0x00001ac0                RedFlyServer::write(unsigned char)
 .text._ZN12RedFlyServer5writeEPKc
                0x00001b2a       0x64 ./redfly/src/RedFlyServer.o
                0x00001b2a                RedFlyServer::write(char const*)
 .text._ZN12RedFlyServer4readEPhj
                0x00001b8e       0x68 ./redfly/src/RedFlyServer.o
                0x00001b8e                RedFlyServer::read(unsigned char*, unsigned int)
 .text._ZN12RedFlyServer4readEv
                0x00001bf6       0x72 ./redfly/src/RedFlyServer.o
                0x00001bf6                RedFlyServer::read()
 .text._ZN12RedFlyServer9availableEv
                0x00001c68       0x4e ./redfly/src/RedFlyServer.o
                0x00001c68                RedFlyServer::available()
 .text._ZN12RedFlyServer9connectedEv
                0x00001cb6       0x38 ./redfly/src/RedFlyServer.o
                0x00001cb6                RedFlyServer::connected()
 .text._ZN12RedFlyServer7connectEv
                0x00001cee       0x34 ./redfly/src/RedFlyServer.o
                0x00001cee                RedFlyServer::connect()
 .text._GLOBAL__I_ssid
                0x00001d22       0x12 ./main/src/WebServer.o
 .text.loop     0x00001d34      0x1ae ./main/src/WebServer.o
                0x00001d34                loop
 .text._Z10debugoutlnPc
                0x00001ee2       0x2e ./main/src/WebServer.o
                0x00001ee2                debugoutln(char*)
 .text.setup    0x00001f10       0x8e ./main/src/WebServer.o
                0x00001f10                setup
 .text._GLOBAL__I__ZN9DhcpClass13beginWithDHCPEPhmm
                0x00001f9e       0x16 ./arduinolib/src/Dhcp.o
 .text._GLOBAL__I__ZN9DNSClient5beginERK9IPAddress
                0x00001fb4       0x16 ./arduinolib/src/Dns.o
 .text._GLOBAL__I__ZN13EthernetClass6_stateE
                0x00001fca       0x1e ./arduinolib/src/Ethernet.o
 .text._GLOBAL__I__ZN14EthernetClient8_srcportE
                0x00001fe8       0x16 ./arduinolib/src/EthernetClient.o
 .text._GLOBAL__I__ZN14EthernetServerC2Ej
                0x00001ffe       0x16 ./arduinolib/src/EthernetServer.o
 .text._GLOBAL__I__ZN11EthernetUDPC2Ev
                0x00002014       0x16 ./arduinolib/src/EthernetUdp.o
 .text._ZN12FirmataClass11systemResetEv
                0x0000202a       0x2e ./arduinolib/src/Firmata.o
                0x0000202a                FirmataClass::systemReset()
 .text._ZN12FirmataClassC1ER6Stream
                0x00002058        0xe ./arduinolib/src/Firmata.o
                0x00002058                FirmataClass::FirmataClass(Stream&)
 .text._GLOBAL__I__ZN12FirmataClass23sendValueAsTwo7bitBytesEi
                0x00002066        0xe ./arduinolib/src/Firmata.o
 .text._GLOBAL__I__Z20getNextPathComponentPcPjS_
                0x00002074       0x46 ./arduinolib/src/SD.o
 .text._ZN7Sd2Card11waitNotBusyEj
                0x000020ba       0x44 ./arduinolib/src/Sd2Card.o
                0x000020ba                Sd2Card::waitNotBusy(unsigned int)
 .text._ZN7Sd2Card13chipSelectLowEv
                0x000020fe        0xc ./arduinolib/src/Sd2Card.o
                0x000020fe                Sd2Card::chipSelectLow()
 .text._ZN7Sd2Card14chipSelectHighEv
                0x0000210a        0xc ./arduinolib/src/Sd2Card.o
                0x0000210a                Sd2Card::chipSelectHigh()
 .text._ZN7Sd2Card9writeDataEhPKh
                0x00002116       0x74 ./arduinolib/src/Sd2Card.o
                0x00002116                Sd2Card::writeData(unsigned char, unsigned char const*)
 .text._ZN7Sd2Card14waitStartBlockEv
                0x0000218a       0x5a ./arduinolib/src/Sd2Card.o
                0x0000218a                Sd2Card::waitStartBlock()
 .text._ZN7Sd2Card7readEndEv
                0x000021e4       0x46 ./arduinolib/src/Sd2Card.o
                0x000021e4                Sd2Card::readEnd()
 .text._ZN7Sd2Card11cardCommandEhm
                0x0000222a       0xa6 ./arduinolib/src/Sd2Card.o
                0x0000222a                Sd2Card::cardCommand(unsigned char, unsigned long)
 .text._ZN7Sd2Card10writeBlockEmPKh
                0x000022d0       0xba ./arduinolib/src/Sd2Card.o
                0x000022d0                Sd2Card::writeBlock(unsigned long, unsigned char const*)
 .text._ZN7Sd2Card8readDataEmjjPh
                0x0000238a      0x13a ./arduinolib/src/Sd2Card.o
                0x0000238a                Sd2Card::readData(unsigned long, unsigned int, unsigned int, unsigned char*)
 .text._ZN7Sd2Card9readBlockEmPh
                0x000024c4       0x20 ./arduinolib/src/Sd2Card.o
                0x000024c4                Sd2Card::readBlock(unsigned long, unsigned char*)
 .text._ZN6SdFile7seekSetEm
                0x000024e4      0x152 ./arduinolib/src/SdFile.o
                0x000024e4                SdFile::seekSet(unsigned long)
 .text._ZN6SdFile13cacheDirEntryEh
                0x00002636       0x3a ./arduinolib/src/SdFile.o
                0x00002636                SdFile::cacheDirEntry(unsigned char)
 .text._ZN6SdFile4syncEv
                0x00002670       0x94 ./arduinolib/src/SdFile.o
                0x00002670                SdFile::sync()
 .text._ZN6SdFile10addClusterEv
                0x00002704       0x4e ./arduinolib/src/SdFile.o
                0x00002704                SdFile::addCluster()
 .text._ZN6SdFile5writeEPKvj
                0x00002752      0x370 ./arduinolib/src/SdFile.o
                0x00002752                SdFile::write(void const*, unsigned int)
 .text._ZN6SdFile5writeEh
                0x00002ac2       0x22 ./arduinolib/src/SdFile.o
                0x00002ac2                SdFile::write(unsigned char)
 .text._ZN8SdVolume10cacheFlushEv
                0x00002ae4       0x76 ./arduinolib/src/SdVolume.o
                0x00002ae4                SdVolume::cacheFlush()
 .text._ZN8SdVolume13cacheRawBlockEmh
                0x00002b5a       0x76 ./arduinolib/src/SdVolume.o
                0x00002b5a                SdVolume::cacheRawBlock(unsigned long, unsigned char)
 .text._ZN8SdVolume6fatPutEmm
                0x00002bd0      0x138 ./arduinolib/src/SdVolume.o
                0x00002bd0                SdVolume::fatPut(unsigned long, unsigned long)
 .text._ZNK8SdVolume6fatGetEmPm
                0x00002d08       0xe6 ./arduinolib/src/SdVolume.o
                0x00002d08                SdVolume::fatGet(unsigned long, unsigned long*) const
 .text._ZN8SdVolume15allocContiguousEmPm
                0x00002dee      0x21e ./arduinolib/src/SdVolume.o
                0x00002dee                SdVolume::allocContiguous(unsigned long, unsigned long*)
 .text.__vector_11
                0x0000300c      0x17a ./arduinolib/src/Servo.o
                0x0000300c                __vector_11
 .text._ZN14SoftwareSerial4recvEv
                0x00003186       0xd4 ./arduinolib/src/SoftwareSerial.o
                0x00003186                SoftwareSerial::recv()
 .text._ZN14SoftwareSerial16handle_interruptEv
                0x0000325a       0x12 ./arduinolib/src/SoftwareSerial.o
                0x0000325a                SoftwareSerial::handle_interrupt()
 .text.__vector_3
                0x0000326c       0x48 ./arduinolib/src/SoftwareSerial.o
                0x0000326c                __vector_3
 .text.__vector_4
                0x000032b4       0x48 ./arduinolib/src/SoftwareSerial.o
                0x000032b4                __vector_4
 .text.__vector_5
                0x000032fc       0x48 ./arduinolib/src/SoftwareSerial.o
                0x000032fc                __vector_5
 .text._ZN7TwoWire9availableEv
                0x00003344       0x12 ./arduinolib/src/Wire.o
                0x00003344                TwoWire::available()
 .text._ZN7TwoWire4readEv
                0x00003356       0x2a ./arduinolib/src/Wire.o
                0x00003356                TwoWire::read()
 .text._ZN7TwoWire4peekEv
                0x00003380       0x22 ./arduinolib/src/Wire.o
                0x00003380                TwoWire::peek()
 .text._ZN7TwoWire5flushEv
                0x000033a2        0x2 ./arduinolib/src/Wire.o
                0x000033a2                TwoWire::flush()
 .text._GLOBAL__I__ZN7TwoWire8rxBufferE
                0x000033a4       0x2e ./arduinolib/src/Wire.o
 .text._ZN7TwoWire5writeEPKhj
                0x000033d2       0x62 ./arduinolib/src/Wire.o
                0x000033d2                TwoWire::write(unsigned char const*, unsigned int)
 .text._ZN7TwoWire5writeEh
                0x00003434       0x60 ./arduinolib/src/Wire.o
                0x00003434                TwoWire::write(unsigned char)
 .text.twi_transmit
                0x00003494       0x36 ./arduinolib/src/twi.o
                0x00003494                twi_transmit
 .text.__vector_24
                0x000034ca      0x2f6 ./arduinolib/src/twi.o
                0x000034ca                __vector_24
 .text._Z11serialEventv
                0x000037c0        0x2 /Users/frehnerp/Documents/eclipse/ws/Arduino/ArduinoCore/328P_16MHz/libArduinoCore.a(HardwareSerial.o)
                0x000037c0                serialEvent()
 .text.__vector_18
                0x000037c2       0x68 /Users/frehnerp/Documents/eclipse/ws/Arduino/ArduinoCore/328P_16MHz/libArduinoCore.a(HardwareSerial.o)
                0x000037c2                __vector_18
 .text._Z14serialEventRunv
                0x0000382a       0x26 /Users/frehnerp/Documents/eclipse/ws/Arduino/ArduinoCore/328P_16MHz/libArduinoCore.a(HardwareSerial.o)
                0x0000382a                serialEventRun()
 .text.__vector_19
                0x00003850       0x92 /Users/frehnerp/Documents/eclipse/ws/Arduino/ArduinoCore/328P_16MHz/libArduinoCore.a(HardwareSerial.o)
                0x00003850                __vector_19
 .text._ZN14HardwareSerial5beginEm
                0x000038e2      0x10c /Users/frehnerp/Documents/eclipse/ws/Arduino/ArduinoCore/328P_16MHz/libArduinoCore.a(HardwareSerial.o)
                0x000038e2                HardwareSerial::begin(unsigned long)
 .text._ZN14HardwareSerial9availableEv
                0x000039ee       0x22 /Users/frehnerp/Documents/eclipse/ws/Arduino/ArduinoCore/328P_16MHz/libArduinoCore.a(HardwareSerial.o)
                0x000039ee                HardwareSerial::available()
 .text._ZN14HardwareSerial4peekEv
                0x00003a10       0x40 /Users/frehnerp/Documents/eclipse/ws/Arduino/ArduinoCore/328P_16MHz/libArduinoCore.a(HardwareSerial.o)
                0x00003a10                HardwareSerial::peek()
 .text._ZN14HardwareSerial4readEv
                0x00003a50       0x52 /Users/frehnerp/Documents/eclipse/ws/Arduino/ArduinoCore/328P_16MHz/libArduinoCore.a(HardwareSerial.o)
                0x00003a50                HardwareSerial::read()
 .text._ZN14HardwareSerial5flushEv
                0x00003aa2       0x24 /Users/frehnerp/Documents/eclipse/ws/Arduino/ArduinoCore/328P_16MHz/libArduinoCore.a(HardwareSerial.o)
                0x00003aa2                HardwareSerial::flush()
 .text._ZN14HardwareSerial5writeEh
                0x00003ac6       0x78 /Users/frehnerp/Documents/eclipse/ws/Arduino/ArduinoCore/328P_16MHz/libArduinoCore.a(HardwareSerial.o)
                0x00003ac6                HardwareSerial::write(unsigned char)
 .text._GLOBAL__I_rx_buffer
                0x00003b3e       0xa0 /Users/frehnerp/Documents/eclipse/ws/Arduino/ArduinoCore/328P_16MHz/libArduinoCore.a(HardwareSerial.o)
 .text._ZN9IPAddressC1Ehhhh
                0x00003bde       0x18 /Users/frehnerp/Documents/eclipse/ws/Arduino/ArduinoCore/328P_16MHz/libArduinoCore.a(IPAddress.o)
                0x00003bde                IPAddress::IPAddress(unsigned char, unsigned char, unsigned char, unsigned char)
 .text._GLOBAL__I__ZN9IPAddressC2Ev
                0x00003bf6       0x1e /Users/frehnerp/Documents/eclipse/ws/Arduino/ArduinoCore/328P_16MHz/libArduinoCore.a(IPAddress.o)
 .text._ZNK9IPAddress7printToER5Print
                0x00003c14       0x84 /Users/frehnerp/Documents/eclipse/ws/Arduino/ArduinoCore/328P_16MHz/libArduinoCore.a(IPAddress.o)
                0x00003c14                IPAddress::printTo(Print&) const
 .text._ZN9IPAddressC1Ev
                0x00003c98       0x14 /Users/frehnerp/Documents/eclipse/ws/Arduino/ArduinoCore/328P_16MHz/libArduinoCore.a(IPAddress.o)
                0x00003c98                IPAddress::IPAddress()
 .text._ZN5Print5writeEPKhj
                0x00003cac       0x54 /Users/frehnerp/Documents/eclipse/ws/Arduino/ArduinoCore/328P_16MHz/libArduinoCore.a(Print.o)
                0x00003cac                Print::write(unsigned char const*, unsigned int)
 .text._ZN5Print5printEc
                0x00003d00       0x10 /Users/frehnerp/Documents/eclipse/ws/Arduino/ArduinoCore/328P_16MHz/libArduinoCore.a(Print.o)
                0x00003d00                Print::print(char)
 .text._ZN5Print7printlnEv
                0x00003d10       0x40 /Users/frehnerp/Documents/eclipse/ws/Arduino/ArduinoCore/328P_16MHz/libArduinoCore.a(Print.o)
                0x00003d10                Print::println()
 .text._ZN5Print5writeEPKc
                0x00003d50       0x28 /Users/frehnerp/Documents/eclipse/ws/Arduino/ArduinoCore/328P_16MHz/libArduinoCore.a(Print.o)
                0x00003d50                Print::write(char const*)
 .text._ZN5Print11printNumberEmh
                0x00003d78       0xc8 /Users/frehnerp/Documents/eclipse/ws/Arduino/ArduinoCore/328P_16MHz/libArduinoCore.a(Print.o)
                0x00003d78                Print::printNumber(unsigned long, unsigned char)
 .text._ZN5Print5printEmi
                0x00003e40       0x1e /Users/frehnerp/Documents/eclipse/ws/Arduino/ArduinoCore/328P_16MHz/libArduinoCore.a(Print.o)
                0x00003e40                Print::print(unsigned long, int)
 .text._ZN5Print5printEhi
                0x00003e5e       0x24 /Users/frehnerp/Documents/eclipse/ws/Arduino/ArduinoCore/328P_16MHz/libArduinoCore.a(Print.o)
                0x00003e5e                Print::print(unsigned char, int)
 .text._ZN5Print5printEPKc
                0x00003e82        0x6 /Users/frehnerp/Documents/eclipse/ws/Arduino/ArduinoCore/328P_16MHz/libArduinoCore.a(Print.o)
                0x00003e82                Print::print(char const*)
 .text._ZN5Print7printlnEPKc
                0x00003e88       0x26 /Users/frehnerp/Documents/eclipse/ws/Arduino/ArduinoCore/328P_16MHz/libArduinoCore.a(Print.o)
                0x00003e88                Print::println(char const*)
 .text.main     0x00003eae       0x1e /Users/frehnerp/Documents/eclipse/ws/Arduino/ArduinoCore/328P_16MHz/libArduinoCore.a(main.o)
                0x00003eae                main
 .text.__vector_16
                0x00003ecc       0x90 /Users/frehnerp/Documents/eclipse/ws/Arduino/ArduinoCore/328P_16MHz/libArduinoCore.a(wiring.o)
                0x00003ecc                __vector_16
 .text.millis   0x00003f5c       0x1c /Users/frehnerp/Documents/eclipse/ws/Arduino/ArduinoCore/328P_16MHz/libArduinoCore.a(wiring.o)
                0x00003f5c                millis
 .text.init     0x00003f78       0x76 /Users/frehnerp/Documents/eclipse/ws/Arduino/ArduinoCore/328P_16MHz/libArduinoCore.a(wiring.o)
                0x00003f78                init
 .text.analogRead
                0x00003fee       0x44 /Users/frehnerp/Documents/eclipse/ws/Arduino/ArduinoCore/328P_16MHz/libArduinoCore.a(wiring_analog.o)
                0x00003fee                analogRead
 .text.pinMode  0x00004032       0x4c /Users/frehnerp/Documents/eclipse/ws/Arduino/ArduinoCore/328P_16MHz/libArduinoCore.a(wiring_digital.o)
                0x00004032                pinMode
 .text.turnOffPWM
                0x0000407e       0x5a /Users/frehnerp/Documents/eclipse/ws/Arduino/ArduinoCore/328P_16MHz/libArduinoCore.a(wiring_digital.o)
 .text.digitalWrite
                0x000040d8       0x66 /Users/frehnerp/Documents/eclipse/ws/Arduino/ArduinoCore/328P_16MHz/libArduinoCore.a(wiring_digital.o)
                0x000040d8                digitalWrite
 .text.libgcc   0x0000413e       0x3e /usr/local/CrossPack-AVR-20100115/lib/gcc/avr/4.3.3/avr5/libgcc.a(_mulsi3.o)
                0x0000413e                __mulsi3
 .text.libgcc   0x0000417c       0x26 /usr/local/CrossPack-AVR-20100115/lib/gcc/avr/4.3.3/avr5/libgcc.a(_divmodhi4.o)
                0x0000417c                __divmodhi4
                0x0000417c                _div
 .text.libgcc   0x000041a2       0x44 /usr/local/CrossPack-AVR-20100115/lib/gcc/avr/4.3.3/avr5/libgcc.a(_udivmodsi4.o)
                0x000041a2                __udivmodsi4
 .text.libgcc   0x000041e6       0x28 /usr/local/CrossPack-AVR-20100115/lib/gcc/avr/4.3.3/avr5/libgcc.a(_udivmodhi4.o)
                0x000041e6                __udivmodhi4
 .text.libgcc   0x0000420e        0xc /usr/local/CrossPack-AVR-20100115/lib/gcc/avr/4.3.3/avr5/libgcc.a(_tablejump.o)
                0x00004212                __tablejump__
                0x0000420e                __tablejump2__
 .text.avr-libc
                0x0000421a       0x16 /usr/local/CrossPack-AVR-20100115/lib/gcc/avr/4.3.3/../../../../avr/lib/avr5/libc.a(strcat_P.o)
                0x0000421a                strcat_P
 .text.avr-libc
                0x00004230       0x12 /usr/local/CrossPack-AVR-20100115/lib/gcc/avr/4.3.3/../../../../avr/lib/avr5/libc.a(strlen_P.o)
                0x00004230                strlen_P
 .text.avr-libc
                0x00004242       0x42 /usr/local/CrossPack-AVR-20100115/lib/gcc/avr/4.3.3/../../../../avr/lib/avr5/libc.a(itoa.o)
                0x00004242                itoa
 .text.avr-libc
                0x00004284       0x48 /usr/local/CrossPack-AVR-20100115/lib/gcc/avr/4.3.3/../../../../avr/lib/avr5/libc.a(sprintf_p.o)
                0x00004284                sprintf_P
 .text.avr-libc
                0x000042cc      0x3ba /usr/local/CrossPack-AVR-20100115/lib/gcc/avr/4.3.3/../../../../avr/lib/avr5/libc.a(vfprintf_std.o)
                0x000042cc                vfprintf
 .text.avr-libc
                0x00004686       0x16 /usr/local/CrossPack-AVR-20100115/lib/gcc/avr/4.3.3/../../../../avr/lib/avr5/libc.a(strnlen_P.o)
                0x00004686                strnlen_P
 .text.avr-libc
                0x0000469c       0x16 /usr/local/CrossPack-AVR-20100115/lib/gcc/avr/4.3.3/../../../../avr/lib/avr5/libc.a(strnlen.o)
                0x0000469c                strnlen
 .text.avr-libc
                0x000046b2       0x20 /usr/local/CrossPack-AVR-20100115/lib/gcc/avr/4.3.3/../../../../avr/lib/avr5/libc.a(strrev.o)
                0x000046b2                strrev
 .text.avr-libc
                0x000046d2       0x58 /usr/local/CrossPack-AVR-20100115/lib/gcc/avr/4.3.3/../../../../avr/lib/avr5/libc.a(fputc.o)
                0x000046d2                fputc
 .text.avr-libc
                0x0000472a       0xbc /usr/local/CrossPack-AVR-20100115/lib/gcc/avr/4.3.3/../../../../avr/lib/avr5/libc.a(ultoa_invert.o)
                0x0000472a                __ultoa_invert
 .text.libgcc   0x000047e6       0x38 /usr/local/CrossPack-AVR-20100115/lib/gcc/avr/4.3.3/avr5/libgcc.a(_prologue.o)
                0x000047e6                __prologue_saves__
 .text.libgcc   0x0000481e       0x36 /usr/local/CrossPack-AVR-20100115/lib/gcc/avr/4.3.3/avr5/libgcc.a(_epilogue.o)
                0x0000481e                __epilogue_restores__
                0x00004854                . = ALIGN (0x2)
 *(.fini9)
 .fini9         0x00004854        0x0 /usr/local/CrossPack-AVR-20100115/lib/gcc/avr/4.3.3/avr5/libgcc.a(_exit.o)
                0x00004854                exit
                0x00004854                _exit
 *(.fini9)
 *(.fini8)
 *(.fini8)
 *(.fini7)
 *(.fini7)
 *(.fini6)
 *(.fini6)
 *(.fini5)
 *(.fini5)
 *(.fini4)
 *(.fini4)
 *(.fini3)
 *(.fini3)
 *(.fini2)
 *(.fini2)
 *(.fini1)
 *(.fini1)
 *(.fini0)
 .fini0         0x00004854        0x4 /usr/local/CrossPack-AVR-20100115/lib/gcc/avr/4.3.3/avr5/libgcc.a(_exit.o)
 *(.fini0)
                0x00004858                _etext = .

.data           0x00800100       0x9e load address 0x00004858
                0x00800100                PROVIDE (__data_start, .)
 *(.data)
 .data          0x00800100       0x40 ./main/src/WebServer.o
 *(.data*)
 .data._ZZN6REDFLY10socketReadEPhPjS0_S1_S0_jE11last_socket
                0x00800140        0x1 ./redfly/src/RedFly.o
 .data.ssid     0x00800141        0x2 ./main/src/WebServer.o
                0x00800141                ssid
 .data.channel  0x00800143        0x1 ./main/src/WebServer.o
                0x00800143                channel
 .data.ip       0x00800144        0x4 ./main/src/WebServer.o
                0x00800144                ip
 .data.netmask  0x00800148        0x4 ./main/src/WebServer.o
                0x00800148                netmask
 .data.HTTP_Port
                0x0080014c        0x2 ./main/src/WebServer.o
                0x0080014c                HTTP_Port
 .data._ZN8SdVolume17cacheBlockNumber_E
                0x0080014e        0x4 ./arduinolib/src/SdVolume.o
                0x0080014e                SdVolume::cacheBlockNumber_
 .data.analog_reference
                0x00800152        0x1 /Users/frehnerp/Documents/eclipse/ws/Arduino/ArduinoCore/328P_16MHz/libArduinoCore.a(wiring_analog.o)
                0x00800152                analog_reference
 *(.rodata)
 *(.rodata*)
 .rodata._ZTV12RedFlyServer
                0x00800153       0x1c ./redfly/src/RedFlyServer.o
                0x00800153                vtable for RedFlyServer
 .rodata._ZTV6SdFile
                0x0080016f        0x8 ./arduinolib/src/SdFile.o
                0x0080016f                vtable for SdFile
 .rodata._ZTV7TwoWire
                0x00800177       0x10 ./arduinolib/src/Wire.o
                0x00800177                vtable for TwoWire
 .rodata._ZTV14HardwareSerial
                0x00800187       0x10 /Users/frehnerp/Documents/eclipse/ws/Arduino/ArduinoCore/328P_16MHz/libArduinoCore.a(HardwareSerial.o)
                0x00800187                vtable for HardwareSerial
 .rodata._ZTV9IPAddress
                0x00800197        0x6 /Users/frehnerp/Documents/eclipse/ws/Arduino/ArduinoCore/328P_16MHz/libArduinoCore.a(IPAddress.o)
                0x00800197                vtable for IPAddress
 *(.gnu.linkonce.d*)
                0x0080019e                . = ALIGN (0x2)
 *fill*         0x0080019d        0x1 00
                0x0080019e                _edata = .
                0x0080019e                PROVIDE (__data_end, .)

.bss            0x0080019e      0x4f7
                0x0080019e                PROVIDE (__bss_start, .)
 *(.bss)
 *(.bss*)
 .bss.RedFly    0x0080019e       0x4a ./redfly/src/RedFly.o
                0x0080019e                RedFly
 .bss._ZZN6REDFLY10socketReadEPhPjS0_S1_S0_jE6udp_ip
                0x008001e8        0x4 ./redfly/src/RedFly.o
 .bss._ZZN6REDFLY10socketReadEPhPjS0_S1_S0_jE8udp_port
                0x008001ec        0x2 ./redfly/src/RedFly.o
 .bss._ZZN6REDFLY10socketReadEPhPjS0_S1_S0_jE3pos
                0x008001ee        0x1 ./redfly/src/RedFly.o
 .bss._ZZN6REDFLY10socketReadEPhPjS0_S1_S0_jE3buf
                0x008001ef        0x8 ./redfly/src/RedFly.o
 .bss._ZZN6REDFLY10socketReadEPhPjS0_S1_S0_jE8last_len
                0x008001f7        0x2 ./redfly/src/RedFly.o
 .bss.server    0x008001f9        0x8 ./main/src/WebServer.o
                0x008001f9                server
 .bss._ZL11INADDR_NONE
                0x00800201        0x6 ./arduinolib/src/Dhcp.o
 .bss._ZL11INADDR_NONE
                0x00800207        0x6 ./arduinolib/src/Dns.o
 .bss.Ethernet  0x0080020d        0x6 ./arduinolib/src/Ethernet.o
                0x0080020d                Ethernet
 .bss._ZL11INADDR_NONE
                0x00800213        0x6 ./arduinolib/src/Ethernet.o
 .bss._ZL11INADDR_NONE
                0x00800219        0x6 ./arduinolib/src/EthernetClient.o
 .bss._ZL11INADDR_NONE
                0x0080021f        0x6 ./arduinolib/src/EthernetServer.o
 .bss._ZL11INADDR_NONE
                0x00800225        0x6 ./arduinolib/src/EthernetUdp.o
 .bss.Firmata   0x0080022b       0x3b ./arduinolib/src/Firmata.o
                0x0080022b                Firmata
 .bss.SD        0x00800266       0x49 ./arduinolib/src/SD.o
                0x00800266                SD
 .bss._ZN6SdFile9dateTime_E
                0x008002af        0x2 ./arduinolib/src/SdFile.o
                0x008002af                SdFile::dateTime_
 .bss._ZN8SdVolume12cacheBuffer_E
                0x008002b1      0x200 ./arduinolib/src/SdVolume.o
                0x008002b1                SdVolume::cacheBuffer_
 .bss._ZN8SdVolume7sdCard_E
                0x008004b1        0x2 ./arduinolib/src/SdVolume.o
                0x008004b1                SdVolume::sdCard_
 .bss._ZN8SdVolume11cacheDirty_E
                0x008004b3        0x1 ./arduinolib/src/SdVolume.o
                0x008004b3                SdVolume::cacheDirty_
 .bss._ZN8SdVolume17cacheMirrorBlock_E
                0x008004b4        0x4 ./arduinolib/src/SdVolume.o
                0x008004b4                SdVolume::cacheMirrorBlock_
 .bss.ServoCount
                0x008004b8        0x1 ./arduinolib/src/Servo.o
                0x008004b8                ServoCount
 .bss._ZL6servos
                0x008004b9       0x24 ./arduinolib/src/Servo.o
 .bss._ZL7Channel
                0x008004dd        0x1 ./arduinolib/src/Servo.o
 .bss._ZN14SoftwareSerial13active_objectE
                0x008004de        0x2 ./arduinolib/src/SoftwareSerial.o
                0x008004de                SoftwareSerial::active_object
 .bss._ZN14SoftwareSerial15_receive_bufferE
                0x008004e0       0x40 ./arduinolib/src/SoftwareSerial.o
                0x008004e0                SoftwareSerial::_receive_buffer
 .bss._ZN14SoftwareSerial20_receive_buffer_tailE
                0x00800520        0x1 ./arduinolib/src/SoftwareSerial.o
                0x00800520                SoftwareSerial::_receive_buffer_tail
 .bss._ZN14SoftwareSerial20_receive_buffer_headE
                0x00800521        0x1 ./arduinolib/src/SoftwareSerial.o
                0x00800521                SoftwareSerial::_receive_buffer_head
 .bss._ZN7TwoWire8rxBufferE
                0x00800522       0x20 ./arduinolib/src/Wire.o
                0x00800522                TwoWire::rxBuffer
 .bss._ZN7TwoWire13rxBufferIndexE
                0x00800542        0x1 ./arduinolib/src/Wire.o
                0x00800542                TwoWire::rxBufferIndex
 .bss._ZN7TwoWire14rxBufferLengthE
                0x00800543        0x1 ./arduinolib/src/Wire.o
                0x00800543                TwoWire::rxBufferLength
 .bss._ZN7TwoWire8txBufferE
                0x00800544       0x20 ./arduinolib/src/Wire.o
                0x00800544                TwoWire::txBuffer
 .bss._ZN7TwoWire13txBufferIndexE
                0x00800564        0x1 ./arduinolib/src/Wire.o
                0x00800564                TwoWire::txBufferIndex
 .bss._ZN7TwoWire14txBufferLengthE
                0x00800565        0x1 ./arduinolib/src/Wire.o
                0x00800565                TwoWire::txBufferLength
 .bss._ZN7TwoWire12transmittingE
                0x00800566        0x1 ./arduinolib/src/Wire.o
                0x00800566                TwoWire::transmitting
 .bss.Wire      0x00800567        0xc ./arduinolib/src/Wire.o
                0x00800567                Wire
 .bss.twi_state
                0x00800573        0x1 ./arduinolib/src/twi.o
 .bss.twi_slarw
                0x00800574        0x1 ./arduinolib/src/twi.o
 .bss.twi_onSlaveTransmit
                0x00800575        0x2 ./arduinolib/src/twi.o
 .bss.twi_onSlaveReceive
                0x00800577        0x2 ./arduinolib/src/twi.o
 .bss.twi_masterBuffer
                0x00800579       0x20 ./arduinolib/src/twi.o
 .bss.twi_masterBufferIndex
                0x00800599        0x1 ./arduinolib/src/twi.o
 .bss.twi_masterBufferLength
                0x0080059a        0x1 ./arduinolib/src/twi.o
 .bss.twi_txBuffer
                0x0080059b       0x20 ./arduinolib/src/twi.o
 .bss.twi_txBufferIndex
                0x008005bb        0x1 ./arduinolib/src/twi.o
 .bss.twi_txBufferLength
                0x008005bc        0x1 ./arduinolib/src/twi.o
 .bss.twi_rxBuffer
                0x008005bd       0x20 ./arduinolib/src/twi.o
 .bss.twi_rxBufferIndex
                0x008005dd        0x1 ./arduinolib/src/twi.o
 .bss.twi_error
                0x008005de        0x1 ./arduinolib/src/twi.o
 .bss.rx_buffer
                0x008005df       0x44 /Users/frehnerp/Documents/eclipse/ws/Arduino/ArduinoCore/328P_16MHz/libArduinoCore.a(HardwareSerial.o)
                0x008005df                rx_buffer
 .bss.tx_buffer
                0x00800623       0x44 /Users/frehnerp/Documents/eclipse/ws/Arduino/ArduinoCore/328P_16MHz/libArduinoCore.a(HardwareSerial.o)
                0x00800623                tx_buffer
 .bss.Serial    0x00800667       0x1f /Users/frehnerp/Documents/eclipse/ws/Arduino/ArduinoCore/328P_16MHz/libArduinoCore.a(HardwareSerial.o)
                0x00800667                Serial
 .bss._ZL11INADDR_NONE
                0x00800686        0x6 /Users/frehnerp/Documents/eclipse/ws/Arduino/ArduinoCore/328P_16MHz/libArduinoCore.a(IPAddress.o)
 .bss.timer0_overflow_count
                0x0080068c        0x4 /Users/frehnerp/Documents/eclipse/ws/Arduino/ArduinoCore/328P_16MHz/libArduinoCore.a(wiring.o)
                0x0080068c                timer0_overflow_count
 .bss.timer0_millis
                0x00800690        0x4 /Users/frehnerp/Documents/eclipse/ws/Arduino/ArduinoCore/328P_16MHz/libArduinoCore.a(wiring.o)
                0x00800690                timer0_millis
 .bss.timer0_fract
                0x00800694        0x1 /Users/frehnerp/Documents/eclipse/ws/Arduino/ArduinoCore/328P_16MHz/libArduinoCore.a(wiring.o)
 *(COMMON)
                0x00800695                PROVIDE (__bss_end, .)
                0x00004858                __data_load_start = LOADADDR (.data)
                0x000048f6                __data_load_end = (__data_load_start + SIZEOF (.data))

.noinit         0x00800695        0x0
                0x00800695                PROVIDE (__noinit_start, .)
 *(.noinit*)
                0x00800695                PROVIDE (__noinit_end, .)
                0x00800695                _end = .
                0x00800695                PROVIDE (__heap_start, .)

.eeprom         0x00810000        0x0
 *(.eeprom*)
                0x00810000                __eeprom_end = .

.fuse
 *(.fuse)
 *(.lfuse)
 *(.hfuse)
 *(.efuse)

.lock
 *(.lock*)

.signature
 *(.signature*)

.stab
 *(.stab)

.stabstr
 *(.stabstr)

.stab.excl
 *(.stab.excl)

.stab.exclstr
 *(.stab.exclstr)

.stab.index
 *(.stab.index)

.stab.indexstr
 *(.stab.indexstr)

.comment
 *(.comment)

.debug
 *(.debug)

.line
 *(.line)

.debug_srcinfo
 *(.debug_srcinfo)

.debug_sfnames
 *(.debug_sfnames)

.debug_aranges
 *(.debug_aranges)

.debug_pubnames
 *(.debug_pubnames)

.debug_info
 *(.debug_info)
 *(.gnu.linkonce.wi.*)

.debug_abbrev
 *(.debug_abbrev)

.debug_line
 *(.debug_line)

.debug_frame
 *(.debug_frame)

.debug_str
 *(.debug_str)

.debug_loc
 *(.debug_loc)

.debug_macinfo
 *(.debug_macinfo)
OUTPUT(ArduinoBase.elf elf32-avr)
LOAD linker stubs

.debug_ranges

Cross Reference Table

Symbol                                            File
DNSClient::BuildRequest(char const*)              ./arduinolib/src/Dns.o
DNSClient::ProcessResponse(unsigned int, IPAddress&) ./arduinolib/src/Dns.o
DNSClient::begin(IPAddress const&)                ./arduinolib/src/Dns.o
                                                  ./arduinolib/src/EthernetUdp.o
                                                  ./arduinolib/src/EthernetClient.o
DNSClient::getHostByName(char const*, IPAddress&) ./arduinolib/src/Dns.o
                                                  ./arduinolib/src/EthernetUdp.o
                                                  ./arduinolib/src/EthernetClient.o
DNSClient::inet_aton(char const*, IPAddress&)     ./arduinolib/src/Dns.o
DhcpClass::beginWithDHCP(unsigned char*, unsigned long, unsigned long) ./arduinolib/src/Dhcp.o
                                                  ./arduinolib/src/Ethernet.o
DhcpClass::getDhcpServerIp()                      ./arduinolib/src/Dhcp.o
DhcpClass::getDnsServerIp()                       ./arduinolib/src/Dhcp.o
                                                  ./arduinolib/src/Ethernet.o
DhcpClass::getGatewayIp()                         ./arduinolib/src/Dhcp.o
                                                  ./arduinolib/src/Ethernet.o
DhcpClass::getLocalIp()                           ./arduinolib/src/Dhcp.o
                                                  ./arduinolib/src/Ethernet.o
DhcpClass::getSubnetMask()                        ./arduinolib/src/Dhcp.o
                                                  ./arduinolib/src/Ethernet.o
DhcpClass::parseDHCPResponse(unsigned long, unsigned long&) ./arduinolib/src/Dhcp.o
DhcpClass::presend_DHCP()                         ./arduinolib/src/Dhcp.o
DhcpClass::send_DHCP_MESSAGE(unsigned char, unsigned int) ./arduinolib/src/Dhcp.o
EEPROM                                            ./arduinolib/src/EEPROM.o
EEPROMClass::read(int)                            ./arduinolib/src/EEPROM.o
EEPROMClass::write(int, unsigned char)            ./arduinolib/src/EEPROM.o
Ethernet                                          ./arduinolib/src/Ethernet.o
                                                  ./arduinolib/src/EthernetUdp.o
                                                  ./arduinolib/src/EthernetClient.o
EthernetClass::_server_port                       ./arduinolib/src/Ethernet.o
                                                  ./arduinolib/src/EthernetUdp.o
                                                  ./arduinolib/src/EthernetServer.o
                                                  ./arduinolib/src/EthernetClient.o
EthernetClass::_state                             ./arduinolib/src/Ethernet.o
EthernetClass::begin(unsigned char*)              ./arduinolib/src/Ethernet.o
EthernetClass::begin(unsigned char*, IPAddress)   ./arduinolib/src/Ethernet.o
EthernetClass::begin(unsigned char*, IPAddress, IPAddress) ./arduinolib/src/Ethernet.o
EthernetClass::begin(unsigned char*, IPAddress, IPAddress, IPAddress) ./arduinolib/src/Ethernet.o
EthernetClass::begin(unsigned char*, IPAddress, IPAddress, IPAddress, IPAddress) ./arduinolib/src/Ethernet.o
EthernetClass::dnsServerIP()                      ./arduinolib/src/Ethernet.o
                                                  ./arduinolib/src/EthernetUdp.o
                                                  ./arduinolib/src/EthernetClient.o
EthernetClass::gatewayIP()                        ./arduinolib/src/Ethernet.o
EthernetClass::localIP()                          ./arduinolib/src/Ethernet.o
EthernetClass::subnetMask()                       ./arduinolib/src/Ethernet.o
EthernetClient::EthernetClient()                  ./arduinolib/src/EthernetClient.o
EthernetClient::EthernetClient()                  ./arduinolib/src/EthernetClient.o
EthernetClient::EthernetClient(unsigned char)     ./arduinolib/src/EthernetClient.o
EthernetClient::EthernetClient(unsigned char)     ./arduinolib/src/EthernetClient.o
                                                  ./arduinolib/src/EthernetServer.o
EthernetClient::_srcport                          ./arduinolib/src/EthernetClient.o
EthernetClient::available()                       ./arduinolib/src/EthernetClient.o
                                                  ./arduinolib/src/EthernetServer.o
EthernetClient::connect(IPAddress, unsigned int)  ./arduinolib/src/EthernetClient.o
EthernetClient::connect(char const*, unsigned int) ./arduinolib/src/EthernetClient.o
EthernetClient::connected()                       ./arduinolib/src/EthernetClient.o
EthernetClient::flush()                           ./arduinolib/src/EthernetClient.o
EthernetClient::operator bool()                   ./arduinolib/src/EthernetClient.o
EthernetClient::peek()                            ./arduinolib/src/EthernetClient.o
EthernetClient::read()                            ./arduinolib/src/EthernetClient.o
EthernetClient::read(unsigned char*, unsigned int) ./arduinolib/src/EthernetClient.o
EthernetClient::status()                          ./arduinolib/src/EthernetClient.o
                                                  ./arduinolib/src/EthernetServer.o
EthernetClient::stop()                            ./arduinolib/src/EthernetClient.o
                                                  ./arduinolib/src/EthernetServer.o
EthernetClient::write(unsigned char const*, unsigned int) ./arduinolib/src/EthernetClient.o
                                                  ./arduinolib/src/EthernetServer.o
EthernetClient::write(unsigned char)              ./arduinolib/src/EthernetClient.o
EthernetServer::EthernetServer(unsigned int)      ./arduinolib/src/EthernetServer.o
EthernetServer::EthernetServer(unsigned int)      ./arduinolib/src/EthernetServer.o
EthernetServer::accept()                          ./arduinolib/src/EthernetServer.o
EthernetServer::available()                       ./arduinolib/src/EthernetServer.o
EthernetServer::begin()                           ./arduinolib/src/EthernetServer.o
EthernetServer::write(unsigned char const*, unsigned int) ./arduinolib/src/EthernetServer.o
EthernetServer::write(unsigned char)              ./arduinolib/src/EthernetServer.o
EthernetUDP::EthernetUDP()                        ./arduinolib/src/EthernetUdp.o
                                                  ./arduinolib/src/EthernetClient.o
                                                  ./arduinolib/src/Ethernet.o
EthernetUDP::EthernetUDP()                        ./arduinolib/src/EthernetUdp.o
EthernetUDP::available()                          ./arduinolib/src/EthernetUdp.o
                                                  ./arduinolib/src/Dns.o
                                                  ./arduinolib/src/Dhcp.o
EthernetUDP::begin(unsigned int)                  ./arduinolib/src/EthernetUdp.o
                                                  ./arduinolib/src/Dns.o
                                                  ./arduinolib/src/Dhcp.o
EthernetUDP::beginPacket(IPAddress, unsigned int) ./arduinolib/src/EthernetUdp.o
                                                  ./arduinolib/src/Dns.o
                                                  ./arduinolib/src/Dhcp.o
EthernetUDP::beginPacket(char const*, unsigned int) ./arduinolib/src/EthernetUdp.o
EthernetUDP::endPacket()                          ./arduinolib/src/EthernetUdp.o
                                                  ./arduinolib/src/Dns.o
                                                  ./arduinolib/src/Dhcp.o
EthernetUDP::flush()                              ./arduinolib/src/EthernetUdp.o
                                                  ./arduinolib/src/Dns.o
                                                  ./arduinolib/src/Dhcp.o
EthernetUDP::parsePacket()                        ./arduinolib/src/EthernetUdp.o
                                                  ./arduinolib/src/Dns.o
                                                  ./arduinolib/src/Dhcp.o
EthernetUDP::peek()                               ./arduinolib/src/EthernetUdp.o
EthernetUDP::read()                               ./arduinolib/src/EthernetUdp.o
                                                  ./arduinolib/src/Dns.o
                                                  ./arduinolib/src/Dhcp.o
EthernetUDP::read(char*, unsigned int)            ./arduinolib/src/EthernetUdp.o
EthernetUDP::read(unsigned char*, unsigned int)   ./arduinolib/src/EthernetUdp.o
                                                  ./arduinolib/src/Dns.o
                                                  ./arduinolib/src/Dhcp.o
EthernetUDP::remoteIP()                           ./arduinolib/src/EthernetUdp.o
EthernetUDP::remotePort()                         ./arduinolib/src/EthernetUdp.o
EthernetUDP::stop()                               ./arduinolib/src/EthernetUdp.o
                                                  ./arduinolib/src/Dns.o
                                                  ./arduinolib/src/Dhcp.o
EthernetUDP::write(unsigned char const*, unsigned int) ./arduinolib/src/EthernetUdp.o
                                                  ./arduinolib/src/Dns.o
                                                  ./arduinolib/src/Dhcp.o
EthernetUDP::write(unsigned char)                 ./arduinolib/src/EthernetUdp.o
File::File()                                      ./arduinolib/src/File.o
                                                  ./arduinolib/src/SD.o
File::File()                                      ./arduinolib/src/File.o
File::File(SdFile, char const*)                   ./arduinolib/src/File.o
File::File(SdFile, char const*)                   ./arduinolib/src/File.o
                                                  ./arduinolib/src/SD.o
File::available()                                 ./arduinolib/src/File.o
File::close()                                     ./arduinolib/src/File.o
File::flush()                                     ./arduinolib/src/File.o
File::isDirectory()                               ./arduinolib/src/File.o
                                                  ./arduinolib/src/SD.o
File::name()                                      ./arduinolib/src/File.o
File::openNextFile(unsigned char)                 ./arduinolib/src/SD.o
File::operator bool()                             ./arduinolib/src/File.o
File::peek()                                      ./arduinolib/src/File.o
File::position()                                  ./arduinolib/src/File.o
File::read()                                      ./arduinolib/src/File.o
File::read(void*, unsigned int)                   ./arduinolib/src/File.o
File::rewindDirectory()                           ./arduinolib/src/SD.o
File::seek(unsigned long)                         ./arduinolib/src/File.o
File::size()                                      ./arduinolib/src/File.o
File::write(unsigned char const*, unsigned int)   ./arduinolib/src/File.o
File::write(unsigned char)                        ./arduinolib/src/File.o
File::~File()                                     ./arduinolib/src/File.o
File::~File()                                     ./arduinolib/src/File.o
Firmata                                           ./arduinolib/src/Firmata.o
FirmataClass::FirmataClass(Stream&)               ./arduinolib/src/Firmata.o
FirmataClass::FirmataClass(Stream&)               ./arduinolib/src/Firmata.o
FirmataClass::attach(unsigned char, void (*)())   ./arduinolib/src/Firmata.o
FirmataClass::attach(unsigned char, void (*)(char*)) ./arduinolib/src/Firmata.o
FirmataClass::attach(unsigned char, void (*)(unsigned char, int)) ./arduinolib/src/Firmata.o
FirmataClass::attach(unsigned char, void (*)(unsigned char, unsigned char, unsigned char*)) ./arduinolib/src/Firmata.o
FirmataClass::available()                         ./arduinolib/src/Firmata.o
FirmataClass::begin()                             ./arduinolib/src/Firmata.o
FirmataClass::begin(Stream&)                      ./arduinolib/src/Firmata.o
FirmataClass::begin(long)                         ./arduinolib/src/Firmata.o
FirmataClass::blinkVersion()                      ./arduinolib/src/Firmata.o
FirmataClass::detach(unsigned char)               ./arduinolib/src/Firmata.o
FirmataClass::endSysex()                          ./arduinolib/src/Firmata.o
FirmataClass::pin13strobe(int, int, int)          ./arduinolib/src/Firmata.o
FirmataClass::printFirmwareVersion()              ./arduinolib/src/Firmata.o
FirmataClass::printVersion()                      ./arduinolib/src/Firmata.o
FirmataClass::processInput()                      ./arduinolib/src/Firmata.o
FirmataClass::processSysexMessage()               ./arduinolib/src/Firmata.o
FirmataClass::sendAnalog(unsigned char, int)      ./arduinolib/src/Firmata.o
FirmataClass::sendDigital(unsigned char, int)     ./arduinolib/src/Firmata.o
FirmataClass::sendDigitalPort(unsigned char, int) ./arduinolib/src/Firmata.o
FirmataClass::sendString(char const*)             ./arduinolib/src/Firmata.o
FirmataClass::sendString(unsigned char, char const*) ./arduinolib/src/Firmata.o
FirmataClass::sendSysex(unsigned char, unsigned char, unsigned char*) ./arduinolib/src/Firmata.o
FirmataClass::sendValueAsTwo7bitBytes(int)        ./arduinolib/src/Firmata.o
FirmataClass::setFirmwareNameAndVersion(char const*, unsigned char, unsigned char) ./arduinolib/src/Firmata.o
FirmataClass::startSysex()                        ./arduinolib/src/Firmata.o
FirmataClass::systemReset()                       ./arduinolib/src/Firmata.o
HTTP_Port                                         ./main/src/WebServer.o
HardwareSerial::HardwareSerial(ring_buffer*, ring_buffer*, unsigned char volatile*, unsigned char volatile*, unsigned char volatile*, unsigned char volatile*, unsigned char volatile*, unsigned char, unsigned char, unsigned char, unsigned char, unsigned char) /Users/frehnerp/Documents/eclipse/ws/Arduino/ArduinoCore/328P_16MHz/libArduinoCore.a(HardwareSerial.o)
HardwareSerial::HardwareSerial(ring_buffer*, ring_buffer*, unsigned char volatile*, unsigned char volatile*, unsigned char volatile*, unsigned char volatile*, unsigned char volatile*, unsigned char, unsigned char, unsigned char, unsigned char, unsigned char) /Users/frehnerp/Documents/eclipse/ws/Arduino/ArduinoCore/328P_16MHz/libArduinoCore.a(HardwareSerial.o)
HardwareSerial::available()                       /Users/frehnerp/Documents/eclipse/ws/Arduino/ArduinoCore/328P_16MHz/libArduinoCore.a(HardwareSerial.o)
                                                  ./redfly/src/RedFly.o
HardwareSerial::begin(unsigned long)              /Users/frehnerp/Documents/eclipse/ws/Arduino/ArduinoCore/328P_16MHz/libArduinoCore.a(HardwareSerial.o)
                                                  ./arduinolib/src/Firmata.o
                                                  ./redfly/src/RedFly.o
HardwareSerial::end()                             /Users/frehnerp/Documents/eclipse/ws/Arduino/ArduinoCore/328P_16MHz/libArduinoCore.a(HardwareSerial.o)
HardwareSerial::flush()                           /Users/frehnerp/Documents/eclipse/ws/Arduino/ArduinoCore/328P_16MHz/libArduinoCore.a(HardwareSerial.o)
                                                  ./redfly/src/RedFly.o
HardwareSerial::peek()                            /Users/frehnerp/Documents/eclipse/ws/Arduino/ArduinoCore/328P_16MHz/libArduinoCore.a(HardwareSerial.o)
HardwareSerial::read()                            /Users/frehnerp/Documents/eclipse/ws/Arduino/ArduinoCore/328P_16MHz/libArduinoCore.a(HardwareSerial.o)
                                                  ./redfly/src/RedFly.o
HardwareSerial::write(unsigned char)              /Users/frehnerp/Documents/eclipse/ws/Arduino/ArduinoCore/328P_16MHz/libArduinoCore.a(HardwareSerial.o)
                                                  ./arduinolib/src/SdFile.o
                                                  ./redfly/src/RedFly.o
IPAddress::IPAddress()                            /Users/frehnerp/Documents/eclipse/ws/Arduino/ArduinoCore/328P_16MHz/libArduinoCore.a(IPAddress.o)
IPAddress::IPAddress()                            /Users/frehnerp/Documents/eclipse/ws/Arduino/ArduinoCore/328P_16MHz/libArduinoCore.a(IPAddress.o)
                                                  ./arduinolib/src/EthernetUdp.o
                                                  ./arduinolib/src/EthernetClient.o
                                                  ./arduinolib/src/Ethernet.o
IPAddress::IPAddress(unsigned char const*)        /Users/frehnerp/Documents/eclipse/ws/Arduino/ArduinoCore/328P_16MHz/libArduinoCore.a(IPAddress.o)
                                                  ./arduinolib/src/Dhcp.o
IPAddress::IPAddress(unsigned char const*)        /Users/frehnerp/Documents/eclipse/ws/Arduino/ArduinoCore/328P_16MHz/libArduinoCore.a(IPAddress.o)
IPAddress::IPAddress(unsigned char, unsigned char, unsigned char, unsigned char) /Users/frehnerp/Documents/eclipse/ws/Arduino/ArduinoCore/328P_16MHz/libArduinoCore.a(IPAddress.o)
IPAddress::IPAddress(unsigned char, unsigned char, unsigned char, unsigned char) /Users/frehnerp/Documents/eclipse/ws/Arduino/ArduinoCore/328P_16MHz/libArduinoCore.a(IPAddress.o)
                                                  ./arduinolib/src/EthernetUdp.o
                                                  ./arduinolib/src/EthernetServer.o
                                                  ./arduinolib/src/EthernetClient.o
                                                  ./arduinolib/src/Ethernet.o
                                                  ./arduinolib/src/Dns.o
                                                  ./arduinolib/src/Dhcp.o
IPAddress::IPAddress(unsigned long)               /Users/frehnerp/Documents/eclipse/ws/Arduino/ArduinoCore/328P_16MHz/libArduinoCore.a(IPAddress.o)
IPAddress::IPAddress(unsigned long)               /Users/frehnerp/Documents/eclipse/ws/Arduino/ArduinoCore/328P_16MHz/libArduinoCore.a(IPAddress.o)
IPAddress::operator=(unsigned char const*)        /Users/frehnerp/Documents/eclipse/ws/Arduino/ArduinoCore/328P_16MHz/libArduinoCore.a(IPAddress.o)
                                                  ./arduinolib/src/EthernetUdp.o
IPAddress::operator=(unsigned long)               /Users/frehnerp/Documents/eclipse/ws/Arduino/ArduinoCore/328P_16MHz/libArduinoCore.a(IPAddress.o)
IPAddress::operator==(unsigned char const*)       /Users/frehnerp/Documents/eclipse/ws/Arduino/ArduinoCore/328P_16MHz/libArduinoCore.a(IPAddress.o)
IPAddress::printTo(Print&) const                  /Users/frehnerp/Documents/eclipse/ws/Arduino/ArduinoCore/328P_16MHz/libArduinoCore.a(IPAddress.o)
LiquidCrystal::LiquidCrystal(unsigned char, unsigned char, unsigned char, unsigned char, unsigned char, unsigned char) ./arduinolib/src/LiquidCrystal.o
LiquidCrystal::LiquidCrystal(unsigned char, unsigned char, unsigned char, unsigned char, unsigned char, unsigned char) ./arduinolib/src/LiquidCrystal.o
LiquidCrystal::LiquidCrystal(unsigned char, unsigned char, unsigned char, unsigned char, unsigned char, unsigned char, unsigned char) ./arduinolib/src/LiquidCrystal.o
LiquidCrystal::LiquidCrystal(unsigned char, unsigned char, unsigned char, unsigned char, unsigned char, unsigned char, unsigned char) ./arduinolib/src/LiquidCrystal.o
LiquidCrystal::LiquidCrystal(unsigned char, unsigned char, unsigned char, unsigned char, unsigned char, unsigned char, unsigned char, unsigned char, unsigned char, unsigned char) ./arduinolib/src/LiquidCrystal.o
LiquidCrystal::LiquidCrystal(unsigned char, unsigned char, unsigned char, unsigned char, unsigned char, unsigned char, unsigned char, unsigned char, unsigned char, unsigned char) ./arduinolib/src/LiquidCrystal.o
LiquidCrystal::LiquidCrystal(unsigned char, unsigned char, unsigned char, unsigned char, unsigned char, unsigned char, unsigned char, unsigned char, unsigned char, unsigned char, unsigned char) ./arduinolib/src/LiquidCrystal.o
LiquidCrystal::LiquidCrystal(unsigned char, unsigned char, unsigned char, unsigned char, unsigned char, unsigned char, unsigned char, unsigned char, unsigned char, unsigned char, unsigned char) ./arduinolib/src/LiquidCrystal.o
LiquidCrystal::autoscroll()                       ./arduinolib/src/LiquidCrystal.o
LiquidCrystal::begin(unsigned char, unsigned char, unsigned char) ./arduinolib/src/LiquidCrystal.o
LiquidCrystal::blink()                            ./arduinolib/src/LiquidCrystal.o
LiquidCrystal::clear()                            ./arduinolib/src/LiquidCrystal.o
LiquidCrystal::command(unsigned char)             ./arduinolib/src/LiquidCrystal.o
LiquidCrystal::createChar(unsigned char, unsigned char*) ./arduinolib/src/LiquidCrystal.o
LiquidCrystal::cursor()                           ./arduinolib/src/LiquidCrystal.o
LiquidCrystal::display()                          ./arduinolib/src/LiquidCrystal.o
LiquidCrystal::home()                             ./arduinolib/src/LiquidCrystal.o
LiquidCrystal::init(unsigned char, unsigned char, unsigned char, unsigned char, unsigned char, unsigned char, unsigned char, unsigned char, unsigned char, unsigned char, unsigned char, unsigned char) ./arduinolib/src/LiquidCrystal.o
LiquidCrystal::leftToRight()                      ./arduinolib/src/LiquidCrystal.o
LiquidCrystal::noAutoscroll()                     ./arduinolib/src/LiquidCrystal.o
LiquidCrystal::noBlink()                          ./arduinolib/src/LiquidCrystal.o
LiquidCrystal::noCursor()                         ./arduinolib/src/LiquidCrystal.o
LiquidCrystal::noDisplay()                        ./arduinolib/src/LiquidCrystal.o
LiquidCrystal::pulseEnable()                      ./arduinolib/src/LiquidCrystal.o
LiquidCrystal::rightToLeft()                      ./arduinolib/src/LiquidCrystal.o
LiquidCrystal::scrollDisplayLeft()                ./arduinolib/src/LiquidCrystal.o
LiquidCrystal::scrollDisplayRight()               ./arduinolib/src/LiquidCrystal.o
LiquidCrystal::send(unsigned char, unsigned char) ./arduinolib/src/LiquidCrystal.o
LiquidCrystal::setCursor(unsigned char, unsigned char) ./arduinolib/src/LiquidCrystal.o
LiquidCrystal::write(unsigned char)               ./arduinolib/src/LiquidCrystal.o
LiquidCrystal::write4bits(unsigned char)          ./arduinolib/src/LiquidCrystal.o
LiquidCrystal::write8bits(unsigned char)          ./arduinolib/src/LiquidCrystal.o
Print::print(Printable const&)                    /Users/frehnerp/Documents/eclipse/ws/Arduino/ArduinoCore/328P_16MHz/libArduinoCore.a(Print.o)
Print::print(String const&)                       /Users/frehnerp/Documents/eclipse/ws/Arduino/ArduinoCore/328P_16MHz/libArduinoCore.a(Print.o)
Print::print(__FlashStringHelper const*)          /Users/frehnerp/Documents/eclipse/ws/Arduino/ArduinoCore/328P_16MHz/libArduinoCore.a(Print.o)
Print::print(char const*)                         /Users/frehnerp/Documents/eclipse/ws/Arduino/ArduinoCore/328P_16MHz/libArduinoCore.a(Print.o)
                                                  ./arduinolib/src/SdFile.o
                                                  ./main/src/WebServer.o
Print::print(char)                                /Users/frehnerp/Documents/eclipse/ws/Arduino/ArduinoCore/328P_16MHz/libArduinoCore.a(Print.o)
                                                  /Users/frehnerp/Documents/eclipse/ws/Arduino/ArduinoCore/328P_16MHz/libArduinoCore.a(IPAddress.o)
                                                  ./arduinolib/src/SdFile.o
Print::print(double, int)                         /Users/frehnerp/Documents/eclipse/ws/Arduino/ArduinoCore/328P_16MHz/libArduinoCore.a(Print.o)
Print::print(int, int)                            /Users/frehnerp/Documents/eclipse/ws/Arduino/ArduinoCore/328P_16MHz/libArduinoCore.a(Print.o)
Print::print(long, int)                           /Users/frehnerp/Documents/eclipse/ws/Arduino/ArduinoCore/328P_16MHz/libArduinoCore.a(Print.o)
Print::print(unsigned char, int)                  /Users/frehnerp/Documents/eclipse/ws/Arduino/ArduinoCore/328P_16MHz/libArduinoCore.a(Print.o)
                                                  /Users/frehnerp/Documents/eclipse/ws/Arduino/ArduinoCore/328P_16MHz/libArduinoCore.a(IPAddress.o)
                                                  ./main/src/WebServer.o
Print::print(unsigned int, int)                   /Users/frehnerp/Documents/eclipse/ws/Arduino/ArduinoCore/328P_16MHz/libArduinoCore.a(Print.o)
                                                  ./arduinolib/src/SdFile.o
Print::print(unsigned long, int)                  /Users/frehnerp/Documents/eclipse/ws/Arduino/ArduinoCore/328P_16MHz/libArduinoCore.a(Print.o)
                                                  ./arduinolib/src/SdFile.o
Print::printFloat(double, unsigned char)          /Users/frehnerp/Documents/eclipse/ws/Arduino/ArduinoCore/328P_16MHz/libArduinoCore.a(Print.o)
Print::printNumber(unsigned long, unsigned char)  /Users/frehnerp/Documents/eclipse/ws/Arduino/ArduinoCore/328P_16MHz/libArduinoCore.a(Print.o)
Print::println()                                  /Users/frehnerp/Documents/eclipse/ws/Arduino/ArduinoCore/328P_16MHz/libArduinoCore.a(Print.o)
                                                  ./arduinolib/src/SdFile.o
Print::println(Printable const&)                  /Users/frehnerp/Documents/eclipse/ws/Arduino/ArduinoCore/328P_16MHz/libArduinoCore.a(Print.o)
Print::println(String const&)                     /Users/frehnerp/Documents/eclipse/ws/Arduino/ArduinoCore/328P_16MHz/libArduinoCore.a(Print.o)
Print::println(__FlashStringHelper const*)        /Users/frehnerp/Documents/eclipse/ws/Arduino/ArduinoCore/328P_16MHz/libArduinoCore.a(Print.o)
Print::println(char const*)                       /Users/frehnerp/Documents/eclipse/ws/Arduino/ArduinoCore/328P_16MHz/libArduinoCore.a(Print.o)
                                                  ./main/src/WebServer.o
Print::println(char)                              /Users/frehnerp/Documents/eclipse/ws/Arduino/ArduinoCore/328P_16MHz/libArduinoCore.a(Print.o)
Print::println(double, int)                       /Users/frehnerp/Documents/eclipse/ws/Arduino/ArduinoCore/328P_16MHz/libArduinoCore.a(Print.o)
Print::println(int, int)                          /Users/frehnerp/Documents/eclipse/ws/Arduino/ArduinoCore/328P_16MHz/libArduinoCore.a(Print.o)
Print::println(long, int)                         /Users/frehnerp/Documents/eclipse/ws/Arduino/ArduinoCore/328P_16MHz/libArduinoCore.a(Print.o)
Print::println(unsigned char, int)                /Users/frehnerp/Documents/eclipse/ws/Arduino/ArduinoCore/328P_16MHz/libArduinoCore.a(Print.o)
Print::println(unsigned int, int)                 /Users/frehnerp/Documents/eclipse/ws/Arduino/ArduinoCore/328P_16MHz/libArduinoCore.a(Print.o)
Print::println(unsigned long, int)                /Users/frehnerp/Documents/eclipse/ws/Arduino/ArduinoCore/328P_16MHz/libArduinoCore.a(Print.o)
Print::write(char const*)                         /Users/frehnerp/Documents/eclipse/ws/Arduino/ArduinoCore/328P_16MHz/libArduinoCore.a(Print.o)
Print::write(unsigned char const*, unsigned int)  /Users/frehnerp/Documents/eclipse/ws/Arduino/ArduinoCore/328P_16MHz/libArduinoCore.a(Print.o)
                                                  /Users/frehnerp/Documents/eclipse/ws/Arduino/ArduinoCore/328P_16MHz/libArduinoCore.a(HardwareSerial.o)
                                                  ./arduinolib/src/Wire.o
                                                  ./arduinolib/src/SoftwareSerial.o
                                                  ./arduinolib/src/SdFile.o
                                                  ./arduinolib/src/LiquidCrystal.o
                                                  ./arduinolib/src/File.o
                                                  ./arduinolib/src/EthernetUdp.o
                                                  ./arduinolib/src/EthernetServer.o
                                                  ./arduinolib/src/EthernetClient.o
                                                  ./redfly/src/RedFlyServer.o
                                                  ./redfly/src/RedFlyClient.o
REDFLY::REDFLY()                                  ./redfly/src/RedFly.o
REDFLY::REDFLY()                                  ./redfly/src/RedFly.o
REDFLY::available()                               ./redfly/src/RedFly.o
REDFLY::begin()                                   ./redfly/src/RedFly.o
REDFLY::begin(unsigned char)                      ./redfly/src/RedFly.o
REDFLY::begin(unsigned char*)                     ./redfly/src/RedFly.o
REDFLY::begin(unsigned char*, unsigned char*)     ./redfly/src/RedFly.o
REDFLY::begin(unsigned char*, unsigned char*, unsigned char*) ./redfly/src/RedFly.o
REDFLY::begin(unsigned char*, unsigned char*, unsigned char*, unsigned char*) ./redfly/src/RedFly.o
                                                  ./main/src/WebServer.o
REDFLY::begin(unsigned char, unsigned char*, unsigned char*, unsigned char*, unsigned char*) ./redfly/src/RedFly.o
REDFLY::cmd(char const*)                          ./redfly/src/RedFly.o
REDFLY::cmd(char const*, char*)                   ./redfly/src/RedFly.o
REDFLY::cmd(char const*, char*, char const*)      ./redfly/src/RedFly.o
REDFLY::cmd(char const*, char*, unsigned char*, unsigned int) ./redfly/src/RedFly.o
REDFLY::cmd(char const*, int)                     ./redfly/src/RedFly.o
REDFLY::cmd(unsigned char*, unsigned char, char const*) ./redfly/src/RedFly.o
REDFLY::cmd(unsigned char*, unsigned char, char const*, char*) ./redfly/src/RedFly.o
REDFLY::cmd(unsigned char*, unsigned char, char const*, char*, char const*, unsigned char*, unsigned int) ./redfly/src/RedFly.o
REDFLY::cmd(unsigned char*, unsigned char, char const*, int) ./redfly/src/RedFly.o
REDFLY::cmd(unsigned char*, unsigned char, char const*, unsigned char*, unsigned int) ./redfly/src/RedFly.o
REDFLY::delay_10ms(unsigned char)                 ./redfly/src/RedFly.o
REDFLY::disable()                                 ./redfly/src/RedFly.o
                                                  ./main/src/WebServer.o
REDFLY::disconnect()                              ./redfly/src/RedFly.o
                                                  ./main/src/WebServer.o
REDFLY::enable()                                  ./redfly/src/RedFly.o
                                                  ./main/src/WebServer.o
REDFLY::flush()                                   ./redfly/src/RedFly.o
REDFLY::getbssid(char*, unsigned char*)           ./redfly/src/RedFly.o
REDFLY::getip(char*, unsigned char*)              ./redfly/src/RedFly.o
                                                  ./redfly/src/RedFlyClient.o
REDFLY::getlocalip(unsigned char*)                ./redfly/src/RedFly.o
                                                  ./main/src/WebServer.o
REDFLY::getmac(unsigned char*)                    ./redfly/src/RedFly.o
REDFLY::getrssi()                                 ./redfly/src/RedFly.o
REDFLY::gettype(char*, unsigned char*)            ./redfly/src/RedFly.o
REDFLY::getversion(char*)                         ./redfly/src/RedFly.o
REDFLY::init()                                    ./redfly/src/RedFly.o
                                                  ./main/src/WebServer.o
REDFLY::init(unsigned char)                       ./redfly/src/RedFly.o
REDFLY::init(unsigned long, unsigned char)        ./redfly/src/RedFly.o
REDFLY::iptoa(unsigned char*, char*)              ./redfly/src/RedFly.o
REDFLY::join(char*)                               ./redfly/src/RedFly.o
REDFLY::join(char*, char*)                        ./redfly/src/RedFly.o
REDFLY::join(char*, char*, unsigned char)         ./redfly/src/RedFly.o
REDFLY::join(char*, char*, unsigned char, unsigned char) ./redfly/src/RedFly.o
REDFLY::join(char*, char*, unsigned char, unsigned char, unsigned char) ./redfly/src/RedFly.o
REDFLY::join(char*, unsigned char)                ./redfly/src/RedFly.o
REDFLY::join(char*, unsigned char, unsigned char) ./redfly/src/RedFly.o
                                                  ./main/src/WebServer.o
REDFLY::nextscan(char*)                           ./redfly/src/RedFly.o
REDFLY::nextscan(char*, unsigned char*, unsigned char*) ./redfly/src/RedFly.o
REDFLY::read()                                    ./redfly/src/RedFly.o
REDFLY::readwait()                                ./redfly/src/RedFly.o
REDFLY::scan()                                    ./redfly/src/RedFly.o
                                                  ./main/src/WebServer.o
REDFLY::scan(char*)                               ./redfly/src/RedFly.o
REDFLY::scan(char*, unsigned char*, unsigned char*) ./redfly/src/RedFly.o
REDFLY::scan(unsigned char, char*, unsigned char*, unsigned char*) ./redfly/src/RedFly.o
REDFLY::setbaudrate(unsigned long)                ./redfly/src/RedFly.o
REDFLY::socketClose(unsigned char)                ./redfly/src/RedFly.o
                                                  ./redfly/src/RedFlyServer.o
                                                  ./redfly/src/RedFlyClient.o
REDFLY::socketClosed(unsigned char)               ./redfly/src/RedFly.o
                                                  ./redfly/src/RedFlyServer.o
                                                  ./redfly/src/RedFlyClient.o
REDFLY::socketConnect(unsigned char, unsigned char*, unsigned int) ./redfly/src/RedFly.o
                                                  ./redfly/src/RedFlyClient.o
REDFLY::socketConnect(unsigned char, unsigned char*, unsigned int, unsigned int) ./redfly/src/RedFly.o
                                                  ./redfly/src/RedFlyClient.o
REDFLY::socketListen(unsigned char, unsigned int) ./redfly/src/RedFly.o
                                                  ./redfly/src/RedFlyServer.o
REDFLY::socketRead(unsigned char*, unsigned int*, unsigned char*, unsigned int) ./redfly/src/RedFly.o
                                                  ./redfly/src/RedFlyServer.o
                                                  ./redfly/src/RedFlyClient.o
REDFLY::socketRead(unsigned char*, unsigned int*, unsigned char*, unsigned int*, unsigned char*, unsigned int) ./redfly/src/RedFly.o
REDFLY::socketReset()                             ./redfly/src/RedFly.o
REDFLY::socketSend(unsigned char, char*)          ./redfly/src/RedFly.o
                                                  ./redfly/src/RedFlyServer.o
                                                  ./redfly/src/RedFlyClient.o
REDFLY::socketSend(unsigned char, char*, unsigned char*, unsigned int) ./redfly/src/RedFly.o
REDFLY::socketSend(unsigned char, int)            ./redfly/src/RedFly.o
REDFLY::socketSend(unsigned char, unsigned char*, unsigned int) ./redfly/src/RedFly.o
                                                  ./redfly/src/RedFlyServer.o
                                                  ./redfly/src/RedFlyClient.o
REDFLY::socketSend(unsigned char, unsigned char*, unsigned int, unsigned char*, unsigned int) ./redfly/src/RedFly.o
REDFLY::socketSendPGM(unsigned char, char const*) ./redfly/src/RedFly.o
                                                  ./redfly/src/RedFlyServer.o
                                                  ./redfly/src/RedFlyClient.o
REDFLY::socketSendPGM(unsigned char, char const*, unsigned char*, unsigned int) ./redfly/src/RedFly.o
REDFLY::socketStatus(unsigned char)               ./redfly/src/RedFly.o
                                                  ./redfly/src/RedFlyServer.o
                                                  ./redfly/src/RedFlyClient.o
REDFLY::uitoa(unsigned int, char*)                ./redfly/src/RedFly.o
REDFLY::write(unsigned char)                      ./redfly/src/RedFly.o
RedFly                                            ./redfly/src/RedFly.o
                                                  ./main/src/WebServer.o
                                                  ./redfly/src/RedFlyServer.o
                                                  ./redfly/src/RedFlyClient.o
RedFlyClient::RedFlyClient()                      ./redfly/src/RedFlyClient.o
RedFlyClient::RedFlyClient()                      ./redfly/src/RedFlyClient.o
RedFlyClient::RedFlyClient(unsigned char)         ./redfly/src/RedFlyClient.o
RedFlyClient::RedFlyClient(unsigned char)         ./redfly/src/RedFlyClient.o
RedFlyClient::RedFlyClient(unsigned char*, unsigned int) ./redfly/src/RedFlyClient.o
RedFlyClient::RedFlyClient(unsigned char*, unsigned int) ./redfly/src/RedFlyClient.o
RedFlyClient::RedFlyClient(unsigned char*, unsigned int, unsigned int) ./redfly/src/RedFlyClient.o
RedFlyClient::RedFlyClient(unsigned char*, unsigned int, unsigned int) ./redfly/src/RedFlyClient.o
RedFlyClient::available()                         ./redfly/src/RedFlyClient.o
RedFlyClient::begin()                             ./redfly/src/RedFlyClient.o
RedFlyClient::connect()                           ./redfly/src/RedFlyClient.o
RedFlyClient::connect(char*, unsigned int)        ./redfly/src/RedFlyClient.o
RedFlyClient::connect(unsigned char*, unsigned int) ./redfly/src/RedFlyClient.o
RedFlyClient::connect(unsigned char*, unsigned int, unsigned int) ./redfly/src/RedFlyClient.o
RedFlyClient::connected()                         ./redfly/src/RedFlyClient.o
RedFlyClient::flush()                             ./redfly/src/RedFlyClient.o
RedFlyClient::getSocket()                         ./redfly/src/RedFlyClient.o
RedFlyClient::operator bool()                     ./redfly/src/RedFlyClient.o
RedFlyClient::print_P(char const*)                ./redfly/src/RedFlyClient.o
RedFlyClient::println_P(char const*)              ./redfly/src/RedFlyClient.o
RedFlyClient::read()                              ./redfly/src/RedFlyClient.o
RedFlyClient::read(unsigned char*, unsigned int)  ./redfly/src/RedFlyClient.o
RedFlyClient::status()                            ./redfly/src/RedFlyClient.o
RedFlyClient::stop()                              ./redfly/src/RedFlyClient.o
RedFlyClient::write(char const*)                  ./redfly/src/RedFlyClient.o
RedFlyClient::write(unsigned char const*, unsigned int) ./redfly/src/RedFlyClient.o
RedFlyClient::write(unsigned char)                ./redfly/src/RedFlyClient.o
RedFlyServer::RedFlyServer()                      ./redfly/src/RedFlyServer.o
RedFlyServer::RedFlyServer()                      ./redfly/src/RedFlyServer.o
RedFlyServer::RedFlyServer(unsigned int)          ./redfly/src/RedFlyServer.o
RedFlyServer::RedFlyServer(unsigned int)          ./redfly/src/RedFlyServer.o
                                                  ./main/src/WebServer.o
RedFlyServer::available()                         ./redfly/src/RedFlyServer.o
                                                  ./main/src/WebServer.o
RedFlyServer::begin()                             ./redfly/src/RedFlyServer.o
                                                  ./main/src/WebServer.o
RedFlyServer::connect()                           ./redfly/src/RedFlyServer.o
RedFlyServer::connected()                         ./redfly/src/RedFlyServer.o
                                                  ./main/src/WebServer.o
RedFlyServer::flush()                             ./redfly/src/RedFlyServer.o
                                                  ./main/src/WebServer.o
RedFlyServer::getSocket()                         ./redfly/src/RedFlyServer.o
RedFlyServer::operator bool()                     ./redfly/src/RedFlyServer.o
RedFlyServer::print_P(char const*)                ./redfly/src/RedFlyServer.o
                                                  ./main/src/WebServer.o
RedFlyServer::println_P(char const*)              ./redfly/src/RedFlyServer.o
                                                  ./main/src/WebServer.o
RedFlyServer::read()                              ./redfly/src/RedFlyServer.o
                                                  ./main/src/WebServer.o
RedFlyServer::read(unsigned char*, unsigned int)  ./redfly/src/RedFlyServer.o
RedFlyServer::status()                            ./redfly/src/RedFlyServer.o
RedFlyServer::stop()                              ./redfly/src/RedFlyServer.o
                                                  ./main/src/WebServer.o
RedFlyServer::write(char const*)                  ./redfly/src/RedFlyServer.o
RedFlyServer::write(unsigned char const*, unsigned int) ./redfly/src/RedFlyServer.o
RedFlyServer::write(unsigned char)                ./redfly/src/RedFlyServer.o
SD                                                ./arduinolib/src/SD.o
SDClass::begin(unsigned char)                     ./arduinolib/src/SD.o
SDClass::exists(char*)                            ./arduinolib/src/SD.o
SDClass::getParentDir(char const*, int*)          ./arduinolib/src/SD.o
SDClass::mkdir(char*)                             ./arduinolib/src/SD.o
SDClass::open(char const*, unsigned char)         ./arduinolib/src/SD.o
SDClass::remove(char*)                            ./arduinolib/src/SD.o
SDClass::rmdir(char*)                             ./arduinolib/src/SD.o
SPI                                               ./arduinolib/src/SPI.o
SPIClass::begin()                                 ./arduinolib/src/SPI.o
                                                  ./arduinolib/src/w5100.o
SPIClass::end()                                   ./arduinolib/src/SPI.o
SPIClass::setBitOrder(unsigned char)              ./arduinolib/src/SPI.o
SPIClass::setClockDivider(unsigned char)          ./arduinolib/src/SPI.o
SPIClass::setDataMode(unsigned char)              ./arduinolib/src/SPI.o
Sd2Card::cardCommand(unsigned char, unsigned long) ./arduinolib/src/Sd2Card.o
Sd2Card::cardSize()                               ./arduinolib/src/Sd2Card.o
Sd2Card::chipSelectHigh()                         ./arduinolib/src/Sd2Card.o
Sd2Card::chipSelectLow()                          ./arduinolib/src/Sd2Card.o
Sd2Card::erase(unsigned long, unsigned long)      ./arduinolib/src/Sd2Card.o
Sd2Card::eraseSingleBlockEnable()                 ./arduinolib/src/Sd2Card.o
Sd2Card::init(unsigned char, unsigned char)       ./arduinolib/src/Sd2Card.o
                                                  ./arduinolib/src/SD.o
Sd2Card::partialBlockRead(unsigned char)          ./arduinolib/src/Sd2Card.o
Sd2Card::readBlock(unsigned long, unsigned char*) ./arduinolib/src/Sd2Card.o
                                                  ./arduinolib/src/SdVolume.o
Sd2Card::readData(unsigned long, unsigned int, unsigned int, unsigned char*) ./arduinolib/src/Sd2Card.o
                                                  ./arduinolib/src/SdFile.o
Sd2Card::readEnd()                                ./arduinolib/src/Sd2Card.o
Sd2Card::readRegister(unsigned char, void*)       ./arduinolib/src/Sd2Card.o
Sd2Card::setSckRate(unsigned char)                ./arduinolib/src/Sd2Card.o
Sd2Card::waitNotBusy(unsigned int)                ./arduinolib/src/Sd2Card.o
Sd2Card::waitStartBlock()                         ./arduinolib/src/Sd2Card.o
Sd2Card::writeBlock(unsigned long, unsigned char const*) ./arduinolib/src/Sd2Card.o
                                                  ./arduinolib/src/SdVolume.o
                                                  ./arduinolib/src/SdFile.o
Sd2Card::writeData(unsigned char const*)          ./arduinolib/src/Sd2Card.o
Sd2Card::writeData(unsigned char, unsigned char const*) ./arduinolib/src/Sd2Card.o
Sd2Card::writeStart(unsigned long, unsigned long) ./arduinolib/src/Sd2Card.o
Sd2Card::writeStop()                              ./arduinolib/src/Sd2Card.o
SdFile::SdFile(SdFile const&)                     ./arduinolib/src/SD.o
SdFile::addCluster()                              ./arduinolib/src/SdFile.o
SdFile::addDirCluster()                           ./arduinolib/src/SdFile.o
SdFile::cacheDirEntry(unsigned char)              ./arduinolib/src/SdFile.o
SdFile::close()                                   ./arduinolib/src/SdFile.o
                                                  ./arduinolib/src/SD.o
                                                  ./arduinolib/src/File.o
SdFile::contiguousRange(unsigned long*, unsigned long*) ./arduinolib/src/SdFile.o
SdFile::createContiguous(SdFile*, char const*, unsigned long) ./arduinolib/src/SdFile.o
SdFile::dateTime_                                 ./arduinolib/src/SdFile.o
SdFile::dirEntry(directoryEntry*)                 ./arduinolib/src/SdFile.o
SdFile::dirName(directoryEntry const&, char*)     ./arduinolib/src/SdFile.o
                                                  ./arduinolib/src/SD.o
SdFile::ls(unsigned char, unsigned char)          ./arduinolib/src/SdFile.o
SdFile::make83Name(char const*, unsigned char*)   ./arduinolib/src/SdFile.o
SdFile::makeDir(SdFile*, char const*)             ./arduinolib/src/SdFile.o
                                                  ./arduinolib/src/SD.o
SdFile::oldDateTime_                              ./arduinolib/src/SdFile.o
SdFile::open(SdFile*, char const*, unsigned char) ./arduinolib/src/SdFile.o
                                                  ./arduinolib/src/SD.o
SdFile::open(SdFile*, unsigned int, unsigned char) ./arduinolib/src/SdFile.o
SdFile::openCachedEntry(unsigned char, unsigned char) ./arduinolib/src/SdFile.o
SdFile::openRoot(SdVolume*)                       ./arduinolib/src/SdFile.o
                                                  ./arduinolib/src/SD.o
SdFile::printDirName(directoryEntry const&, unsigned char) ./arduinolib/src/SdFile.o
SdFile::printFatDate(unsigned int)                ./arduinolib/src/SdFile.o
SdFile::printFatTime(unsigned int)                ./arduinolib/src/SdFile.o
SdFile::printTwoDigits(unsigned char)             ./arduinolib/src/SdFile.o
SdFile::read(void*, unsigned int)                 ./arduinolib/src/SdFile.o
                                                  ./arduinolib/src/File.o
SdFile::readDir(directoryEntry*)                  ./arduinolib/src/SdFile.o
                                                  ./arduinolib/src/SD.o
SdFile::readDirCache()                            ./arduinolib/src/SdFile.o
SdFile::remove()                                  ./arduinolib/src/SdFile.o
SdFile::remove(SdFile*, char const*)              ./arduinolib/src/SdFile.o
                                                  ./arduinolib/src/SD.o
SdFile::rmDir()                                   ./arduinolib/src/SdFile.o
                                                  ./arduinolib/src/SD.o
SdFile::rmRfStar()                                ./arduinolib/src/SdFile.o
SdFile::seekSet(unsigned long)                    ./arduinolib/src/SdFile.o
                                                  ./arduinolib/src/SD.o
                                                  ./arduinolib/src/File.o
SdFile::sync()                                    ./arduinolib/src/SdFile.o
                                                  ./arduinolib/src/File.o
SdFile::timestamp(unsigned char, unsigned int, unsigned char, unsigned char, unsigned char, unsigned char, unsigned char) ./arduinolib/src/SdFile.o
SdFile::truncate(unsigned long)                   ./arduinolib/src/SdFile.o
SdFile::write(char const*)                        ./arduinolib/src/SdFile.o
SdFile::write(unsigned char)                      ./arduinolib/src/SdFile.o
SdFile::write(void const*, unsigned int)          ./arduinolib/src/SdFile.o
                                                  ./arduinolib/src/File.o
SdFile::write_P(char const*)                      ./arduinolib/src/SdFile.o
SdFile::writeln_P(char const*)                    ./arduinolib/src/SdFile.o
SdVolume::allocContiguous(unsigned long, unsigned long*) ./arduinolib/src/SdVolume.o
                                                  ./arduinolib/src/SdFile.o
SdVolume::cacheBlockNumber_                       ./arduinolib/src/SdVolume.o
                                                  ./arduinolib/src/SdFile.o
SdVolume::cacheBuffer_                            ./arduinolib/src/SdVolume.o
                                                  ./arduinolib/src/SdFile.o
SdVolume::cacheDirty_                             ./arduinolib/src/SdVolume.o
                                                  ./arduinolib/src/SdFile.o
SdVolume::cacheFlush()                            ./arduinolib/src/SdVolume.o
                                                  ./arduinolib/src/SdFile.o
SdVolume::cacheMirrorBlock_                       ./arduinolib/src/SdVolume.o
SdVolume::cacheRawBlock(unsigned long, unsigned char) ./arduinolib/src/SdVolume.o