Archive member included because of file (symbol)

/Users/frehnerp/Documents/eclipse/ws/Arduino/ArduinoCore/2560_16MHz/libArduinoCore.a(HardwareSerial.o)
                              ./redfly/src/RedFly.o (Serial)
/Users/frehnerp/Documents/eclipse/ws/Arduino/ArduinoCore/2560_16MHz/libArduinoCore.a(IPAddress.o)
                              ./arduinolib/src/Dhcp.o (vtable for IPAddress)
/Users/frehnerp/Documents/eclipse/ws/Arduino/ArduinoCore/2560_16MHz/libArduinoCore.a(Print.o)
                              ./redfly/src/RedFlyClient.o (Print::write(unsigned char const*, unsigned int))
/Users/frehnerp/Documents/eclipse/ws/Arduino/ArduinoCore/2560_16MHz/libArduinoCore.a(WMath.o)
                              ./arduinolib/src/Servo.o (map(long, long, long, long, long))
/Users/frehnerp/Documents/eclipse/ws/Arduino/ArduinoCore/2560_16MHz/libArduinoCore.a(WString.o)
                              /Users/frehnerp/Documents/eclipse/ws/Arduino/ArduinoCore/2560_16MHz/libArduinoCore.a(Print.o) (String::operator[](unsigned int) const)
/Users/frehnerp/Documents/eclipse/ws/Arduino/ArduinoCore/2560_16MHz/libArduinoCore.a(main.o)
                              /usr/local/CrossPack-AVR-20100115/lib/gcc/avr/4.3.3/../../../../avr/lib/avr6/crtm2560.o (main)
/Users/frehnerp/Documents/eclipse/ws/Arduino/ArduinoCore/2560_16MHz/libArduinoCore.a(new.o)
                              ./redfly/src/RedFlyClient.o (__cxa_pure_virtual)
/Users/frehnerp/Documents/eclipse/ws/Arduino/ArduinoCore/2560_16MHz/libArduinoCore.a(wiring.o)
                              ./main/src/PS3BT.o (millis)
/Users/frehnerp/Documents/eclipse/ws/Arduino/ArduinoCore/2560_16MHz/libArduinoCore.a(wiring_analog.o)
                              ./main/src/RCRx.o (analogRead)
/Users/frehnerp/Documents/eclipse/ws/Arduino/ArduinoCore/2560_16MHz/libArduinoCore.a(wiring_digital.o)
                              ./redfly/src/RedFly.o (pinMode)
/usr/local/CrossPack-AVR-20100115/lib/gcc/avr/4.3.3/../../../../avr/lib/avr6/libm.a(acos.o)
                              ./main/src/PS3BT.o (acos)
/usr/local/CrossPack-AVR-20100115/lib/gcc/avr/4.3.3/../../../../avr/lib/avr6/libm.a(addsf3.o)
                              ./main/src/PS3BT.o (__subsf3)
/usr/local/CrossPack-AVR-20100115/lib/gcc/avr/4.3.3/../../../../avr/lib/avr6/libm.a(addsf3x.o)
                              /usr/local/CrossPack-AVR-20100115/lib/gcc/avr/4.3.3/../../../../avr/lib/avr6/libm.a(acos.o) (__addsf3x)
/usr/local/CrossPack-AVR-20100115/lib/gcc/avr/4.3.3/../../../../avr/lib/avr6/libm.a(cmpsf2.o)
                              ./main/src/PS3BT.o (__eqsf2)
/usr/local/CrossPack-AVR-20100115/lib/gcc/avr/4.3.3/../../../../avr/lib/avr6/libm.a(divsf3.o)
                              ./main/src/PS3BT.o (__divsf3)
/usr/local/CrossPack-AVR-20100115/lib/gcc/avr/4.3.3/../../../../avr/lib/avr6/libm.a(divsf3x.o)
                              /usr/local/CrossPack-AVR-20100115/lib/gcc/avr/4.3.3/../../../../avr/lib/avr6/libm.a(divsf3.o) (__divsf3x)
/usr/local/CrossPack-AVR-20100115/lib/gcc/avr/4.3.3/../../../../avr/lib/avr6/libm.a(fixsfsi.o)
                              ./main/src/UdpTerminal.o (__fixsfsi)
/usr/local/CrossPack-AVR-20100115/lib/gcc/avr/4.3.3/../../../../avr/lib/avr6/libm.a(fixunssfsi.o)
                              /Users/frehnerp/Documents/eclipse/ws/Arduino/ArduinoCore/2560_16MHz/libArduinoCore.a(Print.o) (__fixunssfsi)
/usr/local/CrossPack-AVR-20100115/lib/gcc/avr/4.3.3/../../../../avr/lib/avr6/libm.a(floatsisf.o)
                              ./main/src/PS3BT.o (__floatunsisf)
/usr/local/CrossPack-AVR-20100115/lib/gcc/avr/4.3.3/../../../../avr/lib/avr6/libm.a(fp_arccos.o)
                              /usr/local/CrossPack-AVR-20100115/lib/gcc/avr/4.3.3/../../../../avr/lib/avr6/libm.a(acos.o) (__fp_arccos)
/usr/local/CrossPack-AVR-20100115/lib/gcc/avr/4.3.3/../../../../avr/lib/avr6/libm.a(fp_cmp.o)
                              /usr/local/CrossPack-AVR-20100115/lib/gcc/avr/4.3.3/../../../../avr/lib/avr6/libm.a(cmpsf2.o) (__fp_cmp)
/usr/local/CrossPack-AVR-20100115/lib/gcc/avr/4.3.3/../../../../avr/lib/avr6/libm.a(fp_inf.o)
                              /usr/local/CrossPack-AVR-20100115/lib/gcc/avr/4.3.3/../../../../avr/lib/avr6/libm.a(addsf3x.o) (__fp_inf)
/usr/local/CrossPack-AVR-20100115/lib/gcc/avr/4.3.3/../../../../avr/lib/avr6/libm.a(fp_nan.o)
                              /usr/local/CrossPack-AVR-20100115/lib/gcc/avr/4.3.3/../../../../avr/lib/avr6/libm.a(addsf3x.o) (__fp_nan)
/usr/local/CrossPack-AVR-20100115/lib/gcc/avr/4.3.3/../../../../avr/lib/avr6/libm.a(fp_powser.o)
                              /usr/local/CrossPack-AVR-20100115/lib/gcc/avr/4.3.3/../../../../avr/lib/avr6/libm.a(fp_arccos.o) (__fp_powser)
/usr/local/CrossPack-AVR-20100115/lib/gcc/avr/4.3.3/../../../../avr/lib/avr6/libm.a(fp_pscA.o)
                              /usr/local/CrossPack-AVR-20100115/lib/gcc/avr/4.3.3/../../../../avr/lib/avr6/libm.a(addsf3x.o) (__fp_pscA)
[...]
Memory Configuration

Name             Origin             Length             Attributes
text             0x00000000         0x00100000         xr
data             0x00800200         0x0000fe00         rw !x
eeprom           0x00810000         0x00010000         rw !x
fuse             0x00820000         0x00000400         rw !x
lock             0x00830000         0x00000400         rw !x
signature        0x00840000         0x00000400         rw !x
*default*        0x00000000         0xffffffff

Linker script and memory map

Address of section .data set to 0x800200
LOAD /usr/local/CrossPack-AVR-20100115/lib/gcc/avr/4.3.3/../../../../avr/lib/avr6/crtm2560.o
LOAD ./redfly/src/RedFly.o
LOAD ./redfly/src/RedFlyClient.o
LOAD ./redfly/src/RedFlyServer.o
LOAD ./main/src/PS3BT.o
LOAD ./main/src/PS3BTExample.o
LOAD ./main/src/RCRx.o
LOAD ./main/src/Timer3.o
LOAD ./main/src/UdpTerminal.o
LOAD ./main/src/Usb.o
LOAD ./main/src/message.o
LOAD ./arduinolib/src/Dhcp.o
LOAD ./arduinolib/src/Dns.o
LOAD ./arduinolib/src/EEPROM.o
LOAD ./arduinolib/src/Ethernet.o
LOAD ./arduinolib/src/EthernetClient.o
LOAD ./arduinolib/src/EthernetServer.o
LOAD ./arduinolib/src/EthernetUdp.o
LOAD ./arduinolib/src/File.o
LOAD ./arduinolib/src/Firmata.o
LOAD ./arduinolib/src/LiquidCrystal.o
LOAD ./arduinolib/src/SD.o
LOAD ./arduinolib/src/SPI.o
LOAD ./arduinolib/src/Sd2Card.o
LOAD ./arduinolib/src/SdFile.o
LOAD ./arduinolib/src/SdVolume.o
LOAD ./arduinolib/src/Servo.o
LOAD ./arduinolib/src/SoftwareSerial.o
LOAD ./arduinolib/src/Stepper.o
LOAD ./arduinolib/src/Wire.o
LOAD ./arduinolib/src/socket.o
LOAD ./arduinolib/src/twi.o
LOAD ./arduinolib/src/w5100.o
LOAD /Users/frehnerp/Documents/eclipse/ws/Arduino/ArduinoCore/2560_16MHz/libArduinoCore.a
LOAD /usr/local/CrossPack-AVR-20100115/lib/gcc/avr/4.3.3/../../../../avr/lib/avr6/libm.a
LOAD /usr/local/CrossPack-AVR-20100115/lib/gcc/avr/4.3.3/avr6/libgcc.a
LOAD /usr/local/CrossPack-AVR-20100115/lib/gcc/avr/4.3.3/../../../../avr/lib/avr6/libm.a
LOAD /usr/local/CrossPack-AVR-20100115/lib/gcc/avr/4.3.3/avr6/libgcc.a
LOAD /usr/local/CrossPack-AVR-20100115/lib/gcc/avr/4.3.3/../../../../avr/lib/avr6/libc.a
LOAD /usr/local/CrossPack-AVR-20100115/lib/gcc/avr/4.3.3/avr6/libgcc.a

.hash
 *(.hash)

.dynsym
 *(.dynsym)

.dynstr
 *(.dynstr)

.gnu.version
 *(.gnu.version)

.gnu.version_d
 *(.gnu.version_d)

.gnu.version_r
 *(.gnu.version_r)

.rel.init
 *(.rel.init)

.rela.init
 *(.rela.init)

.rel.text
 *(.rel.text)
 *(.rel.text.*)
 *(.rel.gnu.linkonce.t*)

.rela.text
 *(.rela.text)
 *(.rela.text.*)
 *(.rela.gnu.linkonce.t*)

.rel.fini
 *(.rel.fini)

.rela.fini
 *(.rela.fini)

.rel.rodata
 *(.rel.rodata)
 *(.rel.rodata.*)
 *(.rel.gnu.linkonce.r*)

.rela.rodata
 *(.rela.rodata)
 *(.rela.rodata.*)
 *(.rela.gnu.linkonce.r*)

.rel.data
 *(.rel.data)
 *(.rel.data.*)
 *(.rel.gnu.linkonce.d*)

.rela.data
 *(.rela.data)
 *(.rela.data.*)
 *(.rela.gnu.linkonce.d*)

.rel.ctors
 *(.rel.ctors)

.rela.ctors
 *(.rela.ctors)

.rel.dtors
 *(.rel.dtors)

.rela.dtors
 *(.rela.dtors)

.rel.got
 *(.rel.got)

.rela.got
 *(.rela.got)

.rel.bss
 *(.rel.bss)

.rela.bss
 *(.rela.bss)

.rel.plt
 *(.rel.plt)

.rela.plt
 *(.rela.plt)

.text           0x00000000     0xa75c
 *(.vectors)
 .vectors       0x00000000       0xe4 /usr/local/CrossPack-AVR-20100115/lib/gcc/avr/4.3.3/../../../../avr/lib/avr6/crtm2560.o
                0x00000000                __vectors
                0x00000000                __vector_default
 *(.vectors)
 *(.progmem.gcc*)
 .progmem.gcc_fplib
                0x000000e4       0x28 /usr/local/CrossPack-AVR-20100115/lib/gcc/avr/4.3.3/../../../../avr/lib/avr6/libm.a(exp.o)
 .progmem.gcc_fplib
                0x0000010c       0x5a /usr/local/CrossPack-AVR-20100115/lib/gcc/avr/4.3.3/../../../../avr/lib/avr6/libm.a(log.o)
 *(.progmem*)
 .progmem.data  0x00000166      0x316 ./redfly/src/RedFly.o
 .progmem.data  0x0000047c      0x4d2 ./main/src/PS3BT.o
                0x0000047c                OUTPUT_REPORT_BUFFER
 .progmem.data  0x0000094e      0x167 ./main/src/PS3BTExample.o
 .progmem.data  0x00000ab5      0x120 /Users/frehnerp/Documents/eclipse/ws/Arduino/ArduinoCore/2560_16MHz/libArduinoCore.a(wiring_digital.o)
                0x00000ab5                port_to_mode_PGM
                0x00000b03                digital_pin_to_port_PGM
                0x00000b49                digital_pin_to_bit_mask_PGM
                0x00000acf                port_to_output_PGM
                0x00000ae9                port_to_input_PGM
                0x00000b8f                digital_pin_to_timer_PGM
                0x00000bd6                . = ALIGN (0x2)
 *fill*         0x00000bd5        0x1 00
                0x00000bd6                __trampolines_start = .
 *(.trampolines)
 .trampolines   0x00000bd6        0x0 linker stubs
 *(.trampolines*)
                0x00000bd6                __trampolines_end = .
 *(.jumptables)
 *(.jumptables*)
 *(.lowtext)
 *(.lowtext*)
                0x00000bd6                __ctors_start = .
 *(.ctors)
 .ctors         0x00000bd6        0x2 ./redfly/src/RedFly.o
 .ctors         0x00000bd8        0x2 ./main/src/PS3BTExample.o
 .ctors         0x00000bda        0x2 ./arduinolib/src/Dhcp.o
 .ctors         0x00000bdc        0x2 ./arduinolib/src/Dns.o
 .ctors         0x00000bde        0x2 ./arduinolib/src/Ethernet.o
 .ctors         0x00000be0        0x2 ./arduinolib/src/EthernetClient.o
 .ctors         0x00000be2        0x2 ./arduinolib/src/EthernetServer.o
 .ctors         0x00000be4        0x2 ./arduinolib/src/EthernetUdp.o
 .ctors         0x00000be6        0x2 ./arduinolib/src/Firmata.o
 .ctors         0x00000be8        0x2 ./arduinolib/src/SD.o
 .ctors         0x00000bea        0x2 ./arduinolib/src/Wire.o
 .ctors         0x00000bec        0x2 /Users/frehnerp/Documents/eclipse/ws/Arduino/ArduinoCore/2560_16MHz/libArduinoCore.a(HardwareSerial.o)
 .ctors         0x00000bee        0x2 /Users/frehnerp/Documents/eclipse/ws/Arduino/ArduinoCore/2560_16MHz/libArduinoCore.a(IPAddress.o)
                0x00000bf0                __ctors_end = .
                0x00000bf0                __dtors_start = .
 *(.dtors)
                0x00000bf0                __dtors_end = .
 SORT(*)(.ctors)
 SORT(*)(.dtors)
 *(.init0)
 .init0         0x00000bf0        0x0 /usr/local/CrossPack-AVR-20100115/lib/gcc/avr/4.3.3/../../../../avr/lib/avr6/crtm2560.o
                0x00000bf0                __init
 *(.init0)
 *(.init1)
 *(.init1)
 *(.init2)
 .init2         0x00000bf0       0x10 /usr/local/CrossPack-AVR-20100115/lib/gcc/avr/4.3.3/../../../../avr/lib/avr6/crtm2560.o
 *(.init2)
 *(.init3)
 *(.init3)
 *(.init4)
 .init4         0x00000c00       0x1a /usr/local/CrossPack-AVR-20100115/lib/gcc/avr/4.3.3/../../../../avr/lib/avr6/crtm2560.o
                0x00000c00                __do_copy_data
 .init4         0x00000c1a       0x10 /usr/local/CrossPack-AVR-20100115/lib/gcc/avr/4.3.3/avr6/libgcc.a(_clear_bss.o)
                0x00000c1a                __do_clear_bss
 *(.init4)
 *(.init5)
 *(.init5)
 *(.init6)
 .init6         0x00000c2a       0x16 /usr/local/CrossPack-AVR-20100115/lib/gcc/avr/4.3.3/avr6/libgcc.a(_ctors.o)
                0x00000c2a                __do_global_ctors
 *(.init6)
 *(.init7)
 *(.init7)
 *(.init8)
 *(.init8)
 *(.init9)
 .init9         0x00000c40        0x8 /usr/local/CrossPack-AVR-20100115/lib/gcc/avr/4.3.3/../../../../avr/lib/avr6/crtm2560.o
 *(.init9)
 *(.text)
 .text          0x00000c48        0x4 /usr/local/CrossPack-AVR-20100115/lib/gcc/avr/4.3.3/../../../../avr/lib/avr6/crtm2560.o
                0x00000c48                __vector_38
                0x00000c48                __vector_22
                0x00000c48                __vector_28
                0x00000c48                __vector_1
                0x00000c48                __vector_34
                0x00000c48                __vector_24
                0x00000c48                __vector_12
                0x00000c48                __vector_46
                0x00000c48                __bad_interrupt
                0x00000c48                __vector_6
                0x00000c48                __vector_31
                0x00000c48                __vector_3
                0x00000c48                __vector_30
                0x00000c48                __vector_45
                0x00000c48                __vector_13
                0x00000c48                __vector_19
                0x00000c48                __vector_56
                0x00000c48                __vector_7
                0x00000c48                __vector_49
                0x00000c48                __vector_41
                0x00000c48                __vector_43
                0x00000c48                __vector_27
                0x00000c48                __vector_5
                0x00000c48                __vector_33
                0x00000c48                __vector_4
                0x00000c48                __vector_44
                0x00000c48                __vector_2
                0x00000c48                __vector_21
                0x00000c48                __vector_15
                0x00000c48                __vector_29
                0x00000c48                __vector_40
                0x00000c48                __vector_8
                0x00000c48                __vector_48
                0x00000c48                __vector_14
                0x00000c48                __vector_53
                0x00000c48                __vector_50
                0x00000c48                __vector_16
                0x00000c48                __vector_18
                0x00000c48                __vector_20
                0x00000c4c                . = ALIGN (0x2)
 *(.text.*)
 .text._GLOBAL__I_RedFly
                0x00000c4c        0x2 ./redfly/src/RedFly.o
 .text._ZN6REDFLY5iptoaEPhPc
                0x00000c4e       0x78 ./redfly/src/RedFly.o
                0x00000c4e                REDFLY::iptoa(unsigned char*, char*)
 .text._ZN6REDFLY11setbaudrateEm
                0x00000cc6       0x46 ./redfly/src/RedFly.o
                0x00000cc6                REDFLY::setbaudrate(unsigned long)
 .text._ZN6REDFLY8readwaitEv
                0x00000d0c       0x16 ./redfly/src/RedFly.o
                0x00000d0c                REDFLY::readwait()
 .text._ZN6REDFLY10socketReadEPhPjS0_S1_S0_j
                0x00000d22      0x44a ./redfly/src/RedFly.o
                0x00000d22                REDFLY::socketRead(unsigned char*, unsigned int*, unsigned char*, unsigned int*, unsigned char*, unsigned int)
 .text._ZN6REDFLY3cmdEPhhPKcPcS2_S0_j
                0x0000116c      0x2f8 ./redfly/src/RedFly.o
                0x0000116c                REDFLY::cmd(unsigned char*, unsigned char, char const*, char*, char const*, unsigned char*, unsigned int)
 .text._ZN6REDFLY3cmdEPKc
                0x00001464       0x3e ./redfly/src/RedFly.o
                0x00001464                REDFLY::cmd(char const*)
 .text._ZN6REDFLY4scanEv
                0x000014a2       0x1e ./redfly/src/RedFly.o
                0x000014a2                REDFLY::scan()
 .text._ZN6REDFLY3cmdEPKcPc
                0x000014c0       0x3c ./redfly/src/RedFly.o
                0x000014c0                REDFLY::cmd(char const*, char*)
 .text._ZN6REDFLY3cmdEPKcPcPhj
                0x000014fc       0x3c ./redfly/src/RedFly.o
                0x000014fc                REDFLY::cmd(char const*, char*, unsigned char*, unsigned int)
 .text._ZN6REDFLY3cmdEPKcPcS1_
                0x00001538       0x3c ./redfly/src/RedFly.o
                0x00001538                REDFLY::cmd(char const*, char*, char const*)
 .text._ZN6REDFLY3cmdEPhhPKc
                0x00001574       0x36 ./redfly/src/RedFly.o
                0x00001574                REDFLY::cmd(unsigned char*, unsigned char, char const*)
 .text._ZN6REDFLY12socketClosedEh
                0x000015aa       0x8e ./redfly/src/RedFly.o
                0x000015aa                REDFLY::socketClosed(unsigned char)
 .text._ZN6REDFLY5flushEv
                0x00001638       0x46 ./redfly/src/RedFly.o
                0x00001638                REDFLY::flush()
 .text._ZN6REDFLY11socketResetEv
                0x0000167e       0x24 ./redfly/src/RedFly.o
                0x0000167e                REDFLY::socketReset()
 .text._ZN6REDFLY10disconnectEv
                0x000016a2       0x1a ./redfly/src/RedFly.o
                0x000016a2                REDFLY::disconnect()
 .text._ZN6REDFLY7disableEv
                0x000016bc       0x16 ./redfly/src/RedFly.o
                0x000016bc                REDFLY::disable()
 .text._ZN6REDFLY6enableEv
                0x000016d2       0x26 ./redfly/src/RedFly.o
                0x000016d2                REDFLY::enable()
 .text._ZN6REDFLY3cmdEPhhPKci
                0x000016f8       0x7c ./redfly/src/RedFly.o
                0x000016f8                REDFLY::cmd(unsigned char*, unsigned char, char const*, int)
 .text._ZN6REDFLY3cmdEPKci
                0x00001774       0x18 ./redfly/src/RedFly.o
                0x00001774                REDFLY::cmd(char const*, int)
 .text._ZN6REDFLY4joinEPcS0_hhh
                0x0000178c       0xda ./redfly/src/RedFly.o
                0x0000178c                REDFLY::join(char*, char*, unsigned char, unsigned char, unsigned char)
 .text._ZN6REDFLY4joinEPchh
                0x00001866       0x1c ./redfly/src/RedFly.o
                0x00001866                REDFLY::join(char*, unsigned char, unsigned char)
 .text._ZN6REDFLY12socketListenEhj
                0x00001882       0x8a ./redfly/src/RedFly.o
                0x00001882                REDFLY::socketListen(unsigned char, unsigned int)
 .text._ZN6REDFLY10socketSendEhPhjS0_j
                0x0000190c      0x1b8 ./redfly/src/RedFly.o
                0x0000190c                REDFLY::socketSend(unsigned char, unsigned char*, unsigned int, unsigned char*, unsigned int)
 .text._ZN6REDFLY5beginEhPhS0_S0_S0_
                0x00001ac4      0x18a ./redfly/src/RedFly.o
                0x00001ac4                REDFLY::begin(unsigned char, unsigned char*, unsigned char*, unsigned char*, unsigned char*)
 .text._ZN6REDFLY5beginEPhS0_S0_S0_
                0x00001c4e       0x2e ./redfly/src/RedFly.o
                0x00001c4e                REDFLY::begin(unsigned char*, unsigned char*, unsigned char*, unsigned char*)
 .text._ZN6REDFLY4initEmh
                0x00001c7c      0x1a6 ./redfly/src/RedFly.o
                0x00001c7c                REDFLY::init(unsigned long, unsigned char)
 .text._ZN6REDFLY4initEv
                0x00001e22       0x10 ./redfly/src/RedFly.o
                0x00001e22                REDFLY::init()
 .text._ZN5PS3BT10GetAddressEv
                0x00001e32        0x6 ./main/src/PS3BT.o
                0x00001e32                PS3BT::GetAddress()
 .text._ZN5PS3BTC1EP3USB
                0x00001e38       0xd8 ./main/src/PS3BT.o
                0x00001e38                PS3BT::PS3BT(USB*)
 .text._ZN5PS3BT7ReleaseEv
                0x00001f10       0x3a ./main/src/PS3BT.o
                0x00001f10                PS3BT::Release()
 .text._ZN5PS3BT9getButtonE6Button
                0x00001f4a       0x34 ./main/src/PS3BT.o
                0x00001f4a                PS3BT::getButton(Button)
 .text._ZN5PS3BT15getAnalogButtonE12AnalogButton
                0x00001f7e       0x1a ./main/src/PS3BT.o
                0x00001f7e                PS3BT::getAnalogButton(AnalogButton)
 .text._ZN5PS3BT12getAnalogHatE9AnalogHat
                0x00001f98       0x1a ./main/src/PS3BT.o
                0x00001f98                PS3BT::getAnalogHat(AnalogHat)
 .text._ZN5PS3BT9getSensorE6Sensor
                0x00001fb2       0xfc ./main/src/PS3BT.o
                0x00001fb2                PS3BT::getSensor(Sensor)
 .text._ZN5PS3BT10readReportEv
                0x000020ae       0xe2 ./main/src/PS3BT.o
                0x000020ae                PS3BT::readReport()
 .text._ZN5PS3BT15HIDMove_CommandEPhj
                0x00002190      0x120 ./main/src/PS3BT.o
                0x00002190                PS3BT::HIDMove_Command(unsigned char*, unsigned int)
 .text._ZN5PS3BT11moveSetBulbE6Colors
                0x000022b0       0x44 ./main/src/PS3BT.o
                0x000022b0                PS3BT::moveSetBulb(Colors)
 .text._ZN5PS3BT11HID_CommandEPhj
                0x000022f4      0x120 ./main/src/PS3BT.o
                0x000022f4                PS3BT::HID_Command(unsigned char*, unsigned int)
 .text._ZN5PS3BT14enable_sixaxisEv
                0x00002414       0x48 ./main/src/PS3BT.o
                0x00002414                PS3BT::enable_sixaxis()
 .text._ZN5PS3BT8setLedOnE3LED
                0x0000245c       0x24 ./main/src/PS3BT.o
                0x0000245c                PS3BT::setLedOn(LED)
 .text._ZN5PS3BT9setAllOffEv
                0x00002480       0x2e ./main/src/PS3BT.o
                0x00002480                PS3BT::setAllOff()
 .text._Z8PrintHexIhEvT_
                0x000024ae       0x26 ./main/src/PS3BT.o
                0x000024ae                void PrintHex<unsigned char>(unsigned char)
 .text._ZN5PS3BT13L2CAP_CommandEPhj
                0x000024d4       0xc6 ./main/src/PS3BT.o
                0x000024d4                PS3BT::L2CAP_Command(unsigned char*, unsigned int)
 .text._ZN5PS3BT28l2cap_disconnection_responseEhPhS0_
                0x0000259a       0x4c ./main/src/PS3BT.o
                0x0000259a                PS3BT::l2cap_disconnection_response(unsigned char, unsigned char*, unsigned char*)
 .text._ZN5PS3BT27l2cap_disconnection_requestEhPhS0_
                0x000025e6       0x4c ./main/src/PS3BT.o
                0x000025e6                PS3BT::l2cap_disconnection_request(unsigned char, unsigned char*, unsigned char*)
 .text._ZN5PS3BT21l2cap_config_responseEhPh
                0x00002632       0x56 ./main/src/PS3BT.o
                0x00002632                PS3BT::l2cap_config_response(unsigned char, unsigned char*)
 .text._ZN5PS3BT20l2cap_config_requestEhPh
                0x00002688       0x52 ./main/src/PS3BT.o
                0x00002688                PS3BT::l2cap_config_request(unsigned char, unsigned char*)
 .text._ZN5PS3BT25l2cap_connection_responseEhPhS0_h
                0x000026da       0x58 ./main/src/PS3BT.o
                0x000026da                PS3BT::l2cap_connection_response(unsigned char, unsigned char*, unsigned char*, unsigned char)
 .text._ZN5PS3BT11HCI_CommandEPhj
                0x00002732       0x86 ./main/src/PS3BT.o
                0x00002732                PS3BT::HCI_Command(unsigned char*, unsigned int)
 .text._ZN5PS3BT14hci_disconnectEv
                0x000027b8       0x64 ./main/src/PS3BT.o
                0x000027b8                PS3BT::hci_disconnect()
 .text._ZN5PS3BT10L2CAP_taskEv
                0x0000281c      0x3b2 ./main/src/PS3BT.o
                0x0000281c                PS3BT::L2CAP_task()
 .text._ZN5PS3BT15hci_remote_nameEv
                0x00002bce       0x90 ./main/src/PS3BT.o
                0x00002bce                PS3BT::hci_remote_name()
 .text._ZN5PS3BT21hci_accept_connectionEv
                0x00002c5e       0x8a ./main/src/PS3BT.o
                0x00002c5e                PS3BT::hci_accept_connection()
 .text._ZN5PS3BT15hci_read_bdaddrEv
                0x00002ce8       0x28 ./main/src/PS3BT.o
                0x00002ce8                PS3BT::hci_read_bdaddr()
 .text._ZN5PS3BT22hci_write_scan_disableEv
                0x00002d10       0x2c ./main/src/PS3BT.o
                0x00002d10                PS3BT::hci_write_scan_disable()
 .text._ZN5PS3BT21hci_write_scan_enableEv
                0x00002d3c       0x2e ./main/src/PS3BT.o
                0x00002d3c                PS3BT::hci_write_scan_enable()
 .text._ZN5PS3BT9hci_resetEv
                0x00002d6a       0x34 ./main/src/PS3BT.o
                0x00002d6a                PS3BT::hci_reset()
 .text._ZN5PS3BT13setMoveBdaddrEPh
                0x00002d9e      0x13e ./main/src/PS3BT.o
                0x00002d9e                PS3BT::setMoveBdaddr(unsigned char*)
 .text._ZN5PS3BT9setBdaddrEPh
                0x00002edc      0x136 ./main/src/PS3BT.o
                0x00002edc                PS3BT::setBdaddr(unsigned char*)
 .text._ZN5PS3BT10disconnectEv
                0x00003012       0x4e ./main/src/PS3BT.o
                0x00003012                PS3BT::disconnect()
 .text._ZN5PS3BT14ACL_event_taskEv
                0x00003060      0x644 ./main/src/PS3BT.o
                0x00003060                PS3BT::ACL_event_task()
 .text._ZN5PS3BT8HCI_taskEv
                0x000036a4      0x2e2 ./main/src/PS3BT.o
                0x000036a4                PS3BT::HCI_task()
 .text._ZN5PS3BT14HCI_event_taskEv
                0x00003986      0x2b0 ./main/src/PS3BT.o
                0x00003986                PS3BT::HCI_event_task()
 .text._ZN5PS3BT4PollEv
                0x00003c36       0x20 ./main/src/PS3BT.o
                0x00003c36                PS3BT::Poll()
 .text._ZN5PS3BT15getStatusStringEv
                0x00003c56      0x266 ./main/src/PS3BT.o
                0x00003c56                PS3BT::getStatusString()
 .text._Z8PrintHexIjEvT_
                0x00003ebc       0x56 ./main/src/PS3BT.o
                0x00003ebc                void PrintHex<unsigned int>(unsigned int)
 .text._ZN5PS3BT4InitEhhb
                0x00003f12      0x452 ./main/src/PS3BT.o
                0x00003f12                PS3BT::Init(unsigned char, unsigned char, bool)
 .text._ZN8MAX3421eI4TPinI5PortbLh4EES0_I5PorthLh6EEE5regWrEhh
                0x00004364       0x18 ./main/src/PS3BTExample.o
                0x00004364                MAX3421e<TPin<Portb, (unsigned char)4>, TPin<Porth, (unsigned char)6> >::regWr(unsigned char, unsigned char)
 .text._ZN8MAX3421eI4TPinI5PortbLh4EES0_I5PorthLh6EEE5regRdEh
                0x0000437c       0x18 ./main/src/PS3BTExample.o
                0x0000437c                MAX3421e<TPin<Portb, (unsigned char)4>, TPin<Porth, (unsigned char)6> >::regRd(unsigned char)
 .text._ZN8MAX3421eI4TPinI5PortbLh4EES0_I5PorthLh6EEE4InitEv
                0x00004394      0x106 ./main/src/PS3BTExample.o
                0x00004394                MAX3421e<TPin<Portb, (unsigned char)4>, TPin<Porth, (unsigned char)6> >::Init()
 .text._GLOBAL__I_leftHatXValue
                0x0000449a       0x26 ./main/src/PS3BTExample.o
 .text._Z10sendI2cIntihh
                0x000044c0       0x56 ./main/src/PS3BTExample.o
                0x000044c0                sendI2cInt(int, unsigned char, unsigned char)
 .text._Z11processDatahh
                0x00004516       0xce ./main/src/PS3BTExample.o
                0x00004516                processData(unsigned char, unsigned char)
 .text._Z10ps3examplev
                0x000045e4      0x6a0 ./main/src/PS3BTExample.o
                0x000045e4                ps3example()
 .text.loop     0x00004c84       0x16 ./main/src/PS3BTExample.o
                0x00004c84                loop
 .text.setup    0x00004c9a       0x68 ./main/src/PS3BTExample.o
                0x00004c9a                setup
 .text._Z9timer3ISRv
                0x00004d02       0x1c ./main/src/PS3BTExample.o
                0x00004d02                timer3ISR()
 .text._ZN4RCRxC1Ev
                0x00004d1e       0x3e ./main/src/RCRx.o
                0x00004d1e                RCRx::RCRx()
 .text._ZN4RCRx15setAnalogOutputEhi
                0x00004d5c       0x36 ./main/src/RCRx.o
                0x00004d5c                RCRx::setAnalogOutput(unsigned char, int)
 .text._ZN4RCRx8failsafeEv
                0x00004d92       0x54 ./main/src/RCRx.o
                0x00004d92                RCRx::failsafe()
 .text._ZN4RCRx12periodicTaskEv
                0x00004de6       0x5c ./main/src/RCRx.o
                0x00004de6                RCRx::periodicTask()
 .text._ZN4RCRx10debugoutlnEPc
                0x00004e42       0x2e ./main/src/RCRx.o
                0x00004e42                RCRx::debugoutln(char*)
 .text._ZN4RCRx11sendMessageEPhh
                0x00004e70       0x68 ./main/src/RCRx.o
                0x00004e70                RCRx::sendMessage(unsigned char*, unsigned char)
 .text._ZN4RCRx9sendReplyEPhjh
                0x00004ed8       0x92 ./main/src/RCRx.o
                0x00004ed8                RCRx::sendReply(unsigned char*, unsigned int, unsigned char)
 .text._ZN4RCRx13handleRequestEPhjS0_jh
                0x00004f6a       0xba ./main/src/RCRx.o
                0x00004f6a                RCRx::handleRequest(unsigned char*, unsigned int, unsigned char*, unsigned int, unsigned char)
 .text._ZN4RCRx3runEv
                0x00005024      0x160 ./main/src/RCRx.o
                0x00005024                RCRx::run()
 .text._ZN4RCRx4initEv
                0x00005184       0x8a ./main/src/RCRx.o
                0x00005184                RCRx::init()
 .text.__vector_35
                0x0000520e       0x66 ./main/src/Timer3.o
                0x0000520e                __vector_35
 .text._ZN10TimerThree24setTimerValuesToIntervalEl
                0x00005274       0xfa ./main/src/Timer3.o
                0x00005274                TimerThree::setTimerValuesToInterval(long)
 .text._ZN10TimerThree15attachInterruptEPFvvE
                0x0000536e        0x8 ./main/src/Timer3.o
                0x0000536e                TimerThree::attachInterrupt(void (*)())
 .text._ZN10TimerThree5startEv
                0x00005376       0x20 ./main/src/Timer3.o
                0x00005376                TimerThree::start()
 .text._ZN10TimerThree4stopEv
                0x00005396        0x6 ./main/src/Timer3.o
                0x00005396                TimerThree::stop()
 .text._Z10getMsgDataPc
                0x0000539c       0x42 ./main/src/UdpTerminal.o
                0x0000539c                getMsgData(char*)
 .text._Z14sendUDPMessagePc
                0x000053de       0x88 ./main/src/UdpTerminal.o
                0x000053de                sendUDPMessage(char*)
 .text._Z12getValueDataj
                0x00005466      0x12a ./main/src/UdpTerminal.o
                0x00005466                getValueData(unsigned int)
 .text._Z23sendUDPMessageWithValuePcj
                0x00005590       0xf8 ./main/src/UdpTerminal.o
                0x00005590                sendUDPMessageWithValue(char*, unsigned int)
 .text._ZN15AddressPoolImplILh16EEC1Ev
                0x00005688       0x54 ./main/src/Usb.o
                0x00005688                AddressPoolImpl<(unsigned char)16>::AddressPoolImpl()
 .text._ZN15AddressPoolImplILh16EE15GetUsbDevicePtrEh
                0x000056dc       0x3a ./main/src/Usb.o
                0x000056dc                AddressPoolImpl<(unsigned char)16>::GetUsbDevicePtr(unsigned char)
 .text._ZN3USB14setEpInfoEntryEhhP6EpInfo
                0x00005716       0x3a ./main/src/Usb.o
                0x00005716                USB::setEpInfoEntry(unsigned char, unsigned char, EpInfo*)
 .text._ZN3USB14getEpInfoEntryEhh
                0x00005750       0x38 ./main/src/Usb.o
                0x00005750                USB::getEpInfoEntry(unsigned char, unsigned char)
 .text._ZN8MAX3421eI4TPinI5PortbLh4EES0_I5PorthLh6EEEC2Ev
                0x00005788       0x2c ./main/src/Usb.o
                0x00005788                MAX3421e<TPin<Portb, (unsigned char)4>, TPin<Porth, (unsigned char)6> >::MAX3421e()
 .text._ZN3USBC1Ev
                0x000057b4       0x26 ./main/src/Usb.o
                0x000057b4                USB::USB()
 .text._ZN3USB10SetAddressEhhPP6EpInfoRj
                0x000057da       0xd8 ./main/src/Usb.o
                0x000057da                USB::SetAddress(unsigned char, unsigned char, EpInfo**, unsigned int&)
 .text._ZN15AddressPoolImplILh16EE12AllocAddressEhbh
                0x000058b2       0xf4 ./main/src/Usb.o
                0x000058b2                AddressPoolImpl<(unsigned char)16>::AllocAddress(unsigned char, bool, unsigned char)
 .text._ZN8MAX3421eI4TPinI5PortbLh4EES0_I5PorthLh6EEE10IntHandlerEv
                0x000059a6       0x9a ./main/src/Usb.o
                0x000059a6                MAX3421e<TPin<Portb, (unsigned char)4>, TPin<Porth, (unsigned char)6> >::IntHandler()
 .text._ZN15AddressPoolImplILh16EE18FreeAddressByIndexEh
                0x00005a40       0xc6 ./main/src/Usb.o
                0x00005a40                AddressPoolImpl<(unsigned char)16>::FreeAddressByIndex(unsigned char)
 .text._ZN15AddressPoolImplILh16EE11FreeAddressEh
                0x00005b06       0x48 ./main/src/Usb.o
                0x00005b06                AddressPoolImpl<(unsigned char)16>::FreeAddress(unsigned char)
 .text._ZN3USB11dispatchPktEhhj
                0x00005b4e       0xdc ./main/src/Usb.o
                0x00005b4e                USB::dispatchPkt(unsigned char, unsigned char, unsigned int)
 .text._ZN3USB11OutTransferEP6EpInfojjPh
                0x00005c2a      0x22a ./main/src/Usb.o
                0x00005c2a                USB::OutTransfer(EpInfo*, unsigned int, unsigned int, unsigned char*)
 .text._ZN3USB11outTransferEhhjPh
                0x00005e54       0x6a ./main/src/Usb.o
                0x00005e54                USB::outTransfer(unsigned char, unsigned char, unsigned int, unsigned char*)
 .text._ZN3USB10InTransferEP6EpInfojPjPh
                0x00005ebe      0x154 ./main/src/Usb.o
                0x00005ebe                USB::InTransfer(EpInfo*, unsigned int, unsigned int*, unsigned char*)
 .text._ZN3USB10inTransferEhhPjPh
                0x00006012       0x6e ./main/src/Usb.o
                0x00006012                USB::inTransfer(unsigned char, unsigned char, unsigned int*, unsigned char*)
 .text._ZN3USB7ctrlReqEhhhhhhjjjPhP13USBReadParser
                0x00006080      0x1a6 ./main/src/Usb.o
                0x00006080                USB::ctrlReq(unsigned char, unsigned char, unsigned char, unsigned char, unsigned char, unsigned char, unsigned int, unsigned int, unsigned int, unsigned char*, USBReadParser*)
 .text._ZN3USB7setConfEhhh
                0x00006226       0x62 ./main/src/Usb.o
                0x00006226                USB::setConf(unsigned char, unsigned char, unsigned char)
 .text._ZN3USB7setAddrEhhh
                0x00006288       0x62 ./main/src/Usb.o
                0x00006288                USB::setAddr(unsigned char, unsigned char, unsigned char)
 .text._ZN3USB17DefaultAddressingEhhb
                0x000062ea       0x88 ./main/src/Usb.o
                0x000062ea                USB::DefaultAddressing(unsigned char, unsigned char, bool)
 .text._ZN3USB11ConfiguringEhhb
                0x00006372       0x86 ./main/src/Usb.o
                0x00006372                USB::Configuring(unsigned char, unsigned char, bool)
 .text._ZN3USB4TaskEv
                0x000063f8      0x208 ./main/src/Usb.o
                0x000063f8                USB::Task()
 .text._ZN3USB11getDevDescrEhhjPh
                0x00006600       0x66 ./main/src/Usb.o
                0x00006600                USB::getDevDescr(unsigned char, unsigned char, unsigned int, unsigned char*)
 .text._Z6NotifyPKc
                0x00006666       0x34 ./main/src/message.o
                0x00006666                Notify(char const*)
 .text._GLOBAL__I__ZN9DhcpClass13beginWithDHCPEPhmm
                0x0000669a       0x16 ./arduinolib/src/Dhcp.o
 .text._GLOBAL__I__ZN9DNSClient5beginERK9IPAddress
                0x000066b0       0x16 ./arduinolib/src/Dns.o
 .text._GLOBAL__I__ZN13EthernetClass6_stateE
                0x000066c6       0x1e ./arduinolib/src/Ethernet.o
 .text._GLOBAL__I__ZN14EthernetClient8_srcportE
                0x000066e4       0x16 ./arduinolib/src/EthernetClient.o
 .text._GLOBAL__I__ZN14EthernetServerC2Ej
                0x000066fa       0x16 ./arduinolib/src/EthernetServer.o
 .text._GLOBAL__I__ZN11EthernetUDPC2Ev
                0x00006710       0x16 ./arduinolib/src/EthernetUdp.o
 .text._ZN12FirmataClass11systemResetEv
                0x00006726       0x2e ./arduinolib/src/Firmata.o
                0x00006726                FirmataClass::systemReset()
 .text._ZN12FirmataClassC1ER6Stream
                0x00006754        0xe ./arduinolib/src/Firmata.o
                0x00006754                FirmataClass::FirmataClass(Stream&)
 .text._GLOBAL__I__ZN12FirmataClass23sendValueAsTwo7bitBytesEi
                0x00006762        0xe ./arduinolib/src/Firmata.o
 .text._GLOBAL__I__Z20getNextPathComponentPcPjS_
                0x00006770       0x46 ./arduinolib/src/SD.o
 .text._ZN7Sd2Card11waitNotBusyEj
                0x000067b6       0x44 ./arduinolib/src/Sd2Card.o
                0x000067b6                Sd2Card::waitNotBusy(unsigned int)
 .text._ZN7Sd2Card13chipSelectLowEv
                0x000067fa        0xc ./arduinolib/src/Sd2Card.o
                0x000067fa                Sd2Card::chipSelectLow()
 .text._ZN7Sd2Card14chipSelectHighEv
                0x00006806        0xc ./arduinolib/src/Sd2Card.o
                0x00006806                Sd2Card::chipSelectHigh()
 .text._ZN7Sd2Card9writeDataEhPKh
                0x00006812       0x74 ./arduinolib/src/Sd2Card.o
                0x00006812                Sd2Card::writeData(unsigned char, unsigned char const*)
 .text._ZN7Sd2Card14waitStartBlockEv
                0x00006886       0x5a ./arduinolib/src/Sd2Card.o
                0x00006886                Sd2Card::waitStartBlock()
 .text._ZN7Sd2Card7readEndEv
                0x000068e0       0x46 ./arduinolib/src/Sd2Card.o
                0x000068e0                Sd2Card::readEnd()
 .text._ZN7Sd2Card11cardCommandEhm
                0x00006926       0xa6 ./arduinolib/src/Sd2Card.o
                0x00006926                Sd2Card::cardCommand(unsigned char, unsigned long)
 .text._ZN7Sd2Card10writeBlockEmPKh
                0x000069cc       0xba ./arduinolib/src/Sd2Card.o
                0x000069cc                Sd2Card::writeBlock(unsigned long, unsigned char const*)
 .text._ZN7Sd2Card8readDataEmjjPh
                0x00006a86      0x13a ./arduinolib/src/Sd2Card.o
                0x00006a86                Sd2Card::readData(unsigned long, unsigned int, unsigned int, unsigned char*)
 .text._ZN7Sd2Card9readBlockEmPh
                0x00006bc0       0x20 ./arduinolib/src/Sd2Card.o
                0x00006bc0                Sd2Card::readBlock(unsigned long, unsigned char*)
 .text._ZN6SdFile7seekSetEm
                0x00006be0      0x152 ./arduinolib/src/SdFile.o
                0x00006be0                SdFile::seekSet(unsigned long)
 .text._ZN6SdFile13cacheDirEntryEh
                0x00006d32       0x3a ./arduinolib/src/SdFile.o
                0x00006d32                SdFile::cacheDirEntry(unsigned char)
 .text._ZN6SdFile4syncEv
                0x00006d6c       0x94 ./arduinolib/src/SdFile.o
                0x00006d6c                SdFile::sync()
 .text._ZN6SdFile10addClusterEv
                0x00006e00       0x4e ./arduinolib/src/SdFile.o
                0x00006e00                SdFile::addCluster()
 .text._ZN6SdFile5writeEPKvj
                0x00006e4e      0x36e ./arduinolib/src/SdFile.o
                0x00006e4e                SdFile::write(void const*, unsigned int)
 .text._ZN6SdFile5writeEh
                0x000071bc       0x22 ./arduinolib/src/SdFile.o
                0x000071bc                SdFile::write(unsigned char)
 .text._ZN8SdVolume10cacheFlushEv
                0x000071de       0x76 ./arduinolib/src/SdVolume.o
                0x000071de                SdVolume::cacheFlush()
 .text._ZN8SdVolume13cacheRawBlockEmh
                0x00007254       0x76 ./arduinolib/src/SdVolume.o
                0x00007254                SdVolume::cacheRawBlock(unsigned long, unsigned char)
 .text._ZN8SdVolume6fatPutEmm
                0x000072ca      0x138 ./arduinolib/src/SdVolume.o
                0x000072ca                SdVolume::fatPut(unsigned long, unsigned long)
 .text._ZNK8SdVolume6fatGetEmPm
                0x00007402       0xe6 ./arduinolib/src/SdVolume.o
                0x00007402                SdVolume::fatGet(unsigned long, unsigned long*) const
 .text._ZN8SdVolume15allocContiguousEmPm
                0x000074e8      0x21e ./arduinolib/src/SdVolume.o
                0x000074e8                SdVolume::allocContiguous(unsigned long, unsigned long*)
 .text._ZL17handle_interrupts18timer16_Sequence_tPVjS1_
                0x00007706      0x182 ./arduinolib/src/Servo.o
 .text.__vector_47
                0x00007888       0x5c ./arduinolib/src/Servo.o
                0x00007888                __vector_47
 .text.__vector_42
                0x000078e4       0x5c ./arduinolib/src/Servo.o
                0x000078e4                __vector_42
 .text.__vector_32
                0x00007940       0x5c ./arduinolib/src/Servo.o
                0x00007940                __vector_32
 .text.__vector_17
                0x0000799c       0x5c ./arduinolib/src/Servo.o
                0x0000799c                __vector_17
 .text._ZN14SoftwareSerial4recvEv
                0x000079f8       0xd4 ./arduinolib/src/SoftwareSerial.o
                0x000079f8                SoftwareSerial::recv()
 .text._ZN14SoftwareSerial16handle_interruptEv
                0x00007acc       0x12 ./arduinolib/src/SoftwareSerial.o
                0x00007acc                SoftwareSerial::handle_interrupt()
 .text.__vector_9
                0x00007ade       0x50 ./arduinolib/src/SoftwareSerial.o
                0x00007ade                __vector_9
 .text.__vector_10
                0x00007b2e       0x50 ./arduinolib/src/SoftwareSerial.o
                0x00007b2e                __vector_10
 .text.__vector_11
                0x00007b7e       0x50 ./arduinolib/src/SoftwareSerial.o
                0x00007b7e                __vector_11
 .text._ZN7TwoWire17beginTransmissionEi
                0x00007bce       0x14 ./arduinolib/src/Wire.o
                0x00007bce                TwoWire::beginTransmission(int)
 .text._ZN7TwoWire9availableEv
                0x00007be2       0x12 ./arduinolib/src/Wire.o
                0x00007be2                TwoWire::available()
 .text._ZN7TwoWire4readEv
                0x00007bf4       0x2a ./arduinolib/src/Wire.o
                0x00007bf4                TwoWire::read()
 .text._ZN7TwoWire4peekEv
                0x00007c1e       0x22 ./arduinolib/src/Wire.o
                0x00007c1e                TwoWire::peek()
 .text._ZN7TwoWire5flushEv
                0x00007c40        0x2 ./arduinolib/src/Wire.o
                0x00007c40                TwoWire::flush()
 .text._GLOBAL__I__ZN7TwoWire8rxBufferE
                0x00007c42       0x2e ./arduinolib/src/Wire.o
 .text._ZN7TwoWire5writeEPKhj
                0x00007c70       0x62 ./arduinolib/src/Wire.o
                0x00007c70                TwoWire::write(unsigned char const*, unsigned int)
 .text._ZN7TwoWire5writeEh
                0x00007cd2       0x60 ./arduinolib/src/Wire.o
                0x00007cd2                TwoWire::write(unsigned char)
 .text._ZN7TwoWire15endTransmissionEv
                0x00007d32       0x20 ./arduinolib/src/Wire.o
                0x00007d32                TwoWire::endTransmission()
 .text._ZN7TwoWire5beginEv
                0x00007d52       0x16 ./arduinolib/src/Wire.o
                0x00007d52                TwoWire::begin()
 .text.twi_writeTo
                0x00007d68       0x86 ./arduinolib/src/twi.o
                0x00007d68                twi_writeTo
 .text.twi_transmit
                0x00007dee       0x36 ./arduinolib/src/twi.o
                0x00007dee                twi_transmit
 .text.__vector_39
                0x00007e24      0x2fe ./arduinolib/src/twi.o
                0x00007e24                __vector_39
 .text.twi_init
                0x00008122       0x32 ./arduinolib/src/twi.o
                0x00008122                twi_init
 .text._Z11serialEventv
                0x00008154        0x2 /Users/frehnerp/Documents/eclipse/ws/Arduino/ArduinoCore/2560_16MHz/libArduinoCore.a(HardwareSerial.o)
                0x00008154                serialEvent()
 .text.__vector_25
                0x00008156       0x70 /Users/frehnerp/Documents/eclipse/ws/Arduino/ArduinoCore/2560_16MHz/libArduinoCore.a(HardwareSerial.o)
                0x00008156                __vector_25
 .text._Z12serialEvent1v
                0x000081c6        0x2 /Users/frehnerp/Documents/eclipse/ws/Arduino/ArduinoCore/2560_16MHz/libArduinoCore.a(HardwareSerial.o)
                0x000081c6                serialEvent1()
 .text.__vector_36
                0x000081c8       0x70 /Users/frehnerp/Documents/eclipse/ws/Arduino/ArduinoCore/2560_16MHz/libArduinoCore.a(HardwareSerial.o)
                0x000081c8                __vector_36
 .text._Z12serialEvent2v
                0x00008238        0x2 /Users/frehnerp/Documents/eclipse/ws/Arduino/ArduinoCore/2560_16MHz/libArduinoCore.a(HardwareSerial.o)
                0x00008238                serialEvent2()
 .text.__vector_51
                0x0000823a       0x70 /Users/frehnerp/Documents/eclipse/ws/Arduino/ArduinoCore/2560_16MHz/libArduinoCore.a(HardwareSerial.o)
                0x0000823a                __vector_51
 .text._Z12serialEvent3v
                0x000082aa        0x2 /Users/frehnerp/Documents/eclipse/ws/Arduino/ArduinoCore/2560_16MHz/libArduinoCore.a(HardwareSerial.o)
                0x000082aa                serialEvent3()
 .text.__vector_54
                0x000082ac       0x70 /Users/frehnerp/Documents/eclipse/ws/Arduino/ArduinoCore/2560_16MHz/libArduinoCore.a(HardwareSerial.o)
                0x000082ac                __vector_54
 .text._Z14serialEventRunv
                0x0000831c       0x92 /Users/frehnerp/Documents/eclipse/ws/Arduino/ArduinoCore/2560_16MHz/libArduinoCore.a(HardwareSerial.o)
                0x0000831c                serialEventRun()
 .text.__vector_26
                0x000083ae       0x9a /Users/frehnerp/Documents/eclipse/ws/Arduino/ArduinoCore/2560_16MHz/libArduinoCore.a(HardwareSerial.o)
                0x000083ae                __vector_26
 .text.__vector_37
                0x00008448       0x9a /Users/frehnerp/Documents/eclipse/ws/Arduino/ArduinoCore/2560_16MHz/libArduinoCore.a(HardwareSerial.o)
                0x00008448                __vector_37
 .text.__vector_52
                0x000084e2       0x9a /Users/frehnerp/Documents/eclipse/ws/Arduino/ArduinoCore/2560_16MHz/libArduinoCore.a(HardwareSerial.o)
                0x000084e2                __vector_52
 .text.__vector_55
                0x0000857c       0x9a /Users/frehnerp/Documents/eclipse/ws/Arduino/ArduinoCore/2560_16MHz/libArduinoCore.a(HardwareSerial.o)
                0x0000857c                __vector_55
 .text._ZN14HardwareSerial5beginEm
                0x00008616      0x10c /Users/frehnerp/Documents/eclipse/ws/Arduino/ArduinoCore/2560_16MHz/libArduinoCore.a(HardwareSerial.o)
                0x00008616                HardwareSerial::begin(unsigned long)
 .text._ZN14HardwareSerial9availableEv
                0x00008722       0x22 /Users/frehnerp/Documents/eclipse/ws/Arduino/ArduinoCore/2560_16MHz/libArduinoCore.a(HardwareSerial.o)
                0x00008722                HardwareSerial::available()
 .text._ZN14HardwareSerial4peekEv
                0x00008744       0x40 /Users/frehnerp/Documents/eclipse/ws/Arduino/ArduinoCore/2560_16MHz/libArduinoCore.a(HardwareSerial.o)
                0x00008744                HardwareSerial::peek()
 .text._ZN14HardwareSerial4readEv
                0x00008784       0x52 /Users/frehnerp/Documents/eclipse/ws/Arduino/ArduinoCore/2560_16MHz/libArduinoCore.a(HardwareSerial.o)
                0x00008784                HardwareSerial::read()
 .text._ZN14HardwareSerial5flushEv
                0x000087d6       0x24 /Users/frehnerp/Documents/eclipse/ws/Arduino/ArduinoCore/2560_16MHz/libArduinoCore.a(HardwareSerial.o)
                0x000087d6                HardwareSerial::flush()
 .text._ZN14HardwareSerial5writeEh
                0x000087fa       0x78 /Users/frehnerp/Documents/eclipse/ws/Arduino/ArduinoCore/2560_16MHz/libArduinoCore.a(HardwareSerial.o)
                0x000087fa                HardwareSerial::write(unsigned char)
 .text._GLOBAL__I_rx_buffer
                0x00008872      0x23c /Users/frehnerp/Documents/eclipse/ws/Arduino/ArduinoCore/2560_16MHz/libArduinoCore.a(HardwareSerial.o)
 .text._ZN9IPAddressC1Ehhhh
                0x00008aae       0x18 /Users/frehnerp/Documents/eclipse/ws/Arduino/ArduinoCore/2560_16MHz/libArduinoCore.a(IPAddress.o)
                0x00008aae                IPAddress::IPAddress(unsigned char, unsigned char, unsigned char, unsigned char)
 .text._GLOBAL__I__ZN9IPAddressC2Ev
                0x00008ac6       0x1e /Users/frehnerp/Documents/eclipse/ws/Arduino/ArduinoCore/2560_16MHz/libArduinoCore.a(IPAddress.o)
 .text._ZNK9IPAddress7printToER5Print
                0x00008ae4       0x84 /Users/frehnerp/Documents/eclipse/ws/Arduino/ArduinoCore/2560_16MHz/libArduinoCore.a(IPAddress.o)
                0x00008ae4                IPAddress::printTo(Print&) const
 .text._ZN9IPAddressC1Ev
                0x00008b68       0x14 /Users/frehnerp/Documents/eclipse/ws/Arduino/ArduinoCore/2560_16MHz/libArduinoCore.a(IPAddress.o)
                0x00008b68                IPAddress::IPAddress()
 .text._ZN5Print5writeEPKhj
                0x00008b7c       0x54 /Users/frehnerp/Documents/eclipse/ws/Arduino/ArduinoCore/2560_16MHz/libArduinoCore.a(Print.o)
                0x00008b7c                Print::write(unsigned char const*, unsigned int)
 .text._ZN5Print5printEc
                0x00008bd0       0x10 /Users/frehnerp/Documents/eclipse/ws/Arduino/ArduinoCore/2560_16MHz/libArduinoCore.a(Print.o)
                0x00008bd0                Print::print(char)
 .text._ZN5Print7printlnEv
                0x00008be0       0x40 /Users/frehnerp/Documents/eclipse/ws/Arduino/ArduinoCore/2560_16MHz/libArduinoCore.a(Print.o)
                0x00008be0                Print::println()
 .text._ZN5Print5writeEPKc
                0x00008c20       0x28 /Users/frehnerp/Documents/eclipse/ws/Arduino/ArduinoCore/2560_16MHz/libArduinoCore.a(Print.o)
                0x00008c20                Print::write(char const*)
 .text._ZN5Print11printNumberEmh
                0x00008c48       0xc8 /Users/frehnerp/Documents/eclipse/ws/Arduino/ArduinoCore/2560_16MHz/libArduinoCore.a(Print.o)
                0x00008c48                Print::printNumber(unsigned long, unsigned char)
 .text._ZN5Print5printEmi
                0x00008d10       0x1e /Users/frehnerp/Documents/eclipse/ws/Arduino/ArduinoCore/2560_16MHz/libArduinoCore.a(Print.o)
                0x00008d10                Print::print(unsigned long, int)
 .text._ZN5Print5printEji
                0x00008d2e       0x22 /Users/frehnerp/Documents/eclipse/ws/Arduino/ArduinoCore/2560_16MHz/libArduinoCore.a(Print.o)
                0x00008d2e                Print::print(unsigned int, int)
 .text._ZN5Print5printEhi
                0x00008d50       0x24 /Users/frehnerp/Documents/eclipse/ws/Arduino/ArduinoCore/2560_16MHz/libArduinoCore.a(Print.o)
                0x00008d50                Print::print(unsigned char, int)
 .text._ZN5Print5printEPKc
                0x00008d74        0x6 /Users/frehnerp/Documents/eclipse/ws/Arduino/ArduinoCore/2560_16MHz/libArduinoCore.a(Print.o)
                0x00008d74                Print::print(char const*)
 .text._ZN5Print7printlnEPKc
                0x00008d7a       0x26 /Users/frehnerp/Documents/eclipse/ws/Arduino/ArduinoCore/2560_16MHz/libArduinoCore.a(Print.o)
                0x00008d7a                Print::println(char const*)
 .text._ZN5Print5printERK6String
                0x00008da0       0x66 /Users/frehnerp/Documents/eclipse/ws/Arduino/ArduinoCore/2560_16MHz/libArduinoCore.a(Print.o)
                0x00008da0                Print::print(String const&)
 .text._ZNK6StringixEj
                0x00008e06       0x22 /Users/frehnerp/Documents/eclipse/ws/Arduino/ArduinoCore/2560_16MHz/libArduinoCore.a(WString.o)
                0x00008e06                String::operator[](unsigned int) const
 .text._ZN6String12changeBufferEj
                0x00008e28       0x34 /Users/frehnerp/Documents/eclipse/ws/Arduino/ArduinoCore/2560_16MHz/libArduinoCore.a(WString.o)
                0x00008e28                String::changeBuffer(unsigned int)
 .text._ZN6String7reserveEj
                0x00008e5c       0x38 /Users/frehnerp/Documents/eclipse/ws/Arduino/ArduinoCore/2560_16MHz/libArduinoCore.a(WString.o)
                0x00008e5c                String::reserve(unsigned int)
 .text._ZN6String10invalidateEv
                0x00008e94       0x24 /Users/frehnerp/Documents/eclipse/ws/Arduino/ArduinoCore/2560_16MHz/libArduinoCore.a(WString.o)
                0x00008e94                String::invalidate()
 .text._ZN6String4copyEPKcj
                0x00008eb8       0x42 /Users/frehnerp/Documents/eclipse/ws/Arduino/ArduinoCore/2560_16MHz/libArduinoCore.a(WString.o)
                0x00008eb8                String::copy(char const*, unsigned int)
 .text._ZN6StringC1EPKc
                0x00008efa       0x34 /Users/frehnerp/Documents/eclipse/ws/Arduino/ArduinoCore/2560_16MHz/libArduinoCore.a(WString.o)
                0x00008efa                String::String(char const*)
 .text._ZN6StringaSEPKc
                0x00008f2e       0x32 /Users/frehnerp/Documents/eclipse/ws/Arduino/ArduinoCore/2560_16MHz/libArduinoCore.a(WString.o)
                0x00008f2e                String::operator=(char const*)
 .text._ZN6StringC1Emh
                0x00008f60       0x64 /Users/frehnerp/Documents/eclipse/ws/Arduino/ArduinoCore/2560_16MHz/libArduinoCore.a(WString.o)
                0x00008f60                String::String(unsigned long, unsigned char)
 .text._ZNK6String9substringEjj
                0x00008fc4       0x8e /Users/frehnerp/Documents/eclipse/ws/Arduino/ArduinoCore/2560_16MHz/libArduinoCore.a(WString.o)
                0x00008fc4                String::substring(unsigned int, unsigned int) const
 .text._ZNK6String9substringEj
                0x00009052       0x18 /Users/frehnerp/Documents/eclipse/ws/Arduino/ArduinoCore/2560_16MHz/libArduinoCore.a(WString.o)
                0x00009052                String::substring(unsigned int) const
 .text._ZN6StringaSERKS_
                0x0000906a       0x2e /Users/frehnerp/Documents/eclipse/ws/Arduino/ArduinoCore/2560_16MHz/libArduinoCore.a(WString.o)
                0x0000906a                String::operator=(String const&)
 .text._ZN6StringD1Ev
                0x00009098        0xc /Users/frehnerp/Documents/eclipse/ws/Arduino/ArduinoCore/2560_16MHz/libArduinoCore.a(WString.o)
                0x00009098                String::~String()
 .text.main     0x000090a4       0x1e /Users/frehnerp/Documents/eclipse/ws/Arduino/ArduinoCore/2560_16MHz/libArduinoCore.a(main.o)
                0x000090a4                main
 .text.__vector_23
                0x000090c2       0x90 /Users/frehnerp/Documents/eclipse/ws/Arduino/ArduinoCore/2560_16MHz/libArduinoCore.a(wiring.o)
                0x000090c2                __vector_23
 .text.millis   0x00009152       0x1c /Users/frehnerp/Documents/eclipse/ws/Arduino/ArduinoCore/2560_16MHz/libArduinoCore.a(wiring.o)
                0x00009152                millis
 .text.micros   0x0000916e       0x4c /Users/frehnerp/Documents/eclipse/ws/Arduino/ArduinoCore/2560_16MHz/libArduinoCore.a(wiring.o)
                0x0000916e                micros
 .text.delay    0x000091ba       0x4c /Users/frehnerp/Documents/eclipse/ws/Arduino/ArduinoCore/2560_16MHz/libArduinoCore.a(wiring.o)
                0x000091ba                delay
 .text.init     0x00009206       0xc4 /Users/frehnerp/Documents/eclipse/ws/Arduino/ArduinoCore/2560_16MHz/libArduinoCore.a(wiring.o)
                0x00009206                init
 .text.analogRead
                0x000092ca       0x68 /Users/frehnerp/Documents/eclipse/ws/Arduino/ArduinoCore/2560_16MHz/libArduinoCore.a(wiring_analog.o)
                0x000092ca                analogRead
 .text.pinMode  0x00009332       0x4c /Users/frehnerp/Documents/eclipse/ws/Arduino/ArduinoCore/2560_16MHz/libArduinoCore.a(wiring_digital.o)
                0x00009332                pinMode
 .text.turnOffPWM
                0x0000937e       0xe8 /Users/frehnerp/Documents/eclipse/ws/Arduino/ArduinoCore/2560_16MHz/libArduinoCore.a(wiring_digital.o)
 .text.digitalWrite
                0x00009466       0x66 /Users/frehnerp/Documents/eclipse/ws/Arduino/ArduinoCore/2560_16MHz/libArduinoCore.a(wiring_digital.o)
                0x00009466                digitalWrite
 .text.digitalRead
                0x000094cc       0x60 /Users/frehnerp/Documents/eclipse/ws/Arduino/ArduinoCore/2560_16MHz/libArduinoCore.a(wiring_digital.o)
                0x000094cc                digitalRead
 .text.avr-libc.fplib
                0x0000952c        0xa /usr/local/CrossPack-AVR-20100115/lib/gcc/avr/4.3.3/../../../../avr/lib/avr6/libm.a(addsf3.o)
                0x0000952c                __subsf3
                0x0000952e                __addsf3
 .text.avr-libc.fplib
                0x00009536       0xc0 /usr/local/CrossPack-AVR-20100115/lib/gcc/avr/4.3.3/../../../../avr/lib/avr6/libm.a(addsf3x.o)
                0x00009550                __addsf3x
 .text.avr-libc.fplib
                0x000095f6        0x4 /usr/local/CrossPack-AVR-20100115/lib/gcc/avr/4.3.3/../../../../avr/lib/avr6/libm.a(divsf3.o)
                0x000095f6                __divsf3
 .text.avr-libc.fplib
                0x000095fa       0xcc /usr/local/CrossPack-AVR-20100115/lib/gcc/avr/4.3.3/../../../../avr/lib/avr6/libm.a(divsf3x.o)
                0x00009610                __divsf3x
                0x00009614                __divsf3_pse
 .text.avr-libc.fplib
                0x000096c6        0xa /usr/local/CrossPack-AVR-20100115/lib/gcc/avr/4.3.3/../../../../avr/lib/avr6/libm.a(fixsfsi.o)
                0x000096c6                __fixsfsi
 .text.avr-libc.fplib
                0x000096d0       0x58 /usr/local/CrossPack-AVR-20100115/lib/gcc/avr/4.3.3/../../../../avr/lib/avr6/libm.a(fixunssfsi.o)
                0x000096d0                __fixunssfsi
 .text.avr-libc.fplib
                0x00009728       0x7a /usr/local/CrossPack-AVR-20100115/lib/gcc/avr/4.3.3/../../../../avr/lib/avr6/libm.a(floatsisf.o)
                0x0000972c                __floatsisf
                0x00009728                __floatunsisf
 .text.avr-libc.fplib
                0x000097a2        0xc /usr/local/CrossPack-AVR-20100115/lib/gcc/avr/4.3.3/../../../../avr/lib/avr6/libm.a(fp_inf.o)
                0x000097a2                __fp_inf
 .text.avr-libc.fplib
                0x000097ae        0x6 /usr/local/CrossPack-AVR-20100115/lib/gcc/avr/4.3.3/../../../../avr/lib/avr6/libm.a(fp_nan.o)
                0x000097ae                __fp_nan
 .text.avr-libc.fplib
                0x000097b4       0x4a /usr/local/CrossPack-AVR-20100115/lib/gcc/avr/4.3.3/../../../../avr/lib/avr6/libm.a(fp_powser.o)
                0x000097b4                __fp_powser
 .text.avr-libc.fplib
                0x000097fe        0xe /usr/local/CrossPack-AVR-20100115/lib/gcc/avr/4.3.3/../../../../avr/lib/avr6/libm.a(fp_pscA.o)
                0x000097fe                __fp_pscA
 .text.avr-libc.fplib
                0x0000980c        0xe /usr/local/CrossPack-AVR-20100115/lib/gcc/avr/4.3.3/../../../../avr/lib/avr6/libm.a(fp_pscB.o)
                0x0000980c                __fp_pscB
 .text.avr-libc.fplib
                0x0000981a       0x22 /usr/local/CrossPack-AVR-20100115/lib/gcc/avr/4.3.3/../../../../avr/lib/avr6/libm.a(fp_round.o)
                0x0000981a                __fp_round
 .text.avr-libc.fplib
                0x0000983c       0x44 /usr/local/CrossPack-AVR-20100115/lib/gcc/avr/4.3.3/../../../../avr/lib/avr6/libm.a(fp_split3.o)
                0x0000983c                __fp_split3
                0x0000984c                __fp_splitA
 .text.avr-libc.fplib
                0x00009880        0xe /usr/local/CrossPack-AVR-20100115/lib/gcc/avr/4.3.3/../../../../avr/lib/avr6/libm.a(fp_zero.o)
                0x00009880                __fp_zero
                0x00009882                __fp_szero
 .text.avr-libc.fplib
                0x0000988e        0x4 /usr/local/CrossPack-AVR-20100115/lib/gcc/avr/4.3.3/../../../../avr/lib/avr6/libm.a(mulsf3.o)
                0x0000988e                __mulsf3
 .text.avr-libc.fplib
                0x00009892       0xc2 /usr/local/CrossPack-AVR-20100115/lib/gcc/avr/4.3.3/../../../../avr/lib/avr6/libm.a(mulsf3x.o)
                0x000098aa                __mulsf3_pse
                0x000098a6                __mulsf3x
 .text.avr-libc.fplib
                0x00009954       0x98 /usr/local/CrossPack-AVR-20100115/lib/gcc/avr/4.3.3/../../../../avr/lib/avr6/libm.a(pow.o)
                0x00009954                pow
 .text.avr-libc.fplib
                0x000099ec       0x62 /usr/local/CrossPack-AVR-20100115/lib/gcc/avr/4.3.3/../../../../avr/lib/avr6/libm.a(exp.o)
                0x000099f6                exp
 .text.avr-libc.fplib
                0x00009a4e       0x1c /usr/local/CrossPack-AVR-20100115/lib/gcc/avr/4.3.3/../../../../avr/lib/avr6/libm.a(fp_mpack.o)
                0x00009a52                __fp_mpack_finite
                0x00009a4e                __fp_mpack
 .text.avr-libc.fplib
                0x00009a6a        0xe /usr/local/CrossPack-AVR-20100115/lib/gcc/avr/4.3.3/../../../../avr/lib/avr6/libm.a(inverse.o)
                0x00009a6a                inverse
 .text.avr-libc.fplib
                0x00009a78       0x6c /usr/local/CrossPack-AVR-20100115/lib/gcc/avr/4.3.3/../../../../avr/lib/avr6/libm.a(ldexp.o)
                0x00009a7c                ldexp
 .text.avr-libc.fplib
                0x00009ae4       0x8a /usr/local/CrossPack-AVR-20100115/lib/gcc/avr/4.3.3/../../../../avr/lib/avr6/libm.a(log.o)
                0x00009aee                log
 .text.avr-libc.fplib
                0x00009b6e       0x66 /usr/local/CrossPack-AVR-20100115/lib/gcc/avr/4.3.3/../../../../avr/lib/avr6/libm.a(modf.o)
                0x00009b6e                modff
                0x00009b6e                modf
 .text.libgcc   0x00009bd4       0x3e /usr/local/CrossPack-AVR-20100115/lib/gcc/avr/4.3.3/avr6/libgcc.a(_mulsi3.o)
                0x00009bd4                __mulsi3
 .text.libgcc   0x00009c12       0x26 /usr/local/CrossPack-AVR-20100115/lib/gcc/avr/4.3.3/avr6/libgcc.a(_divmodhi4.o)
                0x00009c12                __divmodhi4
                0x00009c12                _div
 .text.libgcc   0x00009c38       0x44 /usr/local/CrossPack-AVR-20100115/lib/gcc/avr/4.3.3/avr6/libgcc.a(_udivmodsi4.o)
                0x00009c38                __udivmodsi4
 .text.libgcc   0x00009c7c       0x36 /usr/local/CrossPack-AVR-20100115/lib/gcc/avr/4.3.3/avr6/libgcc.a(_divmodsi4.o)
                0x00009c7c                __divmodsi4
 .text.libgcc   0x00009cb2       0x28 /usr/local/CrossPack-AVR-20100115/lib/gcc/avr/4.3.3/avr6/libgcc.a(_udivmodhi4.o)
                0x00009cb2                __udivmodhi4
 .text.libgcc   0x00009cda        0xc /usr/local/CrossPack-AVR-20100115/lib/gcc/avr/4.3.3/avr6/libgcc.a(_tablejump.o)
                0x00009cde                __tablejump__
                0x00009cda                __tablejump2__
 .text.avr-libc
                0x00009ce6      0x20a /usr/local/CrossPack-AVR-20100115/lib/gcc/avr/4.3.3/../../../../avr/lib/avr6/libc.a(malloc.o)
                0x00009ce6                malloc
                0x00009e40                free
 .text.avr-libc
                0x00009ef0      0x1b8 /usr/local/CrossPack-AVR-20100115/lib/gcc/avr/4.3.3/../../../../avr/lib/avr6/libc.a(realloc.o)
                0x00009ef0                realloc
 .text.avr-libc
                0x0000a0a8        0xa /usr/local/CrossPack-AVR-20100115/lib/gcc/avr/4.3.3/../../../../avr/lib/avr6/libc.a(abort.o)
                0x0000a0a8                abort
 .text.avr-libc
                0x0000a0b2       0x16 /usr/local/CrossPack-AVR-20100115/lib/gcc/avr/4.3.3/../../../../avr/lib/avr6/libc.a(strcat_P.o)
                0x0000a0b2                strcat_P
 .text.avr-libc
                0x0000a0c8       0x12 /usr/local/CrossPack-AVR-20100115/lib/gcc/avr/4.3.3/../../../../avr/lib/avr6/libc.a(memcpy.o)
                0x0000a0c8                memcpy
 .text.avr-libc
                0x0000a0da       0x16 /usr/local/CrossPack-AVR-20100115/lib/gcc/avr/4.3.3/../../../../avr/lib/avr6/libc.a(strcat.o)
                0x0000a0da                strcat
 .text.avr-libc
                0x0000a0f0        0xe /usr/local/CrossPack-AVR-20100115/lib/gcc/avr/4.3.3/../../../../avr/lib/avr6/libc.a(strcpy.o)
                0x0000a0f0                strcpy
 .text.avr-libc
                0x0000a0fe       0x42 /usr/local/CrossPack-AVR-20100115/lib/gcc/avr/4.3.3/../../../../avr/lib/avr6/libc.a(itoa.o)
                0x0000a0fe                itoa
 .text.avr-libc
                0x0000a140       0x4a /usr/local/CrossPack-AVR-20100115/lib/gcc/avr/4.3.3/../../../../avr/lib/avr6/libc.a(ultoa.o)
                0x0000a140                ultoa
 .text.avr-libc
                0x0000a18a       0x62 /usr/local/CrossPack-AVR-20100115/lib/gcc/avr/4.3.3/../../../../avr/lib/avr6/libc.a(sprintf_p.o)
                0x0000a18a                sprintf_P
 .text.avr-libc
                0x0000a1ec      0x40c /usr/local/CrossPack-AVR-20100115/lib/gcc/avr/4.3.3/../../../../avr/lib/avr6/libc.a(vfprintf_std.o)
                0x0000a1ec                vfprintf
 .text.avr-libc
                0x0000a5f8       0x16 /usr/local/CrossPack-AVR-20100115/lib/gcc/avr/4.3.3/../../../../avr/lib/avr6/libc.a(strnlen_P.o)
                0x0000a5f8                strnlen_P
 .text.avr-libc
                0x0000a60e       0x16 /usr/local/CrossPack-AVR-20100115/lib/gcc/avr/4.3.3/../../../../avr/lib/avr6/libc.a(strnlen.o)
                0x0000a60e                strnlen
 .text.avr-libc
                0x0000a624       0x20 /usr/local/CrossPack-AVR-20100115/lib/gcc/avr/4.3.3/../../../../avr/lib/avr6/libc.a(strrev.o)
                0x0000a624                strrev
 .text.avr-libc
                0x0000a644       0x58 /usr/local/CrossPack-AVR-20100115/lib/gcc/avr/4.3.3/../../../../avr/lib/avr6/libc.a(fputc.o)
                0x0000a644                fputc
 .text.avr-libc
                0x0000a69c       0xbc /usr/local/CrossPack-AVR-20100115/lib/gcc/avr/4.3.3/../../../../avr/lib/avr6/libc.a(ultoa_invert.o)
                0x0000a69c                __ultoa_invert
                0x0000a758                . = ALIGN (0x2)
 *(.fini9)
 .fini9         0x0000a758        0x0 /usr/local/CrossPack-AVR-20100115/lib/gcc/avr/4.3.3/avr6/libgcc.a(_exit.o)
                0x0000a758                exit
                0x0000a758                _exit
 *(.fini9)
 *(.fini8)
 *(.fini8)
 *(.fini7)
 *(.fini7)
 *(.fini6)
 *(.fini6)
 *(.fini5)
 *(.fini5)
 *(.fini4)
 *(.fini4)
 *(.fini3)
 *(.fini3)
 *(.fini2)
 *(.fini2)
 *(.fini1)
 *(.fini1)
 *(.fini0)
 .fini0         0x0000a758        0x4 /usr/local/CrossPack-AVR-20100115/lib/gcc/avr/4.3.3/avr6/libgcc.a(_exit.o)
 *(.fini0)
                0x0000a75c                _etext = .

.data           0x00800200      0x27c load address 0x0000a75c
                0x00800200                PROVIDE (__data_start, .)
 *(.data)
 .data          0x00800200      0x10f ./main/src/PS3BT.o
 .data          0x0080030f       0xc2 ./main/src/PS3BTExample.o
 .data          0x008003d1       0x47 ./main/src/RCRx.o
 .data          0x00800418        0x1 /Users/frehnerp/Documents/eclipse/ws/Arduino/ArduinoCore/2560_16MHz/libArduinoCore.a(WString.o)
 .data          0x00800419        0x6 /usr/local/CrossPack-AVR-20100115/lib/gcc/avr/4.3.3/../../../../avr/lib/avr6/libc.a(malloc.o)
                0x0080041b                __malloc_heap_start
                0x0080041d                __malloc_heap_end
                0x00800419                __malloc_margin
 *(.data*)
 .data._ZZN6REDFLY10socketReadEPhPjS0_S1_S0_jE11last_socket
                0x0080041f        0x1 ./redfly/src/RedFly.o
 .data.ssid     0x00800420        0x2 ./main/src/RCRx.o
                0x00800420                ssid
 .data.channel  0x00800422        0x1 ./main/src/RCRx.o
                0x00800422                channel
 .data.ip       0x00800423        0x4 ./main/src/RCRx.o
                0x00800423                ip
 .data.netmask  0x00800427        0x4 ./main/src/RCRx.o
                0x00800427                netmask
 .data.hUDP     0x0080042b        0x1 ./main/src/RCRx.o
                0x0080042b                hUDP
 .data._ZN8SdVolume17cacheBlockNumber_E
                0x0080042c        0x4 ./arduinolib/src/SdVolume.o
                0x0080042c                SdVolume::cacheBlockNumber_
 .data.analog_reference
                0x00800430        0x1 /Users/frehnerp/Documents/eclipse/ws/Arduino/ArduinoCore/2560_16MHz/libArduinoCore.a(wiring_analog.o)
                0x00800430                analog_reference
 *(.rodata)
 *(.rodata*)
 .rodata._ZTV5PS3BT
                0x00800431        0xc ./main/src/PS3BT.o
                0x00800431                vtable for PS3BT
 .rodata._ZTV4RCRx
                0x0080043d        0x6 ./main/src/RCRx.o
                0x0080043d                vtable for RCRx
 .rodata._ZTV15AddressPoolImplILh16EE
                0x00800443        0xa ./main/src/Usb.o
                0x00800443                vtable for AddressPoolImpl<(unsigned char)16>
 .rodata._ZTV6SdFile
                0x0080044d        0x8 ./arduinolib/src/SdFile.o
                0x0080044d                vtable for SdFile
 .rodata._ZTV7TwoWire
                0x00800455       0x10 ./arduinolib/src/Wire.o
                0x00800455                vtable for TwoWire
 .rodata._ZTV14HardwareSerial
                0x00800465       0x10 /Users/frehnerp/Documents/eclipse/ws/Arduino/ArduinoCore/2560_16MHz/libArduinoCore.a(HardwareSerial.o)
                0x00800465                vtable for HardwareSerial
 .rodata._ZTV9IPAddress
                0x00800475        0x6 /Users/frehnerp/Documents/eclipse/ws/Arduino/ArduinoCore/2560_16MHz/libArduinoCore.a(IPAddress.o)
                0x00800475                vtable for IPAddress
 *(.gnu.linkonce.d*)
                0x0080047c                . = ALIGN (0x2)
 *fill*         0x0080047b        0x1 00
                0x0080047c                _edata = .
                0x0080047c                PROVIDE (__data_end, .)

.bss            0x0080047c      0x9a4
                0x0080047c                PROVIDE (__bss_start, .)
 *(.bss)
 *(.bss*)
 .bss.RedFly    0x0080047c       0x4a ./redfly/src/RedFly.o
                0x0080047c                RedFly
 .bss._ZZN6REDFLY10socketReadEPhPjS0_S1_S0_jE6udp_ip
                0x008004c6        0x4 ./redfly/src/RedFly.o
 .bss._ZZN6REDFLY10socketReadEPhPjS0_S1_S0_jE8udp_port
                0x008004ca        0x2 ./redfly/src/RedFly.o
 .bss._ZZN6REDFLY10socketReadEPhPjS0_S1_S0_jE3pos
                0x008004cc        0x1 ./redfly/src/RedFly.o
 .bss._ZZN6REDFLY10socketReadEPhPjS0_S1_S0_jE3buf
                0x008004cd        0x8 ./redfly/src/RedFly.o
 .bss._ZZN6REDFLY10socketReadEPhPjS0_S1_S0_jE8last_len
                0x008004d5        0x2 ./redfly/src/RedFly.o
 .bss.leftHatXValue
                0x008004d7        0x1 ./main/src/PS3BTExample.o
                0x008004d7                leftHatXValue
 .bss.leftHatYValue
                0x008004d8        0x1 ./main/src/PS3BTExample.o
                0x008004d8                leftHatYValue
 .bss.deviceWasConnected
                0x008004d9        0x1 ./main/src/PS3BTExample.o
                0x008004d9                deviceWasConnected
 .bss.RCControlStarted
                0x008004da        0x1 ./main/src/PS3BTExample.o
                0x008004da                RCControlStarted
 .bss.Usb       0x008004db       0x78 ./main/src/PS3BTExample.o
                0x008004db                Usb
 .bss.BT        0x00800553      0x1a5 ./main/src/PS3BTExample.o
                0x00800553                BT
 .bss.printTemperature
                0x008006f8        0x1 ./main/src/PS3BTExample.o
                0x008006f8                printTemperature
 .bss.sendIntervalIsReached
                0x008006f9        0x1 ./main/src/PS3BTExample.o
                0x008006f9                sendIntervalIsReached
 .bss.rcrx      0x008006fa       0x13 ./main/src/PS3BTExample.o
                0x008006fa                rcrx
 .bss._ZN8MAX3421eI4TPinI5PortbLh4EES0_I5PorthLh6EEE9vbusStateE
                0x0080070d        0x1 ./main/src/PS3BTExample.o
                0x0080070d                MAX3421e<TPin<Portb, (unsigned char)4>, TPin<Porth, (unsigned char)6> >::vbusState
 .bss.destIP    0x0080070e        0x4 ./main/src/RCRx.o
                0x0080070e                destIP
 .bss.destPORT  0x00800712        0x2 ./main/src/RCRx.o
                0x00800712                destPORT
 .bss._ZL4rcrx  0x00800714        0x2 ./main/src/RCRx.o
 .bss.Timer3    0x00800716        0x7 ./main/src/Timer3.o
                0x00800716                Timer3
 .bss._ZL14usb_task_state
                0x0080071d        0x1 ./main/src/Usb.o
 .bss._ZL9usb_error
                0x0080071e        0x1 ./main/src/Usb.o
 .bss._ZZN3USB4TaskEvE5delay
                0x0080071f        0x4 ./main/src/Usb.o
 .bss._ZL11INADDR_NONE
                0x00800723        0x6 ./arduinolib/src/Dhcp.o
 .bss._ZL11INADDR_NONE
                0x00800729        0x6 ./arduinolib/src/Dns.o
 .bss.Ethernet  0x0080072f        0x6 ./arduinolib/src/Ethernet.o
                0x0080072f                Ethernet
 .bss._ZL11INADDR_NONE
                0x00800735        0x6 ./arduinolib/src/Ethernet.o
 .bss._ZL11INADDR_NONE
                0x0080073b        0x6 ./arduinolib/src/EthernetClient.o
 .bss._ZL11INADDR_NONE
                0x00800741        0x6 ./arduinolib/src/EthernetServer.o
 .bss._ZL11INADDR_NONE
                0x00800747        0x6 ./arduinolib/src/EthernetUdp.o
 .bss.Firmata   0x0080074d       0x3b ./arduinolib/src/Firmata.o
                0x0080074d                Firmata
 .bss.SD        0x00800788       0x49 ./arduinolib/src/SD.o
                0x00800788                SD
 .bss._ZN6SdFile9dateTime_E
                0x008007d1        0x2 ./arduinolib/src/SdFile.o
                0x008007d1                SdFile::dateTime_
 .bss._ZN8SdVolume12cacheBuffer_E
                0x008007d3      0x200 ./arduinolib/src/SdVolume.o
                0x008007d3                SdVolume::cacheBuffer_
 .bss._ZN8SdVolume7sdCard_E
                0x008009d3        0x2 ./arduinolib/src/SdVolume.o
                0x008009d3                SdVolume::sdCard_
 .bss._ZN8SdVolume11cacheDirty_E
                0x008009d5        0x1 ./arduinolib/src/SdVolume.o
                0x008009d5                SdVolume::cacheDirty_
 .bss._ZN8SdVolume17cacheMirrorBlock_E
                0x008009d6        0x4 ./arduinolib/src/SdVolume.o
                0x008009d6                SdVolume::cacheMirrorBlock_
 .bss.ServoCount
                0x008009da        0x1 ./arduinolib/src/Servo.o
                0x008009da                ServoCount
 .bss._ZL6servos
                0x008009db       0x90 ./arduinolib/src/Servo.o
 .bss._ZL7Channel
                0x00800a6b        0x4 ./arduinolib/src/Servo.o
 .bss._ZN14SoftwareSerial13active_objectE
                0x00800a6f        0x2 ./arduinolib/src/SoftwareSerial.o
                0x00800a6f                SoftwareSerial::active_object
 .bss._ZN14SoftwareSerial15_receive_bufferE
                0x00800a71       0x40 ./arduinolib/src/SoftwareSerial.o
                0x00800a71                SoftwareSerial::_receive_buffer
 .bss._ZN14SoftwareSerial20_receive_buffer_tailE
                0x00800ab1        0x1 ./arduinolib/src/SoftwareSerial.o
                0x00800ab1                SoftwareSerial::_receive_buffer_tail
 .bss._ZN14SoftwareSerial20_receive_buffer_headE
                0x00800ab2        0x1 ./arduinolib/src/SoftwareSerial.o
                0x00800ab2                SoftwareSerial::_receive_buffer_head
 .bss._ZN7TwoWire8rxBufferE
                0x00800ab3       0x20 ./arduinolib/src/Wire.o
                0x00800ab3                TwoWire::rxBuffer
 .bss._ZN7TwoWire13rxBufferIndexE
                0x00800ad3        0x1 ./arduinolib/src/Wire.o
                0x00800ad3                TwoWire::rxBufferIndex
 .bss._ZN7TwoWire14rxBufferLengthE
                0x00800ad4        0x1 ./arduinolib/src/Wire.o
                0x00800ad4                TwoWire::rxBufferLength
 .bss._ZN7TwoWire9txAddressE
                0x00800ad5        0x1 ./arduinolib/src/Wire.o
                0x00800ad5                TwoWire::txAddress
 .bss._ZN7TwoWire8txBufferE
                0x00800ad6       0x20 ./arduinolib/src/Wire.o
                0x00800ad6                TwoWire::txBuffer
 .bss._ZN7TwoWire13txBufferIndexE
                0x00800af6        0x1 ./arduinolib/src/Wire.o
                0x00800af6                TwoWire::txBufferIndex
 .bss._ZN7TwoWire14txBufferLengthE
                0x00800af7        0x1 ./arduinolib/src/Wire.o
                0x00800af7                TwoWire::txBufferLength
 .bss._ZN7TwoWire12transmittingE
                0x00800af8        0x1 ./arduinolib/src/Wire.o
                0x00800af8                TwoWire::transmitting
 .bss.Wire      0x00800af9        0xc ./arduinolib/src/Wire.o
                0x00800af9                Wire
 .bss.twi_state
                0x00800b05        0x1 ./arduinolib/src/twi.o
 .bss.twi_slarw
                0x00800b06        0x1 ./arduinolib/src/twi.o
 .bss.twi_onSlaveTransmit
                0x00800b07        0x2 ./arduinolib/src/twi.o
 .bss.twi_onSlaveReceive
                0x00800b09        0x2 ./arduinolib/src/twi.o
 .bss.twi_masterBuffer
                0x00800b0b       0x20 ./arduinolib/src/twi.o
 .bss.twi_masterBufferIndex
                0x00800b2b        0x1 ./arduinolib/src/twi.o
 .bss.twi_masterBufferLength
                0x00800b2c        0x1 ./arduinolib/src/twi.o
 .bss.twi_txBuffer
                0x00800b2d       0x20 ./arduinolib/src/twi.o
 .bss.twi_txBufferIndex
                0x00800b4d        0x1 ./arduinolib/src/twi.o
 .bss.twi_txBufferLength
                0x00800b4e        0x1 ./arduinolib/src/twi.o
 .bss.twi_rxBuffer
                0x00800b4f       0x20 ./arduinolib/src/twi.o
 .bss.twi_rxBufferIndex
                0x00800b6f        0x1 ./arduinolib/src/twi.o
 .bss.twi_error
                0x00800b70        0x1 ./arduinolib/src/twi.o
 .bss.rx_buffer
                0x00800b71       0x44 /Users/frehnerp/Documents/eclipse/ws/Arduino/ArduinoCore/2560_16MHz/libArduinoCore.a(HardwareSerial.o)
                0x00800b71                rx_buffer
 .bss.tx_buffer
                0x00800bb5       0x44 /Users/frehnerp/Documents/eclipse/ws/Arduino/ArduinoCore/2560_16MHz/libArduinoCore.a(HardwareSerial.o)
                0x00800bb5                tx_buffer
 .bss.rx_buffer1
                0x00800bf9       0x44 /Users/frehnerp/Documents/eclipse/ws/Arduino/ArduinoCore/2560_16MHz/libArduinoCore.a(HardwareSerial.o)
                0x00800bf9                rx_buffer1
 .bss.tx_buffer1
                0x00800c3d       0x44 /Users/frehnerp/Documents/eclipse/ws/Arduino/ArduinoCore/2560_16MHz/libArduinoCore.a(HardwareSerial.o)
                0x00800c3d                tx_buffer1
 .bss.rx_buffer2
                0x00800c81       0x44 /Users/frehnerp/Documents/eclipse/ws/Arduino/ArduinoCore/2560_16MHz/libArduinoCore.a(HardwareSerial.o)
                0x00800c81                rx_buffer2
 .bss.tx_buffer2
                0x00800cc5       0x44 /Users/frehnerp/Documents/eclipse/ws/Arduino/ArduinoCore/2560_16MHz/libArduinoCore.a(HardwareSerial.o)
                0x00800cc5                tx_buffer2
 .bss.rx_buffer3
                0x00800d09       0x44 /Users/frehnerp/Documents/eclipse/ws/Arduino/ArduinoCore/2560_16MHz/libArduinoCore.a(HardwareSerial.o)
                0x00800d09                rx_buffer3
 .bss.tx_buffer3
                0x00800d4d       0x44 /Users/frehnerp/Documents/eclipse/ws/Arduino/ArduinoCore/2560_16MHz/libArduinoCore.a(HardwareSerial.o)
                0x00800d4d                tx_buffer3
 .bss.Serial    0x00800d91       0x1f /Users/frehnerp/Documents/eclipse/ws/Arduino/ArduinoCore/2560_16MHz/libArduinoCore.a(HardwareSerial.o)
                0x00800d91                Serial
 .bss.Serial1   0x00800db0       0x1f /Users/frehnerp/Documents/eclipse/ws/Arduino/ArduinoCore/2560_16MHz/libArduinoCore.a(HardwareSerial.o)
                0x00800db0                Serial1
 .bss.Serial2   0x00800dcf       0x1f /Users/frehnerp/Documents/eclipse/ws/Arduino/ArduinoCore/2560_16MHz/libArduinoCore.a(HardwareSerial.o)
                0x00800dcf                Serial2
 .bss.Serial3   0x00800dee       0x1f /Users/frehnerp/Documents/eclipse/ws/Arduino/ArduinoCore/2560_16MHz/libArduinoCore.a(HardwareSerial.o)
                0x00800dee                Serial3
 .bss._ZL11INADDR_NONE
                0x00800e0d        0x6 /Users/frehnerp/Documents/eclipse/ws/Arduino/ArduinoCore/2560_16MHz/libArduinoCore.a(IPAddress.o)
 .bss.timer0_overflow_count
                0x00800e13        0x4 /Users/frehnerp/Documents/eclipse/ws/Arduino/ArduinoCore/2560_16MHz/libArduinoCore.a(wiring.o)
                0x00800e13                timer0_overflow_count
 .bss.timer0_millis
                0x00800e17        0x4 /Users/frehnerp/Documents/eclipse/ws/Arduino/ArduinoCore/2560_16MHz/libArduinoCore.a(wiring.o)
                0x00800e17                timer0_millis
 .bss.timer0_fract
                0x00800e1b        0x1 /Users/frehnerp/Documents/eclipse/ws/Arduino/ArduinoCore/2560_16MHz/libArduinoCore.a(wiring.o)
 *(COMMON)
 COMMON         0x00800e1c        0x4 /usr/local/CrossPack-AVR-20100115/lib/gcc/avr/4.3.3/../../../../avr/lib/avr6/libc.a(malloc.o)
                0x00800e1c                __brkval
                0x00800e1e                __flp
                0x00800e20                PROVIDE (__bss_end, .)
                0x0000a75c                __data_load_start = LOADADDR (.data)
                0x0000a9d8                __data_load_end = (__data_load_start + SIZEOF (.data))

.noinit         0x00800e20        0x0
                0x00800e20                PROVIDE (__noinit_start, .)
 *(.noinit*)
                0x00800e20                PROVIDE (__noinit_end, .)
                0x00800e20                _end = .
                0x00800e20                PROVIDE (__heap_start, .)

.eeprom         0x00810000        0x0
 *(.eeprom*)
                0x00810000                __eeprom_end = .

.fuse
 *(.fuse)
 *(.lfuse)
 *(.hfuse)
 *(.efuse)

.lock
 *(.lock*)

.signature
 *(.signature*)

.stab
 *(.stab)

.stabstr
 *(.stabstr)

.stab.excl
 *(.stab.excl)

.stab.exclstr
 *(.stab.exclstr)

.stab.index
 *(.stab.index)

.stab.indexstr
 *(.stab.indexstr)

.comment
 *(.comment)

.debug
 *(.debug)

.line
 *(.line)

.debug_srcinfo
 *(.debug_srcinfo)

.debug_sfnames
 *(.debug_sfnames)

.debug_aranges
 *(.debug_aranges)

.debug_pubnames
 *(.debug_pubnames)

.debug_info
 *(.debug_info)
 *(.gnu.linkonce.wi.*)

.debug_abbrev
 *(.debug_abbrev)

.debug_line
 *(.debug_line)

.debug_frame
 *(.debug_frame)

.debug_str
 *(.debug_str)

.debug_loc
 *(.debug_loc)

.debug_macinfo
 *(.debug_macinfo)
OUTPUT(MegaPS3.elf elf32-avr)
LOAD linker stubs

.debug_ranges

Cross Reference Table

Symbol                                            File
AddressPoolImpl<(unsigned char)16>::AddressPoolImpl() ./main/src/Usb.o
AddressPoolImpl<(unsigned char)16>::AllocAddress(unsigned char, bool, unsigned char) ./main/src/Usb.o
AddressPoolImpl<(unsigned char)16>::FreeAddress(unsigned char) ./main/src/Usb.o
AddressPoolImpl<(unsigned char)16>::FreeAddressByIndex(unsigned char) ./main/src/Usb.o
AddressPoolImpl<(unsigned char)16>::GetUsbDevicePtr(unsigned char) ./main/src/Usb.o
BT                                                ./main/src/PS3BTExample.o
DNSClient::BuildRequest(char const*)              ./arduinolib/src/Dns.o
DNSClient::ProcessResponse(unsigned int, IPAddress&) ./arduinolib/src/Dns.o
DNSClient::begin(IPAddress const&)                ./arduinolib/src/Dns.o
                                                  ./arduinolib/src/EthernetUdp.o
                                                  ./arduinolib/src/EthernetClient.o
DNSClient::getHostByName(char const*, IPAddress&) ./arduinolib/src/Dns.o
                                                  ./arduinolib/src/EthernetUdp.o
                                                  ./arduinolib/src/EthernetClient.o
DNSClient::inet_aton(char const*, IPAddress&)     ./arduinolib/src/Dns.o
DhcpClass::beginWithDHCP(unsigned char*, unsigned long, unsigned long) ./arduinolib/src/Dhcp.o
                                                  ./arduinolib/src/Ethernet.o
DhcpClass::getDhcpServerIp()                      ./arduinolib/src/Dhcp.o
DhcpClass::getDnsServerIp()                       ./arduinolib/src/Dhcp.o
                                                  ./arduinolib/src/Ethernet.o
DhcpClass::getGatewayIp()                         ./arduinolib/src/Dhcp.o
                                                  ./arduinolib/src/Ethernet.o
DhcpClass::getLocalIp()                           ./arduinolib/src/Dhcp.o
                                                  ./arduinolib/src/Ethernet.o
DhcpClass::getSubnetMask()                        ./arduinolib/src/Dhcp.o
                                                  ./arduinolib/src/Ethernet.o
DhcpClass::parseDHCPResponse(unsigned long, unsigned long&) ./arduinolib/src/Dhcp.o
DhcpClass::presend_DHCP()                         ./arduinolib/src/Dhcp.o
DhcpClass::send_DHCP_MESSAGE(unsigned char, unsigned int) ./arduinolib/src/Dhcp.o
EEPROM                                            ./arduinolib/src/EEPROM.o
EEPROMClass::read(int)                            ./arduinolib/src/EEPROM.o
EEPROMClass::write(int, unsigned char)            ./arduinolib/src/EEPROM.o
Ethernet                                          ./arduinolib/src/Ethernet.o
                                                  ./arduinolib/src/EthernetUdp.o
                                                  ./arduinolib/src/EthernetClient.o
EthernetClass::_server_port                       ./arduinolib/src/Ethernet.o
                                                  ./arduinolib/src/EthernetUdp.o
                                                  ./arduinolib/src/EthernetServer.o
                                                  ./arduinolib/src/EthernetClient.o
EthernetClass::_state                             ./arduinolib/src/Ethernet.o
EthernetClass::begin(unsigned char*)              ./arduinolib/src/Ethernet.o
EthernetClass::begin(unsigned char*, IPAddress)   ./arduinolib/src/Ethernet.o
EthernetClass::begin(unsigned char*, IPAddress, IPAddress) ./arduinolib/src/Ethernet.o
EthernetClass::begin(unsigned char*, IPAddress, IPAddress, IPAddress) ./arduinolib/src/Ethernet.o
EthernetClass::begin(unsigned char*, IPAddress, IPAddress, IPAddress, IPAddress) ./arduinolib/src/Ethernet.o
EthernetClass::dnsServerIP()                      ./arduinolib/src/Ethernet.o
                                                  ./arduinolib/src/EthernetUdp.o
                                                  ./arduinolib/src/EthernetClient.o
EthernetClass::gatewayIP()                        ./arduinolib/src/Ethernet.o
EthernetClass::localIP()                          ./arduinolib/src/Ethernet.o
EthernetClass::subnetMask()                       ./arduinolib/src/Ethernet.o
EthernetClient::EthernetClient()                  ./arduinolib/src/EthernetClient.o
EthernetClient::EthernetClient()                  ./arduinolib/src/EthernetClient.o
EthernetClient::EthernetClient(unsigned char)     ./arduinolib/src/EthernetClient.o
EthernetClient::EthernetClient(unsigned char)     ./arduinolib/src/EthernetClient.o
                                                  ./arduinolib/src/EthernetServer.o
EthernetClient::_srcport                          ./arduinolib/src/EthernetClient.o
EthernetClient::available()                       ./arduinolib/src/EthernetClient.o
                                                  ./arduinolib/src/EthernetServer.o
EthernetClient::connect(IPAddress, unsigned int)  ./arduinolib/src/EthernetClient.o
EthernetClient::connect(char const*, unsigned int) ./arduinolib/src/EthernetClient.o
EthernetClient::connected()                       ./arduinolib/src/EthernetClient.o
EthernetClient::flush()                           ./arduinolib/src/EthernetClient.o
EthernetClient::operator bool()                   ./arduinolib/src/EthernetClient.o
EthernetClient::peek()                            ./arduinolib/src/EthernetClient.o
EthernetClient::read()                            ./arduinolib/src/EthernetClient.o
EthernetClient::read(unsigned char*, unsigned int) ./arduinolib/src/EthernetClient.o
EthernetClient::status()                          ./arduinolib/src/EthernetClient.o
                                                  ./arduinolib/src/EthernetServer.o
EthernetClient::stop()                            ./arduinolib/src/EthernetClient.o
                                                  ./arduinolib/src/EthernetServer.o
EthernetClient::write(unsigned char const*, unsigned int) ./arduinolib/src/EthernetClient.o
                                                  ./arduinolib/src/EthernetServer.o
EthernetClient::write(unsigned char)              ./arduinolib/src/EthernetClient.o
EthernetServer::EthernetServer(unsigned int)      ./arduinolib/src/EthernetServer.o
EthernetServer::EthernetServer(unsigned int)      ./arduinolib/src/EthernetServer.o
EthernetServer::accept()                          ./arduinolib/src/EthernetServer.o
EthernetServer::available()                       ./arduinolib/src/EthernetServer.o
EthernetServer::begin()                           ./arduinolib/src/EthernetServer.o
EthernetServer::write(unsigned char const*, unsigned int) ./arduinolib/src/EthernetServer.o
EthernetServer::write(unsigned char)              ./arduinolib/src/EthernetServer.o
EthernetUDP::EthernetUDP()                        ./arduinolib/src/EthernetUdp.o
                                                  ./arduinolib/src/EthernetClient.o
                                                  ./arduinolib/src/Ethernet.o
EthernetUDP::EthernetUDP()                        ./arduinolib/src/EthernetUdp.o
EthernetUDP::available()                          ./arduinolib/src/EthernetUdp.o
                                                  ./arduinolib/src/Dns.o
                                                  ./arduinolib/src/Dhcp.o
EthernetUDP::begin(unsigned int)                  ./arduinolib/src/EthernetUdp.o
                                                  ./arduinolib/src/Dns.o
                                                  ./arduinolib/src/Dhcp.o
EthernetUDP::beginPacket(IPAddress, unsigned int) ./arduinolib/src/EthernetUdp.o
                                                  ./arduinolib/src/Dns.o
                                                  ./arduinolib/src/Dhcp.o
EthernetUDP::beginPacket(char const*, unsigned int) ./arduinolib/src/EthernetUdp.o
EthernetUDP::endPacket()                          ./arduinolib/src/EthernetUdp.o
                                                  ./arduinolib/src/Dns.o
                                                  ./arduinolib/src/Dhcp.o
EthernetUDP::flush()                              ./arduinolib/src/EthernetUdp.o
                                                  ./arduinolib/src/Dns.o
                                                  ./arduinolib/src/Dhcp.o
EthernetUDP::parsePacket()                        ./arduinolib/src/EthernetUdp.o
                                                  ./arduinolib/src/Dns.o
                                                  ./arduinolib/src/Dhcp.o
EthernetUDP::peek()                               ./arduinolib/src/EthernetUdp.o
EthernetUDP::read()                               ./arduinolib/src/EthernetUdp.o
                                                  ./arduinolib/src/Dns.o
                                                  ./arduinolib/src/Dhcp.o
EthernetUDP::read(char*, unsigned int)            ./arduinolib/src/EthernetUdp.o
EthernetUDP::read(unsigned char*, unsigned int)   ./arduinolib/src/EthernetUdp.o
                                                  ./arduinolib/src/Dns.o
                                                  ./arduinolib/src/Dhcp.o
EthernetUDP::remoteIP()                           ./arduinolib/src/EthernetUdp.o
EthernetUDP::remotePort()                         ./arduinolib/src/EthernetUdp.o
EthernetUDP::stop()                               ./arduinolib/src/EthernetUdp.o
                                                  ./arduinolib/src/Dns.o
                                                  ./arduinolib/src/Dhcp.o
EthernetUDP::write(unsigned char const*, unsigned int) ./arduinolib/src/EthernetUdp.o
                                                  ./arduinolib/src/Dns.o
                                                  ./arduinolib/src/Dhcp.o
EthernetUDP::write(unsigned char)                 ./arduinolib/src/EthernetUdp.o
File::File()                                      ./arduinolib/src/File.o
File::File()                                      ./arduinolib/src/File.o
                                                  ./arduinolib/src/SD.o
File::File(SdFile, char const*)                   ./arduinolib/src/File.o
File::File(SdFile, char const*)                   ./arduinolib/src/File.o
                                                  ./arduinolib/src/SD.o
File::available()                                 ./arduinolib/src/File.o
File::close()                                     ./arduinolib/src/File.o
File::flush()                                     ./arduinolib/src/File.o
File::isDirectory()                               ./arduinolib/src/File.o
                                                  ./arduinolib/src/SD.o
File::name()                                      ./arduinolib/src/File.o
File::openNextFile(unsigned char)                 ./arduinolib/src/SD.o
File::operator bool()                             ./arduinolib/src/File.o
File::peek()                                      ./arduinolib/src/File.o
File::position()                                  ./arduinolib/src/File.o
File::read()                                      ./arduinolib/src/File.o
File::read(void*, unsigned int)                   ./arduinolib/src/File.o
File::rewindDirectory()                           ./arduinolib/src/SD.o
File::seek(unsigned long)                         ./arduinolib/src/File.o
File::size()                                      ./arduinolib/src/File.o
File::write(unsigned char const*, unsigned int)   ./arduinolib/src/File.o
File::write(unsigned char)                        ./arduinolib/src/File.o
File::~File()                                     ./arduinolib/src/File.o
File::~File()                                     ./arduinolib/src/File.o
Firmata                                           ./arduinolib/src/Firmata.o
FirmataClass::FirmataClass(Stream&)               ./arduinolib/src/Firmata.o
FirmataClass::FirmataClass(Stream&)               ./arduinolib/src/Firmata.o
FirmataClass::attach(unsigned char, void (*)())   ./arduinolib/src/Firmata.o
FirmataClass::attach(unsigned char, void (*)(char*)) ./arduinolib/src/Firmata.o
FirmataClass::attach(unsigned char, void (*)(unsigned char, int)) ./arduinolib/src/Firmata.o
FirmataClass::attach(unsigned char, void (*)(unsigned char, unsigned char, unsigned char*)) ./arduinolib/src/Firmata.o
FirmataClass::available()                         ./arduinolib/src/Firmata.o
FirmataClass::begin()                             ./arduinolib/src/Firmata.o
FirmataClass::begin(Stream&)                      ./arduinolib/src/Firmata.o
FirmataClass::begin(long)                         ./arduinolib/src/Firmata.o
FirmataClass::blinkVersion()                      ./arduinolib/src/Firmata.o
FirmataClass::detach(unsigned char)               ./arduinolib/src/Firmata.o
FirmataClass::endSysex()                          ./arduinolib/src/Firmata.o
FirmataClass::pin13strobe(int, int, int)          ./arduinolib/src/Firmata.o
FirmataClass::printFirmwareVersion()              ./arduinolib/src/Firmata.o
FirmataClass::printVersion()                      ./arduinolib/src/Firmata.o
FirmataClass::processInput()                      ./arduinolib/src/Firmata.o
FirmataClass::processSysexMessage()               ./arduinolib/src/Firmata.o
FirmataClass::sendAnalog(unsigned char, int)      ./arduinolib/src/Firmata.o
FirmataClass::sendDigital(unsigned char, int)     ./arduinolib/src/Firmata.o
FirmataClass::sendDigitalPort(unsigned char, int) ./arduinolib/src/Firmata.o
FirmataClass::sendString(char const*)             ./arduinolib/src/Firmata.o
FirmataClass::sendString(unsigned char, char const*) ./arduinolib/src/Firmata.o
FirmataClass::sendSysex(unsigned char, unsigned char, unsigned char*) ./arduinolib/src/Firmata.o
FirmataClass::sendValueAsTwo7bitBytes(int)        ./arduinolib/src/Firmata.o
FirmataClass::setFirmwareNameAndVersion(char const*, unsigned char, unsigned char) ./arduinolib/src/Firmata.o
FirmataClass::startSysex()                        ./arduinolib/src/Firmata.o
FirmataClass::systemReset()                       ./arduinolib/src/Firmata.o
HardwareSerial::HardwareSerial(ring_buffer*, ring_buffer*, unsigned char volatile*, unsigned char volatile*, unsigned char volatile*, unsigned char volatile*, unsigned char volatile*, unsigned char, unsigned char, unsigned char, unsigned char, unsigned char) /Users/frehnerp/Documents/eclipse/ws/Arduino/ArduinoCore/2560_16MHz/libArduinoCore.a(HardwareSerial.o)
HardwareSerial::HardwareSerial(ring_buffer*, ring_buffer*, unsigned char volatile*, unsigned char volatile*, unsigned char volatile*, unsigned char volatile*, unsigned char volatile*, unsigned char, unsigned char, unsigned char, unsigned char, unsigned char) /Users/frehnerp/Documents/eclipse/ws/Arduino/ArduinoCore/2560_16MHz/libArduinoCore.a(HardwareSerial.o)
HardwareSerial::available()                       /Users/frehnerp/Documents/eclipse/ws/Arduino/ArduinoCore/2560_16MHz/libArduinoCore.a(HardwareSerial.o)
                                                  ./redfly/src/RedFly.o
HardwareSerial::begin(unsigned long)              /Users/frehnerp/Documents/eclipse/ws/Arduino/ArduinoCore/2560_16MHz/libArduinoCore.a(HardwareSerial.o)
                                                  ./arduinolib/src/Firmata.o
                                                  ./main/src/PS3BTExample.o
                                                  ./redfly/src/RedFly.o
HardwareSerial::end()                             /Users/frehnerp/Documents/eclipse/ws/Arduino/ArduinoCore/2560_16MHz/libArduinoCore.a(HardwareSerial.o)
HardwareSerial::flush()                           /Users/frehnerp/Documents/eclipse/ws/Arduino/ArduinoCore/2560_16MHz/libArduinoCore.a(HardwareSerial.o)
                                                  ./redfly/src/RedFly.o